2026-06-18 03:05:12.762048: I Start experiment
2026-06-18 03:05:13.211502: I D:\recsys-pipeline\data\processed\hm_head_keep0.06\train.tsv - Loaded
2026-06-18 03:05:13.465512: I Test Fold 0 - Validation Fold 0
2026-06-18 03:11:27.734183: I Statistics	Users:	27491	Items:	14742	Transactions:	132701	Sparsity:	0.999672563378261
2026-06-18 03:19:30.017647: I Training begun for ItemKNN\n
2026-06-18 03:19:30.017647: I Hyperparameters:
2026-06-18 03:19:30.017647: I meta set to namespace(save_recs=True)
2026-06-18 03:19:30.018648: I neighbors set to 40
2026-06-18 03:19:30.018648: I similarity set to cosine
2026-06-18 03:19:30.018648: I Exploration: Test Fold exploration number 1
2026-06-18 03:19:30.018648: I Exploration: Train-Validation Fold exploration number 1
2026-06-18 03:29:51.430462: I 
2026-06-18 03:29:51.445992: I Validation Evaluation results
2026-06-18 03:29:51.461988: I Cut-off: 10
2026-06-18 03:29:51.493005: I Eval Time: 1.1370863914489746
2026-06-18 03:29:51.524986: I Results
2026-06-18 03:29:51.541016: I Precision	0.00035
2026-06-18 03:29:51.556622: I Recall	0.00322
2026-06-18 03:29:51.571632: I nDCG	0.00163
2026-06-18 03:29:51.587603: I MAP	0.00041
2026-06-18 03:29:51.603610: I MRR	0.00122
2026-06-18 03:29:51.635642: I Precision_u1	0.00012
2026-06-18 03:29:51.667160: I Recall_u1	0.00122
2026-06-18 03:29:51.699153: I nDCG_u1	0.00081
2026-06-18 03:29:51.715172: I MAP_u1	0.00021
2026-06-18 03:29:51.731202: I MRR_u1	0.00069
2026-06-18 03:29:53.979727: I 
2026-06-18 03:29:54.011727: I Test Evaluation results
2026-06-18 03:29:54.027824: I Cut-off: 10
2026-06-18 03:29:54.043762: I Eval Time: 2.6128487586975098
2026-06-18 03:29:54.059264: I Results
2026-06-18 03:29:54.075262: I Precision	0.00226
2026-06-18 03:29:54.107281: I Recall	0.00194
2026-06-18 03:29:54.139292: I nDCG	0.00241
2026-06-18 03:29:54.154826: I MAP	0.00243
2026-06-18 03:29:54.185825: I MRR	0.007
2026-06-18 03:29:54.216835: I Precision_u1	0.00172
2026-06-18 03:29:54.232842: I Recall_u1	0.00182
2026-06-18 03:29:54.248405: I nDCG_u1	0.00174
2026-06-18 03:29:54.280400: I MAP_u1	0.00165
2026-06-18 03:29:54.296401: I MRR_u1	0.00452
2026-06-18 03:29:55.928005: I 
2026-06-18 03:29:55.944051: I Validation Evaluation results
2026-06-18 03:29:55.975555: I Cut-off: 20
2026-06-18 03:29:55.990557: I Eval Time: 1.9512922763824463
2026-06-18 03:29:56.006556: I Results
2026-06-18 03:29:56.022556: I Precision	0.00028
2026-06-18 03:29:56.037587: I Recall	0.00518
2026-06-18 03:29:56.053092: I nDCG	0.00213
2026-06-18 03:29:56.084128: I MAP	0.00036
2026-06-18 03:29:56.116091: I MRR	0.00136
2026-06-18 03:29:56.116091: I Precision_u1	0.00018
2026-06-18 03:29:56.131094: I Recall_u1	0.00365
2026-06-18 03:29:56.161741: I nDCG_u1	0.00142
2026-06-18 03:29:56.193737: I MAP_u1	0.00019
2026-06-18 03:29:56.224636: I MRR_u1	0.00086
2026-06-18 03:30:01.351986: I 
2026-06-18 03:30:01.383171: I Test Evaluation results
2026-06-18 03:30:01.399170: I Cut-off: 20
2026-06-18 03:30:01.415171: I Eval Time: 5.4030373096466064
2026-06-18 03:30:01.447190: I Results
2026-06-18 03:30:01.462687: I Precision	0.00188
2026-06-18 03:30:01.494691: I Recall	0.00323
2026-06-18 03:30:01.510688: I nDCG	0.00288
2026-06-18 03:30:01.542694: I MAP	0.00223
2026-06-18 03:30:01.574228: I MRR	0.00797
2026-06-18 03:30:01.621244: I Precision_u1	0.00124
2026-06-18 03:30:01.637228: I Recall_u1	0.00262
2026-06-18 03:30:01.668783: I nDCG_u1	0.00213
2026-06-18 03:30:01.700783: I MAP_u1	0.00156
2026-06-18 03:30:01.731784: I MRR_u1	0.00507
2026-06-18 03:30:06.930436: I 
2026-06-18 03:30:06.945907: I Validation Evaluation results
2026-06-18 03:30:06.961417: I Cut-off: 50
2026-06-18 03:30:06.977417: I Eval Time: 5.572341203689575
2026-06-18 03:30:06.993417: I Results
2026-06-18 03:30:07.009417: I Precision	0.00019
2026-06-18 03:30:07.025418: I Recall	0.00874
2026-06-18 03:30:07.056450: I nDCG	0.00285
2026-06-18 03:30:07.087963: I MAP	0.00028
2026-06-18 03:30:07.118978: I MRR	0.00148
2026-06-18 03:30:07.134962: I Precision_u1	0.00011
2026-06-18 03:30:07.150966: I Recall_u1	0.00547
2026-06-18 03:30:07.166260: I nDCG_u1	0.00177
2026-06-18 03:30:07.182260: I MAP_u1	0.00015
2026-06-18 03:30:07.214260: I MRR_u1	0.00091
2026-06-18 03:30:29.798275: I 
2026-06-18 03:30:29.799273: I Test Evaluation results
2026-06-18 03:30:29.799273: I Cut-off: 50
2026-06-18 03:30:29.800274: I Eval Time: 22.894832372665405
2026-06-18 03:30:29.807272: I Results
2026-06-18 03:30:29.808273: I Precision	0.00135
2026-06-18 03:30:29.809273: I Recall	0.00569
2026-06-18 03:30:29.810275: I nDCG	0.00399
2026-06-18 03:30:29.810275: I MAP	0.00184
2026-06-18 03:30:29.811272: I MRR	0.00882
2026-06-18 03:30:29.811272: I Precision_u1	0.00079
2026-06-18 03:30:29.812271: I Recall_u1	0.00416
2026-06-18 03:30:29.812271: I nDCG_u1	0.00276
2026-06-18 03:30:29.814271: I MAP_u1	0.00116
2026-06-18 03:30:29.816270: I MRR_u1	0.00546
2026-06-18 03:30:32.605141: I Training ended for ItemKNN
2026-06-18 03:30:32.606160: I Loss:\t-0.00035497707439727857
2026-06-18 03:30:32.606160: I Best Model params:\t{'meta': namespace(save_recs=True), 'neighbors': 40, 'similarity': 'cosine', 'name': 'ItemKNN_nn=40_sim=cosine_imp=standard_bin=False_shrink=0_norm=True_asymalpha=_tvalpha=_tvbeta=_rweights='}
2026-06-18 03:30:32.607139: I Best Model results:\t{10: {'Precision': np.float64(0.0022589211014513843), 'Recall': np.float64(0.0019398983596882293), 'nDCG': np.float64(0.002409777091533331), 'MAP': np.float64(0.0024333937860182816), 'MRR': np.float64(0.007003533046601688), 'Precision_u1': np.float64(0.0017200191113234595), 'Recall_u1': np.float64(0.001815931056255949), 'nDCG_u1': np.float64(0.0017424311967845767), 'MAP_u1': np.float64(0.001650152814749088), 'MRR_u1': np.float64(0.004519221289407625)}, 20: {'Precision': np.float64(0.0018769779200465608), 'Recall': np.float64(0.0032302093457423544), 'nDCG': np.float64(0.002884055303533647), 'MAP': np.float64(0.0022342226069662534), 'MRR': np.float64(0.00797256430889639), 'Precision_u1': np.float64(0.0012422360248447205), 'Recall_u1': np.float64(0.0026240740466731867), 'nDCG_u1': np.float64(0.002134721000750434), 'MAP_u1': np.float64(0.001559554019351087), 'MRR_u1': np.float64(0.005073320188831276)}, 50: {'Precision': np.float64(0.0013538976392273837), 'Recall': np.float64(0.00569492376769301), 'nDCG': np.float64(0.003991250459211129), 'MAP': np.float64(0.001835010542868255), 'MRR': np.float64(0.008823452828572631), 'Precision_u1': np.float64(0.0007931199235547062), 'Recall_u1': np.float64(0.004156819973196691), 'nDCG_u1': np.float64(0.002763567581415705), 'MAP_u1': np.float64(0.0011551410538804346), 'MRR_u1': np.float64(0.005457604944507479)}}
2026-06-18 03:30:32.667141: I End experiment
