2026-06-07 01:43:48.069545: I Start experiment
2026-06-07 01:43:48.454103: I D:\recsys-pipeline\data\processed\baby_product_k8_random_keep0.75\train.tsv - Loaded
2026-06-07 01:43:48.645792: I Test Fold 0
2026-06-07 02:02:23.961941: I Statistics	Users:	40481	Items:	14632	Transactions:	294291	Sparsity:	0.9995031537046405
2026-06-07 02:06:01.637739: I Training begun for ItemKNN\n
2026-06-07 02:06:01.637739: I Hyperparameters:
2026-06-07 02:06:01.637739: I meta set to namespace(save_recs=True)
2026-06-07 02:06:01.638739: I neighbors set to 40
2026-06-07 02:06:01.638739: I similarity set to cosine
2026-06-07 02:06:01.638739: I Exploration: Test Fold exploration number 1
2026-06-07 02:06:01.638739: I Exploration: Train-Validation Fold exploration number 1
2026-06-07 02:20:53.109011: I 
2026-06-07 02:20:53.125133: I Test Evaluation results
2026-06-07 02:20:53.157139: I Cut-off: 10
2026-06-07 02:20:53.188652: I Eval Time: 1.7978355884552002
2026-06-07 02:20:53.188652: I Results
2026-06-07 02:20:53.189652: I Precision	0.00149
2026-06-07 02:20:53.204653: I Recall	0.00501
2026-06-07 02:20:53.204653: I nDCG	0.00365
2026-06-07 02:20:53.220653: I MAP	0.0019
2026-06-07 02:20:53.236655: I MRR	0.0054
2026-06-07 02:20:53.252681: I Precision_u1	0.0
2026-06-07 02:20:53.300387: I Recall_u1	0.0
2026-06-07 02:20:53.316403: I nDCG_u1	0.0
2026-06-07 02:20:53.316403: I MAP_u1	0.0
2026-06-07 02:20:53.317392: I MRR_u1	0.0
2026-06-07 02:20:55.700989: I 
2026-06-07 02:20:55.701888: I Test Evaluation results
2026-06-07 02:20:55.701888: I Cut-off: 20
2026-06-07 02:20:55.701888: I Eval Time: 2.613873243331909
2026-06-07 02:20:55.701888: I Results
2026-06-07 02:20:55.702887: I Precision	0.00122
2026-06-07 02:20:55.702887: I Recall	0.00807
2026-06-07 02:20:55.706884: I nDCG	0.00467
2026-06-07 02:20:55.707888: I MAP	0.0016
2026-06-07 02:20:55.707888: I MRR	0.00596
2026-06-07 02:20:55.711889: I Precision_u1	0.0
2026-06-07 02:20:55.715889: I Recall_u1	0.0
2026-06-07 02:20:55.718888: I nDCG_u1	0.0
2026-06-07 02:20:55.718888: I MAP_u1	0.0
2026-06-07 02:20:55.722885: I MRR_u1	0.0
2026-06-07 02:20:59.310811: I Training ended for ItemKNN
2026-06-07 02:20:59.310811: I Loss:\t-0.0014895877078135423
2026-06-07 02:20:59.312813: I Best Model params:\t{'meta': namespace(save_recs=True), 'neighbors': 40, 'similarity': 'cosine', 'name': 'ItemKNN_nn=40_sim=cosine_imp=standard_bin=False_shrink=0_norm=True_asymalpha=_tvalpha=_tvbeta=_rweights='}
2026-06-07 02:20:59.313811: I Best Model results:\t{10: {'Precision': np.float64(0.0014895877078135423), 'Recall': np.float64(0.005009701601661918), 'nDCG': np.float64(0.0036520569056901872), 'MAP': np.float64(0.0018983528623853715), 'MRR': np.float64(0.005403455981504941), 'Precision_u1': np.float64(0.0), 'Recall_u1': np.float64(0.0), 'nDCG_u1': np.float64(0.0), 'MAP_u1': np.float64(0.0), 'MRR_u1': np.float64(0.0)}, 20: {'Precision': np.float64(0.001215384995429955), 'Recall': np.float64(0.008074219315392492), 'nDCG': np.float64(0.004674692268447487), 'MAP': np.float64(0.0015970528303082666), 'MRR': np.float64(0.005955267972806224), 'Precision_u1': np.float64(0.0), 'Recall_u1': np.float64(0.0), 'nDCG_u1': np.float64(0.0), 'MAP_u1': np.float64(0.0), 'MRR_u1': np.float64(0.0)}}
2026-06-07 02:20:59.364818: I End experiment
