2026-06-18 02:42:36.366094: I Start experiment
2026-06-18 02:42:36.759384: I D:\recsys-pipeline\data\processed\hm_head_keep0.04\train.tsv - Loaded
2026-06-18 02:42:36.996742: I Test Fold 0 - Validation Fold 0
2026-06-18 02:46:35.660131: I Statistics	Users:	27491	Items:	14504	Transactions:	82025	Sparsity:	0.9997942840762829
2026-06-18 02:54:30.858209: I Training begun for ItemKNN\n
2026-06-18 02:54:30.858209: I Hyperparameters:
2026-06-18 02:54:30.858209: I meta set to namespace(save_recs=True)
2026-06-18 02:54:30.859212: I neighbors set to 40
2026-06-18 02:54:30.859212: I similarity set to cosine
2026-06-18 02:54:30.859212: I Exploration: Test Fold exploration number 1
2026-06-18 02:54:30.859212: I Exploration: Train-Validation Fold exploration number 1
2026-06-18 03:04:23.325285: I 
2026-06-18 03:04:23.359370: I Validation Evaluation results
2026-06-18 03:04:23.391124: I Cut-off: 10
2026-06-18 03:04:23.422114: I Eval Time: 1.2169482707977295
2026-06-18 03:04:23.438016: I Results
2026-06-18 03:04:23.470021: I Precision	0.00014
2026-06-18 03:04:23.470021: I Recall	0.00136
2026-06-18 03:04:23.501537: I nDCG	0.00072
2026-06-18 03:04:23.533553: I MAP	0.00018
2026-06-18 03:04:23.533553: I MRR	0.00053
2026-06-18 03:04:23.549572: I Precision_u1	0.00012
2026-06-18 03:04:23.581581: I Recall_u1	0.00118
2026-06-18 03:04:23.613054: I nDCG_u1	0.00055
2026-06-18 03:04:23.645058: I MAP_u1	0.00012
2026-06-18 03:04:23.677094: I MRR_u1	0.00037
2026-06-18 03:04:26.275178: I 
2026-06-18 03:04:26.306741: I Test Evaluation results
2026-06-18 03:04:26.338741: I Cut-off: 10
2026-06-18 03:04:26.369741: I Eval Time: 3.0394880771636963
2026-06-18 03:04:26.401273: I Results
2026-06-18 03:04:26.432259: I Precision	0.00119
2026-06-18 03:04:26.448257: I Recall	0.00104
2026-06-18 03:04:26.464260: I nDCG	0.00136
2026-06-18 03:04:26.495835: I MAP	0.00144
2026-06-18 03:04:26.527809: I MRR	0.0042
2026-06-18 03:04:26.559809: I Precision_u1	0.00092
2026-06-18 03:04:26.559809: I Recall_u1	0.00092
2026-06-18 03:04:26.575846: I nDCG_u1	0.00107
2026-06-18 03:04:26.591399: I MAP_u1	0.00112
2026-06-18 03:04:26.607384: I MRR_u1	0.00326
2026-06-18 03:04:28.400683: I 
2026-06-18 03:04:28.432677: I Validation Evaluation results
2026-06-18 03:04:28.463677: I Cut-off: 20
2026-06-18 03:04:28.479682: I Eval Time: 2.1099448204040527
2026-06-18 03:04:28.495242: I Results
2026-06-18 03:04:28.526244: I Precision	0.00012
2026-06-18 03:04:28.558248: I Recall	0.00234
2026-06-18 03:04:28.589766: I nDCG	0.00097
2026-06-18 03:04:28.621465: I MAP	0.00015
2026-06-18 03:04:28.637471: I MRR	0.0006
2026-06-18 03:04:28.669470: I Precision_u1	0.00014
2026-06-18 03:04:28.701188: I Recall_u1	0.00274
2026-06-18 03:04:28.731190: I nDCG_u1	0.00094
2026-06-18 03:04:28.747188: I MAP_u1	0.00012
2026-06-18 03:04:28.779205: I MRR_u1	0.00047
2026-06-18 03:04:34.737457: I 
2026-06-18 03:04:34.753470: I Test Evaluation results
2026-06-18 03:04:34.785563: I Cut-off: 20
2026-06-18 03:04:34.786473: I Eval Time: 6.329183340072632
2026-06-18 03:04:34.786473: I Results
2026-06-18 03:04:34.801573: I Precision	0.001
2026-06-18 03:04:34.817194: I Recall	0.00177
2026-06-18 03:04:34.847725: I nDCG	0.00162
2026-06-18 03:04:34.879169: I MAP	0.00126
2026-06-18 03:04:34.910329: I MRR	0.00474
2026-06-18 03:04:34.941623: I Precision_u1	0.00069
2026-06-18 03:04:34.973625: I Recall_u1	0.0014
2026-06-18 03:04:34.988549: I nDCG_u1	0.00129
2026-06-18 03:04:35.004278: I MAP_u1	0.00096
2026-06-18 03:04:35.020317: I MRR_u1	0.0036
2026-06-18 03:04:40.695829: I 
2026-06-18 03:04:40.711325: I Validation Evaluation results
2026-06-18 03:04:40.726458: I Cut-off: 50
2026-06-18 03:04:40.758454: I Eval Time: 5.949243068695068
2026-06-18 03:04:40.774459: I Results
2026-06-18 03:04:40.805391: I Precision	8e-05
2026-06-18 03:04:40.836158: I Recall	0.00411
2026-06-18 03:04:40.836158: I nDCG	0.00132
2026-06-18 03:04:40.836158: I MAP	0.00012
2026-06-18 03:04:40.852133: I MRR	0.00065
2026-06-18 03:04:40.868083: I Precision_u1	0.0001
2026-06-18 03:04:40.899441: I Recall_u1	0.00509
2026-06-18 03:04:40.931153: I nDCG_u1	0.00139
2026-06-18 03:04:40.962428: I MAP_u1	0.00012
2026-06-18 03:04:40.978415: I MRR_u1	0.00053
2026-06-18 03:05:07.636244: I 
2026-06-18 03:05:07.636244: I Test Evaluation results
2026-06-18 03:05:07.636244: I Cut-off: 50
2026-06-18 03:05:07.637240: I Eval Time: 26.964545249938965
2026-06-18 03:05:07.637240: I Results
2026-06-18 03:05:07.637240: I Precision	0.00075
2026-06-18 03:05:07.638240: I Recall	0.00329
2026-06-18 03:05:07.638240: I nDCG	0.00229
2026-06-18 03:05:07.639240: I MAP	0.001
2026-06-18 03:05:07.639240: I MRR	0.00524
2026-06-18 03:05:07.639240: I Precision_u1	0.00059
2026-06-18 03:05:07.640241: I Recall_u1	0.00301
2026-06-18 03:05:07.646248: I nDCG_u1	0.00196
2026-06-18 03:05:07.647253: I MAP_u1	0.00074
2026-06-18 03:05:07.647253: I MRR_u1	0.00405
2026-06-18 03:05:10.429671: I Training ended for ItemKNN
2026-06-18 03:05:10.429671: I Loss:\t-0.00013780070081499272
2026-06-18 03:05:10.429671: I Best Model params:\t{'meta': namespace(save_recs=True), 'neighbors': 40, 'similarity': 'cosine', 'name': 'ItemKNN_nn=40_sim=cosine_imp=standard_bin=False_shrink=0_norm=True_asymalpha=_tvalpha=_tvbeta=_rweights='}
2026-06-18 03:05:10.430668: I Best Model results:\t{10: {'Precision': np.float64(0.0011931177476264961), 'Recall': np.float64(0.0010425045553292852), 'nDCG': np.float64(0.0013600895610650795), 'MAP': np.float64(0.0014369695594460062), 'MRR': np.float64(0.0041997150005225374), 'Precision_u1': np.float64(0.0009171762090050028), 'Recall_u1': np.float64(0.0009178781146663631), 'nDCG_u1': np.float64(0.001065750815708223), 'MAP_u1': np.float64(0.0011158370611539037), 'MRR_u1': np.float64(0.0032627804688671836)}, 20: {'Precision': np.float64(0.000998508602815467), 'Recall': np.float64(0.001765228274901125), 'nDCG': np.float64(0.0016209973522092738), 'MAP': np.float64(0.00125976702318743), 'MRR': np.float64(0.004738933495772351), 'Precision_u1': np.float64(0.0006948304613674264), 'Recall_u1': np.float64(0.0014048064452549963), 'nDCG_u1': np.float64(0.0012869370363779616), 'MAP_u1': np.float64(0.0009594048198643093), 'MRR_u1': np.float64(0.0035995127200391303)}, 50: {'Precision': np.float64(0.0007486086355534539), 'Recall': np.float64(0.0032940791377906917), 'nDCG': np.float64(0.0022875839308764676), 'MAP': np.float64(0.000998677476344682), 'MRR': np.float64(0.005238468702302616), 'Precision_u1': np.float64(0.0005947748749305169), 'Recall_u1': np.float64(0.0030086284060552495), 'nDCG_u1': np.float64(0.0019605313829291183), 'MAP_u1': np.float64(0.0007439177775194611), 'MRR_u1': np.float64(0.00404561200073804)}}
2026-06-18 03:05:10.481210: I End experiment
