2026-06-14 11:30:49.804871: I Start experiment
2026-06-14 11:30:50.840566: I D:\recsys-pipeline\data\processed\baby_product_random_keep0.45\train.tsv - Loaded
2026-06-14 11:30:51.634582: I Test Fold 0
2026-06-14 12:42:58.613218: I Statistics	Users:	116013	Items:	12507	Transactions:	310077	Sparsity:	0.9997862974293807
2026-06-14 13:04:27.100462: I Training begun for ItemKNN\n
2026-06-14 13:04:27.100462: I Hyperparameters:
2026-06-14 13:04:27.101459: I meta set to namespace(save_recs=True)
2026-06-14 13:04:27.101459: I neighbors set to 40
2026-06-14 13:04:27.101459: I similarity set to cosine
2026-06-14 13:04:27.101459: I Exploration: Test Fold exploration number 1
2026-06-14 13:04:27.102464: I Exploration: Train-Validation Fold exploration number 1
2026-06-14 13:52:09.268289: I 
2026-06-14 13:52:09.269289: I Test Evaluation results
2026-06-14 13:52:09.283286: I Cut-off: 10
2026-06-14 13:52:09.316295: I Eval Time: 6.2250447273254395
2026-06-14 13:52:09.331302: I Results
2026-06-14 13:52:09.362862: I Precision	0.0005
2026-06-14 13:52:09.378850: I Recall	0.00266
2026-06-14 13:52:09.410863: I nDCG	0.00159
2026-06-14 13:52:09.442848: I MAP	0.0006
2026-06-14 13:52:09.473396: I MRR	0.00174
2026-06-14 13:52:09.489382: I Precision_u1	0.00033
2026-06-14 13:52:09.521399: I Recall_u1	0.00225
2026-06-14 13:52:09.537399: I nDCG_u1	0.00116
2026-06-14 13:52:09.568981: I MAP_u1	0.00035
2026-06-14 13:52:09.599966: I MRR_u1	0.00103
2026-06-14 13:52:18.316122: I 
2026-06-14 13:52:18.330133: I Test Evaluation results
2026-06-14 13:52:18.330133: I Cut-off: 20
2026-06-14 13:52:18.361153: I Eval Time: 9.009829998016357
2026-06-14 13:52:18.392689: I Results
2026-06-14 13:52:18.408687: I Precision	0.00044
2026-06-14 13:52:18.440697: I Recall	0.00465
2026-06-14 13:52:18.472257: I nDCG	0.00218
2026-06-14 13:52:18.487294: I MAP	0.00053
2026-06-14 13:52:18.518262: I MRR	0.00199
2026-06-14 13:52:18.534259: I Precision_u1	0.00027
2026-06-14 13:52:18.549261: I Recall_u1	0.00354
2026-06-14 13:52:18.565273: I nDCG_u1	0.00153
2026-06-14 13:52:18.596852: I MAP_u1	0.00032
2026-06-14 13:52:18.627832: I MRR_u1	0.00117
2026-06-14 13:52:41.412380: I 
2026-06-14 13:52:41.413381: I Test Evaluation results
2026-06-14 13:52:41.413381: I Cut-off: 50
2026-06-14 13:52:41.413381: I Eval Time: 23.05022382736206
2026-06-14 13:52:41.414394: I Results
2026-06-14 13:52:41.415387: I Precision	0.00038
2026-06-14 13:52:41.416378: I Recall	0.00958
2026-06-14 13:52:41.416378: I nDCG	0.00334
2026-06-14 13:52:41.419382: I MAP	0.00045
2026-06-14 13:52:41.420380: I MRR	0.00228
2026-06-14 13:52:41.421381: I Precision_u1	0.00019
2026-06-14 13:52:41.421381: I Recall_u1	0.00647
2026-06-14 13:52:41.425375: I nDCG_u1	0.00217
2026-06-14 13:52:41.426381: I MAP_u1	0.00026
2026-06-14 13:52:41.431381: I MRR_u1	0.00131
2026-06-14 13:52:51.823866: I Training ended for ItemKNN
2026-06-14 13:52:51.823866: I Loss:\t-0.0004990819994310983
2026-06-14 13:52:51.825866: I Best Model params:\t{'meta': namespace(save_recs=True), 'neighbors': 40, 'similarity': 'cosine', 'name': 'ItemKNN_nn=40_sim=cosine_imp=standard_bin=False_shrink=0_norm=True_asymalpha=_tvalpha=_tvbeta=_rweights='}
2026-06-14 13:52:51.825866: I Best Model results:\t{10: {'Precision': np.float64(0.0004990819994310983), 'Recall': np.float64(0.0026620732963987597), 'nDCG': np.float64(0.0015936704056909595), 'MAP': np.float64(0.0006024321439619725), 'MRR': np.float64(0.0017363030880912496), 'Precision_u1': np.float64(0.00033268524519334636), 'Recall_u1': np.float64(0.0022467055519550657), 'nDCG_u1': np.float64(0.0011639588074818844), 'MAP_u1': np.float64(0.0003520524505618478), 'MRR_u1': np.float64(0.0010346950042348616)}, 20: {'Precision': np.float64(0.00044305379569531004), 'Recall': np.float64(0.004650962432225149), 'nDCG': np.float64(0.0021805842305944365), 'MAP': np.float64(0.0005328583264548872), 'MRR': np.float64(0.0019858102905601), 'Precision_u1': np.float64(0.0002678764311946425), 'Recall_u1': np.float64(0.0035428818319291422), 'nDCG_u1': np.float64(0.0015302442384060922), 'MAP_u1': np.float64(0.0003220380360207383), 'MRR_u1': np.float64(0.0011716790526716107)}, 50: {'Precision': np.float64(0.0003796126296190944), 'Recall': np.float64(0.009579777526951234), 'nDCG': np.float64(0.0033413356061034716), 'MAP': np.float64(0.0004546304471676514), 'MRR': np.float64(0.002278809876168181), 'Precision_u1': np.float64(0.00019442644199611146), 'Recall_u1': np.float64(0.006473680420537193), 'nDCG_u1': np.float64(0.002173322885631322), 'MAP_u1': np.float64(0.0002642958248066967), 'MRR_u1': np.float64(0.001308176517858726)}}
2026-06-14 13:52:51.973416: I End experiment
