2026-06-21 02:48:11.073854: I Start experiment
2026-06-21 02:48:11.318761: I D:\recsys-pipeline\data\processed\amazon_random_keep0.3\train.tsv - Loaded
2026-06-21 02:48:11.474812: I Test Fold 0
2026-06-21 02:55:00.941288: I Statistics	Users:	25583	Items:	21632	Transactions:	153089	Sparsity:	0.9997233721883777
2026-06-21 02:56:51.462737: I Training begun for ItemKNN\n
2026-06-21 02:56:51.462737: I Hyperparameters:
2026-06-21 02:56:51.463738: I meta set to namespace(save_recs=True)
2026-06-21 02:56:51.463738: I neighbors set to 40
2026-06-21 02:56:51.463738: I similarity set to cosine
2026-06-21 02:56:51.463738: I Exploration: Test Fold exploration number 1
2026-06-21 02:56:51.464732: I Exploration: Train-Validation Fold exploration number 1
2026-06-21 03:13:07.402684: I 
2026-06-21 03:13:07.418704: I Test Evaluation results
2026-06-21 03:13:07.450747: I Cut-off: 10
2026-06-21 03:13:07.466746: I Eval Time: 1.1855368614196777
2026-06-21 03:13:07.498747: I Results
2026-06-21 03:13:07.530751: I Precision	0.0006
2026-06-21 03:13:07.562050: I Recall	0.00169
2026-06-21 03:13:07.573050: I nDCG	0.0011
2026-06-21 03:13:07.594050: I MAP	0.00058
2026-06-21 03:13:07.626058: I MRR	0.00168
2026-06-21 03:13:07.641554: I Precision_u1	0.00024
2026-06-21 03:13:07.641554: I Recall_u1	0.00095
2026-06-21 03:13:07.657554: I nDCG_u1	0.0008
2026-06-21 03:13:07.689554: I MAP_u1	0.00036
2026-06-21 03:13:07.721600: I MRR_u1	0.00116
2026-06-21 03:13:09.303750: I 
2026-06-21 03:13:09.319777: I Test Evaluation results
2026-06-21 03:13:09.335274: I Cut-off: 20
2026-06-21 03:13:09.351274: I Eval Time: 1.8920376300811768
2026-06-21 03:13:09.383274: I Results
2026-06-21 03:13:09.399275: I Precision	0.00057
2026-06-21 03:13:09.431301: I Recall	0.0033
2026-06-21 03:13:09.463359: I nDCG	0.00164
2026-06-21 03:13:09.495360: I MAP	0.00058
2026-06-21 03:13:09.527366: I MRR	0.00204
2026-06-21 03:13:09.542965: I Precision_u1	0.00037
2026-06-21 03:13:09.558965: I Recall_u1	0.00311
2026-06-21 03:13:09.589965: I nDCG_u1	0.00149
2026-06-21 03:13:09.621955: I MAP_u1	0.00035
2026-06-21 03:13:09.653473: I MRR_u1	0.0015
2026-06-21 03:13:14.332175: I 
2026-06-21 03:13:14.332175: I Test Evaluation results
2026-06-21 03:13:14.332175: I Cut-off: 50
2026-06-21 03:13:14.333086: I Eval Time: 5.044439077377319
2026-06-21 03:13:14.333086: I Results
2026-06-21 03:13:14.333086: I Precision	0.00052
2026-06-21 03:13:14.333086: I Recall	0.0078
2026-06-21 03:13:14.333086: I nDCG	0.00285
2026-06-21 03:13:14.333086: I MAP	0.00055
2026-06-21 03:13:14.333086: I MRR	0.00244
2026-06-21 03:13:14.333086: I Precision_u1	0.00036
2026-06-21 03:13:14.333086: I Recall_u1	0.00798
2026-06-21 03:13:14.333086: I nDCG_u1	0.00267
2026-06-21 03:13:14.333086: I MAP_u1	0.00034
2026-06-21 03:13:14.333086: I MRR_u1	0.00179
2026-06-21 03:13:16.709369: I Training ended for ItemKNN
2026-06-21 03:13:16.709369: I Loss:\t-0.0006019622405503656
2026-06-21 03:13:16.711372: I Best Model params:\t{'meta': namespace(save_recs=True), 'neighbors': 40, 'similarity': 'cosine', 'name': 'ItemKNN_nn=40_sim=cosine_imp=standard_bin=False_shrink=0_norm=True_asymalpha=_tvalpha=_tvbeta=_rweights='}
2026-06-21 03:13:16.711372: I Best Model results:\t{10: {'Precision': np.float64(0.0006019622405503656), 'Recall': np.float64(0.001694749881241539), 'nDCG': np.float64(0.0011009389422292236), 'MAP': np.float64(0.0005828647371859661), 'MRR': np.float64(0.0016809742828974353), 'Precision_u1': np.float64(0.00024350649350649353), 'Recall_u1': np.float64(0.0009469696969696969), 'nDCG_u1': np.float64(0.0007982455594231205), 'MAP_u1': np.float64(0.0003618454957740672), 'MRR_u1': np.float64(0.0011634199134199134)}, 20: {'Precision': np.float64(0.0005726458976664192), 'Recall': np.float64(0.003297421987346547), 'nDCG': np.float64(0.001636553920399604), 'MAP': np.float64(0.0005812890222537738), 'MRR': np.float64(0.002035183131891787), 'Precision_u1': np.float64(0.0003652597402597403), 'Recall_u1': np.float64(0.003111471861471861), 'nDCG_u1': np.float64(0.0014941964925326732), 'MAP_u1': np.float64(0.0003525782387003161), 'MRR_u1': np.float64(0.001499766573295985)}, 50: {'Precision': np.float64(0.0005198764804753156), 'Recall': np.float64(0.007802612755495502), 'nDCG': np.float64(0.002848496354664315), 'MAP': np.float64(0.0005494430034943393), 'MRR': np.float64(0.002443143193816634), 'Precision_u1': np.float64(0.00035714285714285714), 'Recall_u1': np.float64(0.00798160173160173), 'nDCG_u1': np.float64(0.0026666863020349883), 'MAP_u1': np.float64(0.0003424434356780789), 'MRR_u1': np.float64(0.0017931581217002432)}}
2026-06-21 03:13:16.766948: I End experiment
2026-06-21 03:13:18.948010: I Start experiment
2026-06-21 03:13:19.163760: I D:\recsys-pipeline\data\processed\amazon_random_keep0.3\train.tsv - Loaded
2026-06-21 03:13:32.221286: I Test Fold 0
2026-06-21 03:16:57.597906: W WARNING: Your Python version is lower than 3.8. Consequently, Custom class objects created in Side Information Namespace will be created swallowly!!!!
2026-06-21 03:20:57.686386: I Statistics	Users:	25583	Items:	21629	Transactions:	153079	Sparsity:	0.9997233518916065
2026-06-21 03:22:47.807459: I Training begun for VSM\n
2026-06-21 03:22:47.807459: I Hyperparameters:
2026-06-21 03:22:47.808459: I meta set to namespace(save_recs=True)
2026-06-21 03:22:47.808459: I similarity set to cosine
2026-06-21 03:22:47.841446: I Exploration: Test Fold exploration number 1
2026-06-21 03:22:47.873449: I Exploration: Train-Validation Fold exploration number 1
2026-06-21 03:49:37.208785: I 
2026-06-21 03:49:37.224771: I Test Evaluation results
2026-06-21 03:49:37.240775: I Cut-off: 10
2026-06-21 03:49:37.256772: I Eval Time: 1.155869483947754
2026-06-21 03:49:37.256772: I Results
2026-06-21 03:49:37.287291: I Precision	0.00289
2026-06-21 03:49:37.318291: I Recall	0.01016
2026-06-21 03:49:37.334305: I nDCG	0.00713
2026-06-21 03:49:37.365333: I MAP	0.00352
2026-06-21 03:49:37.380849: I MRR	0.01031
2026-06-21 03:49:37.396849: I Precision_u1	0.00179
2026-06-21 03:49:37.428853: I Recall_u1	0.00832
2026-06-21 03:49:37.460850: I nDCG_u1	0.00533
2026-06-21 03:49:37.492444: I MAP_u1	0.00222
2026-06-21 03:49:37.508444: I MRR_u1	0.0065
2026-06-21 03:49:39.090439: I 
2026-06-21 03:49:39.106336: I Test Evaluation results
2026-06-21 03:49:39.122338: I Cut-off: 20
2026-06-21 03:49:39.138335: I Eval Time: 1.87601900100708
2026-06-21 03:49:39.138335: I Results
2026-06-21 03:49:39.169344: I Precision	0.00241
2026-06-21 03:49:39.184862: I Recall	0.01675
2026-06-21 03:49:39.216862: I nDCG	0.00936
2026-06-21 03:49:39.216862: I MAP	0.00306
2026-06-21 03:49:39.232862: I MRR	0.01154
2026-06-21 03:49:39.280403: I Precision_u1	0.00138
2026-06-21 03:49:39.296418: I Recall_u1	0.01319
2026-06-21 03:49:39.311419: I nDCG_u1	0.00685
2026-06-21 03:49:39.327419: I MAP_u1	0.00189
2026-06-21 03:49:39.358404: I MRR_u1	0.00718
2026-06-21 03:49:44.029423: I 
2026-06-21 03:49:44.030421: I Test Evaluation results
2026-06-21 03:49:44.030421: I Cut-off: 50
2026-06-21 03:49:44.030421: I Eval Time: 4.955622911453247
2026-06-21 03:49:44.030421: I Results
2026-06-21 03:49:44.030421: I Precision	0.00177
2026-06-21 03:49:44.031422: I Recall	0.03003
2026-06-21 03:49:44.034421: I nDCG	0.01296
2026-06-21 03:49:44.035422: I MAP	0.00244
2026-06-21 03:49:44.035422: I MRR	0.01265
2026-06-21 03:49:44.035422: I Precision_u1	0.00094
2026-06-21 03:49:44.036420: I Recall_u1	0.02232
2026-06-21 03:49:44.039421: I nDCG_u1	0.00911
2026-06-21 03:49:44.040422: I MAP_u1	0.00144
2026-06-21 03:49:44.041422: I MRR_u1	0.00775
2026-06-21 03:49:47.747162: I Training ended for VSM
2026-06-21 03:49:47.748164: I Loss:\t-0.0028886369854981826
2026-06-21 03:49:47.750164: I Best Model params:\t{'meta': namespace(save_recs=True), 'similarity': 'cosine', 'name': 'VSM_sim=cosine_up=tfidf_ip=tfidf_load=ItemAttributes'}
2026-06-21 03:49:47.750164: I Best Model results:\t{10: {'Precision': np.float64(0.0028886369854981826), 'Recall': np.float64(0.010160364910590563), 'nDCG': np.float64(0.00712667869833209), 'MAP': np.float64(0.00351514894873766), 'MRR': np.float64(0.0103103406341885), 'Precision_u1': np.float64(0.0017857142857142859), 'Recall_u1': np.float64(0.008319805194805194), 'nDCG_u1': np.float64(0.005334324533130109), 'MAP_u1': np.float64(0.0022175517934446506), 'MRR_u1': np.float64(0.00650316944959802)}, 20: {'Precision': np.float64(0.0024137122307782513), 'Recall': np.float64(0.01674791573575869), 'nDCG': np.float64(0.009360701349096808), 'MAP': np.float64(0.003056843943330065), 'MRR': np.float64(0.011542401797493614), 'Precision_u1': np.float64(0.0013798701298701301), 'Recall_u1': np.float64(0.013189935064935064), 'nDCG_u1': np.float64(0.006845167602271252), 'MAP_u1': np.float64(0.0018898284243920854), 'MRR_u1': np.float64(0.0071774856504373315)}, 50: {'Precision': np.float64(0.001770707110190361), 'Recall': np.float64(0.03003411182516491), 'nDCG': np.float64(0.012960765934383455), 'MAP': np.float64(0.002438052792874487), 'MRR': np.float64(0.012653633002325786), 'Precision_u1': np.float64(0.0009415584415584417), 'Recall_u1': np.float64(0.022321428571428572), 'nDCG_u1': np.float64(0.009112339206850121), 'MAP_u1': np.float64(0.0014359632046264535), 'MRR_u1': np.float64(0.007752131716084704)}}
2026-06-21 03:49:48.244493: I End experiment
