2026-06-07 13:00:32.032789: I Start experiment
2026-06-07 13:00:32.351130: I D:\recsys-pipeline\data\processed\baby_product_k8_tail_keep0.6\train.tsv - Loaded
2026-06-07 13:00:32.494435: I Test Fold 0
2026-06-07 13:19:32.548088: I Statistics	Users:	40481	Items:	9368	Transactions:	235433	Sparsity:	0.9993791749641813
2026-06-07 13:23:25.673246: I Training begun for ItemKNN\n
2026-06-07 13:23:25.674249: I Hyperparameters:
2026-06-07 13:23:25.674249: I meta set to namespace(save_recs=True)
2026-06-07 13:23:25.674249: I neighbors set to 40
2026-06-07 13:23:25.674249: I similarity set to cosine
2026-06-07 13:23:25.675245: I Exploration: Test Fold exploration number 1
2026-06-07 13:23:25.675245: I Exploration: Train-Validation Fold exploration number 1
2026-06-07 13:31:11.210333: I 
2026-06-07 13:31:11.241840: I Test Evaluation results
2026-06-07 13:31:11.273855: I Cut-off: 10
2026-06-07 13:31:11.273855: I Eval Time: 1.8865022659301758
2026-06-07 13:31:11.289855: I Results
2026-06-07 13:31:11.321364: I Precision	0.00285
2026-06-07 13:31:11.353367: I Recall	0.00929
2026-06-07 13:31:11.369379: I nDCG	0.00732
2026-06-07 13:31:11.385365: I MAP	0.00403
2026-06-07 13:31:11.401373: I MRR	0.01152
2026-06-07 13:31:11.432890: I Precision_u1	0.00052
2026-06-07 13:31:11.463891: I Recall_u1	0.00226
2026-06-07 13:31:11.511895: I nDCG_u1	0.00126
2026-06-07 13:31:11.511895: I MAP_u1	0.00044
2026-06-07 13:31:11.527425: I MRR_u1	0.00157
2026-06-07 13:31:13.926174: I 
2026-06-07 13:31:13.926174: I Test Evaluation results
2026-06-07 13:31:13.927174: I Cut-off: 20
2026-06-07 13:31:13.928174: I Eval Time: 2.732992649078369
2026-06-07 13:31:13.928174: I Results
2026-06-07 13:31:13.930216: I Precision	0.00206
2026-06-07 13:31:13.931174: I Recall	0.01368
2026-06-07 13:31:13.932175: I nDCG	0.00873
2026-06-07 13:31:13.934176: I MAP	0.00319
2026-06-07 13:31:13.936174: I MRR	0.01228
2026-06-07 13:31:13.936174: I Precision_u1	0.00031
2026-06-07 13:31:13.937172: I Recall_u1	0.00278
2026-06-07 13:31:13.938172: I nDCG_u1	0.00142
2026-06-07 13:31:13.940172: I MAP_u1	0.00042
2026-06-07 13:31:13.940172: I MRR_u1	0.00165
2026-06-07 13:31:17.366645: I Training ended for ItemKNN
2026-06-07 13:31:17.368645: I Loss:\t-0.0028457795014945283
2026-06-07 13:31:17.368645: I Best Model params:\t{'meta': namespace(save_recs=True), 'neighbors': 40, 'similarity': 'cosine', 'name': 'ItemKNN_nn=40_sim=cosine_imp=standard_bin=False_shrink=0_norm=True_asymalpha=_tvalpha=_tvbeta=_rweights='}
2026-06-07 13:31:17.368645: I Best Model results:\t{10: {'Precision': np.float64(0.0028457795014945283), 'Recall': np.float64(0.009285142052376388), 'nDCG': np.float64(0.007321785848004759), 'MAP': np.float64(0.004034803903693013), 'MRR': np.float64(0.011515396405838835), 'Precision_u1': np.float64(0.0005208333333333333), 'Recall_u1': np.float64(0.0022569444444444442), 'nDCG_u1': np.float64(0.0012551664798394818), 'MAP_u1': np.float64(0.00044308035714285716), 'MRR_u1': np.float64(0.0015724206349206349)}, 20: {'Precision': np.float64(0.0020614609322892226), 'Recall': np.float64(0.01367938778920989), 'nDCG': np.float64(0.008734819725396145), 'MAP': np.float64(0.003187102944781278), 'MRR': np.float64(0.01227856652915024), 'Precision_u1': np.float64(0.00031250000000000006), 'Recall_u1': np.float64(0.0027777777777777775), 'nDCG_u1': np.float64(0.0014186455885664923), 'MAP_u1': np.float64(0.0004174497055447133), 'MRR_u1': np.float64(0.001646825396825397)}}
2026-06-07 13:31:17.409457: I End experiment
