2026-06-07 01:10:20.356808: I Start experiment
2026-06-07 01:10:20.702868: I D:\recsys-pipeline\data\processed\baby_product_k8_random_keep0.6\train.tsv - Loaded
2026-06-07 01:10:20.871917: I Test Fold 0
2026-06-07 01:25:06.185587: I Statistics	Users:	40481	Items:	14583	Transactions:	235433	Sparsity:	0.9996011870715525
2026-06-07 01:28:44.593656: I Training begun for ItemKNN\n
2026-06-07 01:28:44.593656: I Hyperparameters:
2026-06-07 01:28:44.594656: I meta set to namespace(save_recs=True)
2026-06-07 01:28:44.594656: I neighbors set to 40
2026-06-07 01:28:44.594656: I similarity set to cosine
2026-06-07 01:28:44.595655: I Exploration: Test Fold exploration number 1
2026-06-07 01:28:44.595655: I Exploration: Train-Validation Fold exploration number 1
2026-06-07 01:43:39.697460: I 
2026-06-07 01:43:39.728886: I Test Evaluation results
2026-06-07 01:43:39.744868: I Cut-off: 10
2026-06-07 01:43:39.776470: I Eval Time: 1.7873096466064453
2026-06-07 01:43:39.808455: I Results
2026-06-07 01:43:39.839470: I Precision	0.0008
2026-06-07 01:43:39.871462: I Recall	0.00259
2026-06-07 01:43:39.902991: I nDCG	0.00186
2026-06-07 01:43:39.950976: I MAP	0.00098
2026-06-07 01:43:39.981492: I MRR	0.00282
2026-06-07 01:43:40.013507: I Precision_u1	0.00035
2026-06-07 01:43:40.029492: I Recall_u1	0.00089
2026-06-07 01:43:40.045492: I nDCG_u1	0.0004
2026-06-07 01:43:40.077032: I MAP_u1	4e-05
2026-06-07 01:43:40.093031: I MRR_u1	0.00035
2026-06-07 01:43:42.378655: I 
2026-06-07 01:43:42.378655: I Test Evaluation results
2026-06-07 01:43:42.378655: I Cut-off: 20
2026-06-07 01:43:42.378655: I Eval Time: 2.703251838684082
2026-06-07 01:43:42.378655: I Results
2026-06-07 01:43:42.379597: I Precision	0.00073
2026-06-07 01:43:42.379597: I Recall	0.00472
2026-06-07 01:43:42.380597: I nDCG	0.00257
2026-06-07 01:43:42.392598: I MAP	0.00086
2026-06-07 01:43:42.392598: I MRR	0.00322
2026-06-07 01:43:42.396595: I Precision_u1	0.00035
2026-06-07 01:43:42.396595: I Recall_u1	0.00266
2026-06-07 01:43:42.400598: I nDCG_u1	0.0009
2026-06-07 01:43:42.401597: I MAP_u1	0.00015
2026-06-07 01:43:42.401597: I MRR_u1	0.00053
2026-06-07 01:43:45.898411: I Training ended for ItemKNN
2026-06-07 01:43:45.900412: I Loss:\t-0.0008003754847953362
2026-06-07 01:43:45.900412: I Best Model params:\t{'meta': namespace(save_recs=True), 'neighbors': 40, 'similarity': 'cosine', 'name': 'ItemKNN_nn=40_sim=cosine_imp=standard_bin=False_shrink=0_norm=True_asymalpha=_tvalpha=_tvbeta=_rweights='}
2026-06-07 01:43:45.900412: I Best Model results:\t{10: {'Precision': np.float64(0.0008003754847953362), 'Recall': np.float64(0.0025914765797282113), 'nDCG': np.float64(0.0018575676636200917), 'MAP': np.float64(0.0009799737521384714), 'MRR': np.float64(0.0028173613096169354), 'Precision_u1': np.float64(0.0003546099290780142), 'Recall_u1': np.float64(0.0008865248226950354), 'nDCG_u1': np.float64(0.00040016007570544413), 'MAP_u1': np.float64(3.546099290780142e-05), 'MRR_u1': np.float64(0.0003546099290780142)}, 20: {'Precision': np.float64(0.0007312072330228998), 'Recall': np.float64(0.0047162226061210795), 'nDCG': np.float64(0.0025725788532964984), 'MAP': np.float64(0.0008632389573354174), 'MRR': np.float64(0.003219721037110696), 'Precision_u1': np.float64(0.0003546099290780142), 'Recall_u1': np.float64(0.0026595744680851063), 'nDCG_u1': np.float64(0.0008951791319634247), 'MAP_u1': np.float64(0.00014517223460557235), 'MRR_u1': np.float64(0.0005319148936170214)}}
2026-06-07 01:43:45.955412: I End experiment
