2026-06-06 15:41:32.640030: I Start experiment
2026-06-06 15:41:33.362515: I D:\recsys-pipeline\data\processed\hm_k20_random_keep0.7\train.tsv - Loaded
2026-06-06 15:41:33.769070: I Test Fold 0
2026-06-06 16:18:04.054424: I Statistics	Users:	34327	Items:	11748	Transactions:	567641	Sparsity:	0.9985924171440176
2026-06-06 16:24:14.592528: I Training begun for ItemKNN\n
2026-06-06 16:24:14.592528: I Hyperparameters:
2026-06-06 16:24:14.593470: I meta set to namespace(save_recs=True)
2026-06-06 16:24:14.593470: I neighbors set to 40
2026-06-06 16:24:14.593470: I similarity set to cosine
2026-06-06 16:24:14.593470: I Exploration: Test Fold exploration number 1
2026-06-06 16:24:14.593470: I Exploration: Train-Validation Fold exploration number 1
2026-06-06 16:34:25.591474: I 
2026-06-06 16:34:25.606473: I Test Evaluation results
2026-06-06 16:34:25.622471: I Cut-off: 10
2026-06-06 16:34:25.638484: I Eval Time: 2.361342668533325
2026-06-06 16:34:25.670006: I Results
2026-06-06 16:34:25.686010: I Precision	0.01933
2026-06-06 16:34:25.718021: I Recall	0.03288
2026-06-06 16:34:25.734011: I nDCG	0.0324
2026-06-06 16:34:25.765531: I MAP	0.02659
2026-06-06 16:34:25.781547: I MRR	0.07222
2026-06-06 16:34:25.797531: I Precision_u1	nan
2026-06-06 16:34:25.813531: I Recall_u1	nan
2026-06-06 16:34:25.829537: I nDCG_u1	nan
2026-06-06 16:34:25.845046: I MAP_u1	nan
2026-06-06 16:34:25.861063: I MRR_u1	nan
2026-06-06 16:34:30.066244: I 
2026-06-06 16:34:30.066244: I Test Evaluation results
2026-06-06 16:34:30.067140: I Cut-off: 20
2026-06-06 16:34:30.067140: I Eval Time: 4.4636640548706055
2026-06-06 16:34:30.067140: I Results
2026-06-06 16:34:30.068139: I Precision	0.01416
2026-06-06 16:34:30.068139: I Recall	0.04755
2026-06-06 16:34:30.069140: I nDCG	0.03884
2026-06-06 16:34:30.069140: I MAP	0.02134
2026-06-06 16:34:30.070140: I MRR	0.0765
2026-06-06 16:34:30.070140: I Precision_u1	nan
2026-06-06 16:34:30.071138: I Recall_u1	nan
2026-06-06 16:34:30.071138: I nDCG_u1	nan
2026-06-06 16:34:30.072140: I MAP_u1	nan
2026-06-06 16:34:30.073138: I MRR_u1	nan
2026-06-06 16:34:33.534650: I Training ended for ItemKNN
2026-06-06 16:34:33.534650: I Loss:\t-0.01932589506802226
2026-06-06 16:34:33.534650: I Best Model params:\t{'meta': namespace(save_recs=True), 'neighbors': 40, 'similarity': 'cosine', 'name': 'ItemKNN_nn=40_sim=cosine_imp=standard_bin=False_shrink=0_norm=True_asymalpha=_tvalpha=_tvbeta=_rweights='}
2026-06-06 16:34:33.534650: I Best Model results:\t{10: {'Precision': np.float64(0.01932589506802226), 'Recall': np.float64(0.03287845790002615), 'nDCG': np.float64(0.03239872899485889), 'MAP': np.float64(0.02659119042301377), 'MRR': np.float64(0.07222379440312846), 'Precision_u1': np.float64(nan), 'Recall_u1': np.float64(nan), 'nDCG_u1': np.float64(nan), 'MAP_u1': np.float64(nan), 'MRR_u1': np.float64(nan)}, 20: {'Precision': np.float64(0.014157951466775426), 'Recall': np.float64(0.04755448888136217), 'nDCG': np.float64(0.038843551490769145), 'MAP': np.float64(0.02133613141063843), 'MRR': np.float64(0.07649773842098598), 'Precision_u1': np.float64(nan), 'Recall_u1': np.float64(nan), 'nDCG_u1': np.float64(nan), 'MAP_u1': np.float64(nan), 'MRR_u1': np.float64(nan)}}
2026-06-06 16:34:33.609207: I End experiment
