2026-06-18 07:59:07.584159: I Start experiment
2026-06-18 07:59:07.965959: I D:\recsys-pipeline\data\processed\hm_tail_keep0.04\train.tsv - Loaded
2026-06-18 07:59:08.217203: I Test Fold 0 - Validation Fold 0
2026-06-18 08:03:08.058259: I Statistics	Users:	27491	Items:	4383	Transactions:	83124	Sparsity:	0.999310134502111
2026-06-18 08:11:04.140792: I Training begun for ItemKNN\n
2026-06-18 08:11:04.140792: I Hyperparameters:
2026-06-18 08:11:04.140792: I meta set to namespace(save_recs=True)
2026-06-18 08:11:04.140792: I neighbors set to 40
2026-06-18 08:11:04.141791: I similarity set to cosine
2026-06-18 08:11:04.141791: I Exploration: Test Fold exploration number 1
2026-06-18 08:11:04.141791: I Exploration: Train-Validation Fold exploration number 1
2026-06-18 08:12:34.733966: I 
2026-06-18 08:12:34.839499: I Validation Evaluation results
2026-06-18 08:12:34.861015: I Cut-off: 10
2026-06-18 08:12:34.893031: I Eval Time: 1.2556049823760986
2026-06-18 08:12:34.893031: I Results
2026-06-18 08:12:34.909034: I Precision	0.03132
2026-06-18 08:12:34.956553: I Recall	0.30843
2026-06-18 08:12:34.972555: I nDCG	0.18485
2026-06-18 08:12:35.004554: I MAP	0.04856
2026-06-18 08:12:35.020556: I MRR	0.14801
2026-06-18 08:12:35.036545: I Precision_u1	0.00167
2026-06-18 08:12:35.052057: I Recall_u1	0.01668
2026-06-18 08:12:35.068074: I nDCG_u1	0.01311
2026-06-18 08:12:35.100057: I MAP_u1	0.00364
2026-06-18 08:12:35.131066: I MRR_u1	0.01205
2026-06-18 08:12:37.916061: I 
2026-06-18 08:12:37.932061: I Test Evaluation results
2026-06-18 08:12:37.947581: I Cut-off: 10
2026-06-18 08:12:37.963582: I Eval Time: 3.172086715698242
2026-06-18 08:12:37.995599: I Results
2026-06-18 08:12:38.011582: I Precision	0.00866
2026-06-18 08:12:38.027583: I Recall	0.0077
2026-06-18 08:12:38.058163: I nDCG	0.01008
2026-06-18 08:12:38.090211: I MAP	0.01079
2026-06-18 08:12:38.137172: I MRR	0.02946
2026-06-18 08:12:38.168690: I Precision_u1	0.0004
2026-06-18 08:12:38.184690: I Recall_u1	0.00041
2026-06-18 08:12:38.200690: I nDCG_u1	0.00043
2026-06-18 08:12:38.216690: I MAP_u1	0.00041
2026-06-18 08:12:38.232696: I MRR_u1	0.00116
2026-06-18 08:12:40.020395: I 
2026-06-18 08:12:40.051961: I Validation Evaluation results
2026-06-18 08:12:40.067946: I Cut-off: 20
2026-06-18 08:12:40.099966: I Eval Time: 2.0873329639434814
2026-06-18 08:12:40.131987: I Results
2026-06-18 08:12:40.163534: I Precision	0.02295
2026-06-18 08:12:40.195534: I Recall	0.45172
2026-06-18 08:12:40.227551: I nDCG	0.22097
2026-06-18 08:12:40.257757: I MAP	0.03729
2026-06-18 08:12:40.290270: I MRR	0.15774
2026-06-18 08:12:40.322285: I Precision_u1	0.00107
2026-06-18 08:12:40.322285: I Recall_u1	0.0213
2026-06-18 08:12:40.352493: I nDCG_u1	0.01431
2026-06-18 08:12:40.384547: I MAP_u1	0.00248
2026-06-18 08:12:40.416542: I MRR_u1	0.01239
2026-06-18 08:12:46.772553: I 
2026-06-18 08:12:46.788553: I Test Evaluation results
2026-06-18 08:12:46.820568: I Cut-off: 20
2026-06-18 08:12:46.852559: I Eval Time: 6.751643419265747
2026-06-18 08:12:46.868088: I Results
2026-06-18 08:12:46.900103: I Precision	0.00675
2026-06-18 08:12:46.931090: I Recall	0.01197
2026-06-18 08:12:46.947092: I nDCG	0.01153
2026-06-18 08:12:46.978649: I MAP	0.00914
2026-06-18 08:12:46.993666: I MRR	0.03208
2026-06-18 08:12:47.024649: I Precision_u1	0.00034
2026-06-18 08:12:47.055655: I Recall_u1	0.00068
2026-06-18 08:12:47.071238: I nDCG_u1	0.00056
2026-06-18 08:12:47.087221: I MAP_u1	0.00037
2026-06-18 08:12:47.103220: I MRR_u1	0.00131
2026-06-18 08:12:52.515660: I 
2026-06-18 08:12:52.547641: I Validation Evaluation results
2026-06-18 08:12:52.578789: I Cut-off: 50
2026-06-18 08:12:52.578789: I Eval Time: 5.7366042137146
2026-06-18 08:12:52.594788: I Results
2026-06-18 08:12:52.626788: I Precision	0.01456
2026-06-18 08:12:52.642788: I Recall	0.71628
2026-06-18 08:12:52.674054: I nDCG	0.27385
2026-06-18 08:12:52.706038: I MAP	0.02573
2026-06-18 08:12:52.738037: I MRR	0.16619
2026-06-18 08:12:52.769581: I Precision_u1	0.00065
2026-06-18 08:12:52.800614: I Recall_u1	0.03256
2026-06-18 08:12:52.831612: I nDCG_u1	0.01656
2026-06-18 08:12:52.846615: I MAP_u1	0.00148
2026-06-18 08:12:52.862622: I MRR_u1	0.01276
2026-06-18 08:13:20.768605: I 
2026-06-18 08:13:20.768605: I Test Evaluation results
2026-06-18 08:13:20.768605: I Cut-off: 50
2026-06-18 08:13:20.769588: I Eval Time: 28.269030809402466
2026-06-18 08:13:20.769588: I Results
2026-06-18 08:13:20.770818: I Precision	0.00469
2026-06-18 08:13:20.773928: I Recall	0.02078
2026-06-18 08:13:20.775831: I nDCG	0.01543
2026-06-18 08:13:20.776872: I MAP	0.007
2026-06-18 08:13:20.779828: I MRR	0.03433
2026-06-18 08:13:20.780832: I Precision_u1	0.00025
2026-06-18 08:13:20.781832: I Recall_u1	0.00126
2026-06-18 08:13:20.781832: I nDCG_u1	0.00081
2026-06-18 08:13:20.782832: I MAP_u1	0.00032
2026-06-18 08:13:20.784829: I MRR_u1	0.00146
2026-06-18 08:13:23.528477: I Training ended for ItemKNN
2026-06-18 08:13:23.530476: I Loss:\t-0.03131836499712147
2026-06-18 08:13:23.530476: I Best Model params:\t{'meta': namespace(save_recs=True), 'neighbors': 40, 'similarity': 'cosine', 'name': 'ItemKNN_nn=40_sim=cosine_imp=standard_bin=False_shrink=0_norm=True_asymalpha=_tvalpha=_tvbeta=_rweights='}
2026-06-18 08:13:23.530476: I Best Model results:\t{10: {'Precision': np.float64(0.00865737877850933), 'Recall': np.float64(0.0076996308820134664), 'nDCG': np.float64(0.01007594790756068), 'MAP': np.float64(0.010793274046975259), 'MRR': np.float64(0.029459973336150993), 'Precision_u1': np.float64(0.00040495766351699596), 'Recall_u1': np.float64(0.00041399877852203287), 'nDCG_u1': np.float64(0.0004284367195099803), 'MAP_u1': np.float64(0.0004100951134329463), 'MRR_u1': np.float64(0.0011586288706180716)}, 20: {'Precision': np.float64(0.006753119202648141), 'Recall': np.float64(0.011970897181794822), 'nDCG': np.float64(0.011530977360621622), 'MAP': np.float64(0.009141449627396377), 'MRR': np.float64(0.032084081653489), 'Precision_u1': np.float64(0.0003374647195974966), 'Recall_u1': np.float64(0.0006828439511085523), 'nDCG_u1': np.float64(0.0005586589385200725), 'MAP_u1': np.float64(0.00037403275364318844), 'MRR_u1': np.float64(0.0013088013095753986)}, 50: {'Precision': np.float64(0.004691717289294679), 'Recall': np.float64(0.02077691934160091), 'nDCG': np.float64(0.015425553677391379), 'MAP': np.float64(0.007002827480951148), 'MRR': np.float64(0.034333850281698705), 'Precision_u1': np.float64(0.0002503374647195975), 'Recall_u1': np.float64(0.0012593158379360942), 'nDCG_u1': np.float64(0.0008082128709179983), 'MAP_u1': np.float64(0.00032428488236856145), 'MRR_u1': np.float64(0.001458290789046485)}}
2026-06-18 08:13:23.560939: I End experiment
