2026-06-06 01:32:47.733164: I Start experiment
2026-06-06 01:32:48.032981: I D:\recsys-pipeline\data\processed\hm_k20_tail_keep0.1\train.tsv - Loaded
2026-06-06 01:32:48.140573: I Test Fold 0
2026-06-06 01:41:15.155532: I Statistics	Users:	34327	Items:	7727	Transactions:	81092	Sparsity:	0.9996942747917905
2026-06-06 01:52:30.823278: I Training begun for ItemKNN\n
2026-06-06 01:52:30.824278: I Hyperparameters:
2026-06-06 01:52:30.824278: I meta set to namespace(save_recs=True)
2026-06-06 01:52:30.824278: I neighbors set to 40
2026-06-06 01:52:30.825681: I similarity set to cosine
2026-06-06 01:52:30.826695: I Exploration: Test Fold exploration number 1
2026-06-06 01:52:30.826695: I Exploration: Train-Validation Fold exploration number 1
2026-06-06 02:01:53.354746: I 
2026-06-06 02:01:53.370835: I Test Evaluation results
2026-06-06 02:01:53.402951: I Cut-off: 10
2026-06-06 02:01:53.433587: I Eval Time: 6.524879455566406
2026-06-06 02:01:53.449502: I Results
2026-06-06 02:01:53.465496: I Precision	0.00519
2026-06-06 02:01:53.481606: I Recall	0.00854
2026-06-06 02:01:53.513148: I nDCG	0.01014
2026-06-06 02:01:53.529201: I MAP	0.00905
2026-06-06 02:01:53.560095: I MRR	0.02671
2026-06-06 02:01:53.592086: I Precision_u1	0.00058
2026-06-06 02:01:53.623863: I Recall_u1	0.00105
2026-06-06 02:01:53.655859: I nDCG_u1	0.00088
2026-06-06 02:01:53.671851: I MAP_u1	0.00062
2026-06-06 02:01:53.687849: I MRR_u1	0.0019
2026-06-06 02:02:06.614415: I 
2026-06-06 02:02:06.616415: I Test Evaluation results
2026-06-06 02:02:06.616415: I Cut-off: 20
2026-06-06 02:02:06.617433: I Eval Time: 13.256675720214844
2026-06-06 02:02:06.619436: I Results
2026-06-06 02:02:06.621434: I Precision	0.00319
2026-06-06 02:02:06.622433: I Recall	0.01043
2026-06-06 02:02:06.625432: I nDCG	0.0109
2026-06-06 02:02:06.627436: I MAP	0.00649
2026-06-06 02:02:06.631952: I MRR	0.02744
2026-06-06 02:02:06.635986: I Precision_u1	0.00059
2026-06-06 02:02:06.638978: I Recall_u1	0.00208
2026-06-06 02:02:06.640974: I nDCG_u1	0.00135
2026-06-06 02:02:06.644974: I MAP_u1	0.00063
2026-06-06 02:02:06.648976: I MRR_u1	0.00232
2026-06-06 02:02:14.144377: I Training ended for ItemKNN
2026-06-06 02:02:14.147971: I Loss:\t-0.00518833571241297
2026-06-06 02:02:14.147971: I Best Model params:\t{'meta': namespace(save_recs=True), 'neighbors': 40, 'similarity': 'cosine', 'name': 'ItemKNN_nn=40_sim=cosine_imp=standard_bin=False_shrink=0_norm=True_asymalpha=_tvalpha=_tvbeta=_rweights='}
2026-06-06 02:02:14.148939: I Best Model results:\t{10: {'Precision': np.float64(0.00518833571241297), 'Recall': np.float64(0.008539564066424832), 'nDCG': np.float64(0.010136494115830905), 'MAP': np.float64(0.009053979444197056), 'MRR': np.float64(0.026712347770115708), 'Precision_u1': np.float64(0.0005779840616516334), 'Recall_u1': np.float64(0.0010456737315481515), 'nDCG_u1': np.float64(0.0008821246567561495), 'MAP_u1': np.float64(0.0006210270546026742), 'MRR_u1': np.float64(0.0019005847953216372)}, 20: {'Precision': np.float64(0.00319136539750051), 'Recall': np.float64(0.010429338668832448), 'nDCG': np.float64(0.010899238766660997), 'MAP': np.float64(0.006491486136059801), 'MRR': np.float64(0.027439481356531056), 'Precision_u1': np.float64(0.0005911200630528067), 'Recall_u1': np.float64(0.0020792160909509187), 'nDCG_u1': np.float64(0.0013541216776241992), 'MAP_u1': np.float64(0.0006287294969845196), 'MRR_u1': np.float64(0.00231656882812268)}}
2026-06-06 02:02:14.210946: I End experiment
