2026-06-06 04:03:19.114019: I Start experiment
2026-06-06 04:03:19.843413: I D:\recsys-pipeline\data\processed\hm_k20_tail_keep0.9\train.tsv - Loaded
2026-06-06 04:03:20.108173: I Test Fold 0
2026-06-06 04:41:34.661280: I Statistics	Users:	34327	Items:	9450	Transactions:	729824	Sparsity:	0.9977501659652737
2026-06-06 04:47:34.782344: I Training begun for ItemKNN\n
2026-06-06 04:47:34.782344: I Hyperparameters:
2026-06-06 04:47:34.783345: I meta set to namespace(save_recs=True)
2026-06-06 04:47:34.783345: I neighbors set to 40
2026-06-06 04:47:34.783345: I similarity set to cosine
2026-06-06 04:47:34.783345: I Exploration: Test Fold exploration number 1
2026-06-06 04:47:34.783345: I Exploration: Train-Validation Fold exploration number 1
2026-06-06 04:53:59.094246: I 
2026-06-06 04:53:59.094246: I Test Evaluation results
2026-06-06 04:53:59.125445: I Cut-off: 10
2026-06-06 04:53:59.141427: I Eval Time: 2.487870216369629
2026-06-06 04:53:59.157638: I Results
2026-06-06 04:53:59.188749: I Precision	0.02441
2026-06-06 04:53:59.204213: I Recall	0.04133
2026-06-06 04:53:59.220231: I nDCG	0.04179
2026-06-06 04:53:59.236318: I MAP	0.03461
2026-06-06 04:53:59.267944: I MRR	0.09253
2026-06-06 04:53:59.299195: I Precision_u1	nan
2026-06-06 04:53:59.330706: I Recall_u1	nan
2026-06-06 04:53:59.346756: I nDCG_u1	nan
2026-06-06 04:53:59.378030: I MAP_u1	nan
2026-06-06 04:53:59.394089: I MRR_u1	nan
2026-06-06 04:54:03.584395: I 
2026-06-06 04:54:03.584395: I Test Evaluation results
2026-06-06 04:54:03.585453: I Cut-off: 20
2026-06-06 04:54:03.586395: I Eval Time: 4.491145610809326
2026-06-06 04:54:03.586395: I Results
2026-06-06 04:54:03.586395: I Precision	0.0176
2026-06-06 04:54:03.586395: I Recall	0.05904
2026-06-06 04:54:03.589470: I nDCG	0.04951
2026-06-06 04:54:03.590395: I MAP	0.02739
2026-06-06 04:54:03.592396: I MRR	0.09731
2026-06-06 04:54:03.593415: I Precision_u1	nan
2026-06-06 04:54:03.593415: I Recall_u1	nan
2026-06-06 04:54:03.593415: I nDCG_u1	nan
2026-06-06 04:54:03.593415: I MAP_u1	nan
2026-06-06 04:54:03.594418: I MRR_u1	nan
2026-06-06 04:54:06.955936: I Training ended for ItemKNN
2026-06-06 04:54:06.955936: I Loss:\t-0.024406443907128497
2026-06-06 04:54:06.956924: I Best Model params:\t{'meta': namespace(save_recs=True), 'neighbors': 40, 'similarity': 'cosine', 'name': 'ItemKNN_nn=40_sim=cosine_imp=standard_bin=False_shrink=0_norm=True_asymalpha=_tvalpha=_tvbeta=_rweights='}
2026-06-06 04:54:06.957944: I Best Model results:\t{10: {'Precision': np.float64(0.024406443907128497), 'Recall': np.float64(0.041332333833642855), 'nDCG': np.float64(0.041785267186764785), 'MAP': np.float64(0.03461177766957474), 'MRR': np.float64(0.09253404812075829), 'Precision_u1': np.float64(nan), 'Recall_u1': np.float64(nan), 'nDCG_u1': np.float64(nan), 'MAP_u1': np.float64(nan), 'MRR_u1': np.float64(nan)}, 20: {'Precision': np.float64(0.017598391936376617), 'Recall': np.float64(0.05904447135005097), 'nDCG': np.float64(0.04950574985027713), 'MAP': np.float64(0.027390999254208286), 'MRR': np.float64(0.09730952797162966), 'Precision_u1': np.float64(nan), 'Recall_u1': np.float64(nan), 'nDCG_u1': np.float64(nan), 'MAP_u1': np.float64(nan), 'MRR_u1': np.float64(nan)}}
2026-06-06 04:54:07.019664: I End experiment
