2026-06-20 22:13:56.906988: I Start experiment
2026-06-20 22:13:57.134652: I D:\recsys-pipeline\data\processed\amazon_head_keep0.1\train.tsv - Loaded
2026-06-20 22:14:09.827042: I Test Fold 0
2026-06-20 22:15:11.243880: W WARNING: Your Python version is lower than 3.8. Consequently, Custom class objects created in Side Information Namespace will be created swallowly!!!!
2026-06-20 22:16:49.630297: I Statistics	Users:	25583	Items:	19051	Transactions:	44027	Sparsity:	0.9999096662902629
2026-06-20 22:18:41.834848: I Training begun for VSM\n
2026-06-20 22:18:41.835833: I Hyperparameters:
2026-06-20 22:18:41.835833: I meta set to namespace(save_recs=True)
2026-06-20 22:18:41.835833: I similarity set to cosine
2026-06-20 22:18:41.835833: I Exploration: Test Fold exploration number 1
2026-06-20 22:18:41.854982: I Exploration: Train-Validation Fold exploration number 1
2026-06-21 00:12:17.904624: I Start experiment
2026-06-21 00:12:18.096076: I D:\recsys-pipeline\data\processed\amazon_head_keep0.1\train.tsv - Loaded
2026-06-21 00:12:18.171725: I Test Fold 0
2026-06-21 00:14:25.347653: I Statistics	Users:	25583	Items:	19053	Transactions:	44031	Sparsity:	0.9999096675663659
2026-06-21 00:16:14.881940: I Training begun for ItemKNN\n
2026-06-21 00:16:14.881940: I Hyperparameters:
2026-06-21 00:16:14.882943: I meta set to namespace(save_recs=True)
2026-06-21 00:16:14.882943: I neighbors set to 40
2026-06-21 00:16:14.882943: I similarity set to cosine
2026-06-21 00:16:14.882943: I Exploration: Test Fold exploration number 1
2026-06-21 00:16:14.882943: I Exploration: Train-Validation Fold exploration number 1
2026-06-21 00:30:10.108033: I 
2026-06-21 00:30:10.124041: I Test Evaluation results
2026-06-21 00:30:10.139955: I Cut-off: 10
2026-06-21 00:30:10.171067: I Eval Time: 1.9557793140411377
2026-06-21 00:30:10.202404: I Results
2026-06-21 00:30:10.218408: I Precision	0.00039
2026-06-21 00:30:10.250344: I Recall	0.00116
2026-06-21 00:30:10.265360: I nDCG	0.00083
2026-06-21 00:30:10.281346: I MAP	0.00044
2026-06-21 00:30:10.298357: I MRR	0.00128
2026-06-21 00:30:10.313035: I Precision_u1	0.00027
2026-06-21 00:30:10.344375: I Recall_u1	0.00108
2026-06-21 00:30:10.374818: I nDCG_u1	0.00071
2026-06-21 00:30:10.390915: I MAP_u1	0.00032
2026-06-21 00:30:10.406527: I MRR_u1	0.00095
2026-06-21 00:30:13.153322: I 
2026-06-21 00:30:13.185385: I Test Evaluation results
2026-06-21 00:30:13.185385: I Cut-off: 20
2026-06-21 00:30:13.216308: I Eval Time: 3.036864757537842
2026-06-21 00:30:13.248253: I Results
2026-06-21 00:30:13.279737: I Precision	0.0003
2026-06-21 00:30:13.294950: I Recall	0.0017
2026-06-21 00:30:13.326652: I nDCG	0.00102
2026-06-21 00:30:13.357257: I MAP	0.00038
2026-06-21 00:30:13.373333: I MRR	0.00142
2026-06-21 00:30:13.404494: I Precision_u1	0.0002
2026-06-21 00:30:13.436183: I Recall_u1	0.00159
2026-06-21 00:30:13.452174: I nDCG_u1	0.00089
2026-06-21 00:30:13.483182: I MAP_u1	0.00028
2026-06-21 00:30:13.514997: I MRR_u1	0.00104
2026-06-21 00:30:21.148237: I 
2026-06-21 00:30:21.148237: I Test Evaluation results
2026-06-21 00:30:21.148237: I Cut-off: 50
2026-06-21 00:30:21.149241: I Eval Time: 8.009907960891724
2026-06-21 00:30:21.149241: I Results
2026-06-21 00:30:21.150242: I Precision	0.00023
2026-06-21 00:30:21.158237: I Recall	0.00283
2026-06-21 00:30:21.163236: I nDCG	0.00135
2026-06-21 00:30:21.165242: I MAP	0.0003
2026-06-21 00:30:21.165242: I MRR	0.00157
2026-06-21 00:30:21.166237: I Precision_u1	0.00012
2026-06-21 00:30:21.167232: I Recall_u1	0.00236
2026-06-21 00:30:21.168231: I nDCG_u1	0.00108
2026-06-21 00:30:21.168231: I MAP_u1	0.0002
2026-06-21 00:30:21.169231: I MRR_u1	0.00109
2026-06-21 00:30:23.115868: I Training ended for ItemKNN
2026-06-21 00:30:23.115868: I Loss:\t-0.0003869757260680921
2026-06-21 00:30:23.117973: I Best Model params:\t{'meta': namespace(save_recs=True), 'neighbors': 40, 'similarity': 'cosine', 'name': 'ItemKNN_nn=40_sim=cosine_imp=standard_bin=False_shrink=0_norm=True_asymalpha=_tvalpha=_tvbeta=_rweights='}
2026-06-21 00:30:23.117973: I Best Model results:\t{10: {'Precision': np.float64(0.0003869757260680921), 'Recall': np.float64(0.0011644985389675988), 'nDCG': np.float64(0.0008296331028820011), 'MAP': np.float64(0.00044138934026750155), 'MRR': np.float64(0.001279123227291933), 'Precision_u1': np.float64(0.0002713939253955422), 'Recall_u1': np.float64(0.0010813136895825427), 'nDCG_u1': np.float64(0.000714927880599335), 'MAP_u1': np.float64(0.00032498070637578663), 'MRR_u1': np.float64(0.0009471061396803399)}, 20: {'Precision': np.float64(0.00030293554313411255), 'Recall': np.float64(0.0017027028511027724), 'nDCG': np.float64(0.0010190668902652388), 'MAP': np.float64(0.0003838613131230501), 'MRR': np.float64(0.0014200400965481998), 'Precision_u1': np.float64(0.00020498902875620744), 'Recall_u1': np.float64(0.0015933050665698776), 'nDCG_u1': np.float64(0.0008863513301996191), 'MAP_u1': np.float64(0.0002753734185161051), 'MRR_u1': np.float64(0.0010388803210955898)}, 50: {'Precision': np.float64(0.00022671305163585195), 'Recall': np.float64(0.002827452989738154), 'nDCG': np.float64(0.0013522465537084355), 'MAP': np.float64(0.0003044941500635426), 'MRR': np.float64(0.0015660489313785895), 'Precision_u1': np.float64(0.00012126111560226355), 'Recall_u1': np.float64(0.002359596492868233), 'nDCG_u1': np.float64(0.001077186137110152), 'MAP_u1': np.float64(0.00019565825306232918), 'MRR_u1': np.float64(0.0010919057676631843)}}
2026-06-21 00:30:23.167230: I End experiment
2026-06-21 00:30:25.315464: I Start experiment
2026-06-21 00:30:25.461387: I D:\recsys-pipeline\data\processed\amazon_head_keep0.1\train.tsv - Loaded
2026-06-21 00:30:38.360431: I Test Fold 0
2026-06-21 00:31:40.524718: W WARNING: Your Python version is lower than 3.8. Consequently, Custom class objects created in Side Information Namespace will be created swallowly!!!!
2026-06-21 00:33:19.322943: I Statistics	Users:	25583	Items:	19051	Transactions:	44027	Sparsity:	0.9999096662902629
2026-06-21 00:35:09.291227: I Training begun for VSM\n
2026-06-21 00:35:09.291227: I Hyperparameters:
2026-06-21 00:35:09.291227: I meta set to namespace(save_recs=True)
2026-06-21 00:35:09.292227: I similarity set to cosine
2026-06-21 00:35:09.292227: I Exploration: Test Fold exploration number 1
2026-06-21 00:35:09.326245: I Exploration: Train-Validation Fold exploration number 1
2026-06-21 00:57:41.296703: I 
2026-06-21 00:57:41.328420: I Test Evaluation results
2026-06-21 00:57:41.344410: I Cut-off: 10
2026-06-21 00:57:41.359398: I Eval Time: 1.8896701335906982
2026-06-21 00:57:41.374405: I Results
2026-06-21 00:57:41.389532: I Precision	0.00232
2026-06-21 00:57:41.421246: I Recall	0.008
2026-06-21 00:57:41.437244: I nDCG	0.00604
2026-06-21 00:57:41.469207: I MAP	0.00315
2026-06-21 00:57:41.500047: I MRR	0.00917
2026-06-21 00:57:41.516047: I Precision_u1	0.00178
2026-06-21 00:57:41.546046: I Recall_u1	0.00732
2026-06-21 00:57:41.561046: I nDCG_u1	0.00546
2026-06-21 00:57:41.593148: I MAP_u1	0.00262
2026-06-21 00:57:41.624837: I MRR_u1	0.00769
2026-06-21 00:57:44.326129: I 
2026-06-21 00:57:44.342130: I Test Evaluation results
2026-06-21 00:57:44.358111: I Cut-off: 20
2026-06-21 00:57:44.390112: I Eval Time: 3.010801076889038
2026-06-21 00:57:44.420918: I Results
2026-06-21 00:57:44.436917: I Precision	0.00175
2026-06-21 00:57:44.452869: I Recall	0.01201
2026-06-21 00:57:44.483919: I nDCG	0.00739
2026-06-21 00:57:44.515682: I MAP	0.00256
2026-06-21 00:57:44.546185: I MRR	0.00994
2026-06-21 00:57:44.578181: I Precision_u1	0.00135
2026-06-21 00:57:44.610001: I Recall_u1	0.01115
2026-06-21 00:57:44.657003: I nDCG_u1	0.0067
2026-06-21 00:57:44.671997: I MAP_u1	0.00207
2026-06-21 00:57:44.704093: I MRR_u1	0.00829
2026-06-21 00:57:52.349186: I 
2026-06-21 00:57:52.350195: I Test Evaluation results
2026-06-21 00:57:52.350195: I Cut-off: 50
2026-06-21 00:57:52.350195: I Eval Time: 8.042791366577148
2026-06-21 00:57:52.351193: I Results
2026-06-21 00:57:52.351193: I Precision	0.00123
2026-06-21 00:57:52.351193: I Recall	0.02059
2026-06-21 00:57:52.351193: I nDCG	0.00973
2026-06-21 00:57:52.352197: I MAP	0.00189
2026-06-21 00:57:52.354186: I MRR	0.01071
2026-06-21 00:57:52.354186: I Precision_u1	0.00092
2026-06-21 00:57:52.355203: I Recall_u1	0.01886
2026-06-21 00:57:52.356200: I nDCG_u1	0.0087
2026-06-21 00:57:52.363199: I MAP_u1	0.00148
2026-06-21 00:57:52.367195: I MRR_u1	0.00886
2026-06-21 00:57:55.746918: I Training ended for VSM
2026-06-21 00:57:55.748919: I Loss:\t-0.0023179455106906934
2026-06-21 00:57:55.749918: I Best Model params:\t{'meta': namespace(save_recs=True), 'similarity': 'cosine', 'name': 'VSM_sim=cosine_up=tfidf_ip=tfidf_load=ItemAttributes'}
2026-06-21 00:57:55.749918: I Best Model results:\t{10: {'Precision': np.float64(0.0023179455106906934), 'Recall': np.float64(0.007995738257429918), 'nDCG': np.float64(0.006042590949472874), 'MAP': np.float64(0.0031454481491615524), 'MRR': np.float64(0.00917179625110673), 'Precision_u1': np.float64(0.0017841676771176167), 'Recall_u1': np.float64(0.007324875790145146), 'nDCG_u1': np.float64(0.005460121975975024), 'MAP_u1': np.float64(0.0026211739194590402), 'MRR_u1': np.float64(0.007685934431127572)}, 20: {'Precision': np.float64(0.001753117304459993), 'Recall': np.float64(0.012007806466304755), 'nDCG': np.float64(0.007389985803779689), 'MAP': np.float64(0.0025584826379819645), 'MRR': np.float64(0.009942552317205136), 'Precision_u1': np.float64(0.001351117270050234), 'Recall_u1': np.float64(0.011148229717431173), 'nDCG_u1': np.float64(0.0067034928072758), 'MAP_u1': np.float64(0.002066584302942411), 'MRR_u1': np.float64(0.008286968778298652)}, 50: {'Precision': np.float64(0.0012289410936950319), 'Recall': np.float64(0.020586183761528678), 'nDCG': np.float64(0.009727939802331494), 'MAP': np.float64(0.0018872534554030278), 'MRR': np.float64(0.010710410256286138), 'Precision_u1': np.float64(0.0009226860673249033), 'Recall_u1': np.float64(0.01886005552210298), 'nDCG_u1': np.float64(0.008697863610111638), 'MAP_u1': np.float64(0.001482081434720255), 'MRR_u1': np.float64(0.008861165902071205)}}
2026-06-21 00:57:56.273125: I End experiment
