2026-06-14 09:27:33.772864: I Start experiment
2026-06-14 09:27:34.184881: I D:\recsys-pipeline\data\processed\baby_product_random_keep0.3\train.tsv - Loaded
2026-06-14 09:27:34.481892: I Test Fold 0
2026-06-14 10:09:43.014139: I Statistics	Users:	116013	Items:	12330	Transactions:	206718	Sparsity:	0.9998554864530557
2026-06-14 10:30:55.150245: I Training begun for ItemKNN\n
2026-06-14 10:30:55.150245: I Hyperparameters:
2026-06-14 10:30:55.151246: I meta set to namespace(save_recs=True)
2026-06-14 10:30:55.151246: I neighbors set to 40
2026-06-14 10:30:55.152243: I similarity set to cosine
2026-06-14 10:30:55.152243: I Exploration: Test Fold exploration number 1
2026-06-14 10:30:55.153243: I Exploration: Train-Validation Fold exploration number 1
2026-06-14 11:28:43.058330: I 
2026-06-14 11:28:43.090331: I Test Evaluation results
2026-06-14 11:28:43.106363: I Cut-off: 10
2026-06-14 11:28:43.138118: I Eval Time: 16.193053722381592
2026-06-14 11:28:43.138118: I Results
2026-06-14 11:28:43.156134: I Precision	0.0003
2026-06-14 11:28:43.186119: I Recall	0.00143
2026-06-14 11:28:43.217997: I nDCG	0.00079
2026-06-14 11:28:43.250011: I MAP	0.0003
2026-06-14 11:28:43.265997: I MRR	0.00088
2026-06-14 11:28:43.281991: I Precision_u1	0.00021
2026-06-14 11:28:43.297126: I Recall_u1	0.00123
2026-06-14 11:28:43.328810: I nDCG_u1	0.00064
2026-06-14 11:28:43.360834: I MAP_u1	0.00022
2026-06-14 11:28:43.392835: I MRR_u1	0.00063
2026-06-14 11:29:06.411467: I 
2026-06-14 11:29:06.411467: I Test Evaluation results
2026-06-14 11:29:06.442591: I Cut-off: 20
2026-06-14 11:29:06.474326: I Eval Time: 23.208617448806763
2026-06-14 11:29:06.506331: I Results
2026-06-14 11:29:06.538454: I Precision	0.00029
2026-06-14 11:29:06.554186: I Recall	0.00279
2026-06-14 11:29:06.586189: I nDCG	0.0012
2026-06-14 11:29:06.602191: I MAP	0.0003
2026-06-14 11:29:06.618190: I MRR	0.00106
2026-06-14 11:29:06.634188: I Precision_u1	0.00021
2026-06-14 11:29:06.667010: I Recall_u1	0.00243
2026-06-14 11:29:06.680951: I nDCG_u1	0.00099
2026-06-14 11:29:06.712045: I MAP_u1	0.00021
2026-06-14 11:29:06.728050: I MRR_u1	0.00077
2026-06-14 11:30:05.026017: I 
2026-06-14 11:30:05.027954: I Test Evaluation results
2026-06-14 11:30:05.028954: I Cut-off: 50
2026-06-14 11:30:05.030057: I Eval Time: 58.50371766090393
2026-06-14 11:30:05.032955: I Results
2026-06-14 11:30:05.036053: I Precision	0.0003
2026-06-14 11:30:05.041026: I Recall	0.00724
2026-06-14 11:30:05.043055: I nDCG	0.00225
2026-06-14 11:30:05.045960: I MAP	0.0003
2026-06-14 11:30:05.050061: I MRR	0.00133
2026-06-14 11:30:05.057190: I Precision_u1	0.0002
2026-06-14 11:30:05.062078: I Recall_u1	0.00597
2026-06-14 11:30:05.066183: I nDCG_u1	0.00179
2026-06-14 11:30:05.067190: I MAP_u1	0.00021
2026-06-14 11:30:05.069839: I MRR_u1	0.00095
2026-06-14 11:30:26.863022: I Training ended for ItemKNN
2026-06-14 11:30:26.866010: I Loss:\t-0.0003042762449035884
2026-06-14 11:30:26.866010: I Best Model params:\t{'meta': namespace(save_recs=True), 'neighbors': 40, 'similarity': 'cosine', 'name': 'ItemKNN_nn=40_sim=cosine_imp=standard_bin=False_shrink=0_norm=True_asymalpha=_tvalpha=_tvbeta=_rweights='}
2026-06-14 11:30:26.866010: I Best Model results:\t{10: {'Precision': np.float64(0.0003042762449035884), 'Recall': np.float64(0.0014310680192571724), 'nDCG': np.float64(0.0007896547120289729), 'MAP': np.float64(0.0003043870699219669), 'MRR': np.float64(0.0008837098031843449), 'Precision_u1': np.float64(0.00020892619141961745), 'Recall_u1': np.float64(0.0012313437316138949), 'nDCG_u1': np.float64(0.0006441152956649668), 'MAP_u1': np.float64(0.00022180897261946214), 'MRR_u1': np.float64(0.0006324963134876322)}, 20: {'Precision': np.float64(0.00028919172851318386), 'Recall': np.float64(0.002786383328331037), 'nDCG': np.float64(0.0011957103941854501), 'MAP': np.float64(0.00030033905559935536), 'MRR': np.float64(0.001062000061924646), 'Precision_u1': np.float64(0.00020532401570548612), 'Recall_u1': np.float64(0.002428166612634031), 'nDCG_u1': np.float64(0.0009887328808312185), 'MAP_u1': np.float64(0.0002147209146906391), 'MRR_u1': np.float64(0.0007670328839005121)}, 50: {'Precision': np.float64(0.0002954841267788955), 'Recall': np.float64(0.007238869158587092), 'nDCG': np.float64(0.0022461247568317947), 'MAP': np.float64(0.00029731613284210927), 'MRR': np.float64(0.0013292190556317715), 'Precision_u1': np.float64(0.00020388314541983356), 'Recall_u1': np.float64(0.005973007696648775), 'nDCG_u1': np.float64(0.0017932983342407384), 'MAP_u1': np.float64(0.00020981853577601943), 'MRR_u1': np.float64(0.0009519520702056017)}}
2026-06-14 11:30:27.143354: I End experiment
