2026-06-07 08:34:56.659429: I Start experiment
2026-06-07 08:34:56.921358: I D:\recsys-pipeline\data\processed\baby_product_k8_head_keep0.45\train.tsv - Loaded
2026-06-07 08:34:57.048309: I Test Fold 0
2026-06-07 08:45:53.736516: I Statistics	Users:	40481	Items:	14665	Transactions:	176575	Sparsity:	0.9997025623677191
2026-06-07 08:49:31.235982: I Training begun for ItemKNN\n
2026-06-07 08:49:31.235982: I Hyperparameters:
2026-06-07 08:49:31.236973: I meta set to namespace(save_recs=True)
2026-06-07 08:49:31.236973: I neighbors set to 40
2026-06-07 08:49:31.236973: I similarity set to cosine
2026-06-07 08:49:31.238121: I Exploration: Test Fold exploration number 1
2026-06-07 08:49:31.238121: I Exploration: Train-Validation Fold exploration number 1
2026-06-07 09:04:54.284767: I 
2026-06-07 09:04:54.316766: I Test Evaluation results
2026-06-07 09:04:54.332280: I Cut-off: 10
2026-06-07 09:04:54.348330: I Eval Time: 1.9302749633789062
2026-06-07 09:04:54.364280: I Results
2026-06-07 09:04:54.379281: I Precision	0.00092
2026-06-07 09:04:54.394281: I Recall	0.00263
2026-06-07 09:04:54.394281: I nDCG	0.00208
2026-06-07 09:04:54.394281: I MAP	0.00118
2026-06-07 09:04:54.410288: I MRR	0.0033
2026-06-07 09:04:54.440910: I Precision_u1	0.00017
2026-06-07 09:04:54.456910: I Recall_u1	0.00069
2026-06-07 09:04:54.487911: I nDCG_u1	0.00045
2026-06-07 09:04:54.504017: I MAP_u1	0.00023
2026-06-07 09:04:54.504017: I MRR_u1	0.00057
2026-06-07 09:04:57.124992: I 
2026-06-07 09:04:57.124992: I Test Evaluation results
2026-06-07 09:04:57.125996: I Cut-off: 20
2026-06-07 09:04:57.127327: I Eval Time: 2.857722282409668
2026-06-07 09:04:57.127327: I Results
2026-06-07 09:04:57.129337: I Precision	0.00078
2026-06-07 09:04:57.130334: I Recall	0.00435
2026-06-07 09:04:57.130334: I nDCG	0.00267
2026-06-07 09:04:57.131334: I MAP	0.00101
2026-06-07 09:04:57.133333: I MRR	0.00366
2026-06-07 09:04:57.134572: I Precision_u1	0.00013
2026-06-07 09:04:57.135580: I Recall_u1	0.00114
2026-06-07 09:04:57.135580: I nDCG_u1	0.00059
2026-06-07 09:04:57.136579: I MAP_u1	0.00018
2026-06-07 09:04:57.137581: I MRR_u1	0.00064
2026-06-07 09:05:00.467383: I Training ended for ItemKNN
2026-06-07 09:05:00.467383: I Loss:\t-0.0009189496306909415
2026-06-07 09:05:00.468380: I Best Model params:\t{'meta': namespace(save_recs=True), 'neighbors': 40, 'similarity': 'cosine', 'name': 'ItemKNN_nn=40_sim=cosine_imp=standard_bin=False_shrink=0_norm=True_asymalpha=_tvalpha=_tvbeta=_rweights='}
2026-06-07 09:05:00.468380: I Best Model results:\t{10: {'Precision': np.float64(0.0009189496306909415), 'Recall': np.float64(0.002626782238809121), 'nDCG': np.float64(0.0020798188059246684), 'MAP': np.float64(0.001180665591500304), 'MRR': np.float64(0.0033008626818068288), 'Precision_u1': np.float64(0.00016627868307283005), 'Recall_u1': np.float64(0.0006928278461367918), 'nDCG_u1': np.float64(0.00044769489073729116), 'MAP_u1': np.float64(0.00022818450071526229), 'MRR_u1': np.float64(0.0005740573582276276)}, 20: {'Precision': np.float64(0.0007806131271460685), 'Recall': np.float64(0.004350040343009007), 'nDCG': np.float64(0.002671623301197636), 'MAP': np.float64(0.0010072736910356544), 'MRR': np.float64(0.003663906325758811), 'Precision_u1': np.float64(0.00013302294645826406), 'Recall_u1': np.float64(0.0011362376676643388), 'nDCG_u1': np.float64(0.0005854956274451187), 'MAP_u1': np.float64(0.00018370574677079824), 'MRR_u1': np.float64(0.0006365748826966769)}}
2026-06-07 09:05:00.513382: I End experiment
