2026-06-13 19:52:51.939585: I Start experiment
2026-06-13 19:52:52.683208: I D:\recsys-pipeline\data\processed\hm_random_keep0.3\train.tsv - Loaded
2026-06-13 19:52:53.000661: I Test Fold 0
2026-06-13 20:35:27.674758: I Statistics	Users:	63657	Items:	11545	Transactions:	356153	Sparsity:	0.9995153853909269
2026-06-13 20:52:03.763663: I Training begun for ItemKNN\n
2026-06-13 20:52:03.764663: I Hyperparameters:
2026-06-13 20:52:03.764663: I meta set to namespace(save_recs=True)
2026-06-13 20:52:03.765662: I neighbors set to 40
2026-06-13 20:52:03.765662: I similarity set to cosine
2026-06-13 20:52:03.765662: I Exploration: Test Fold exploration number 1
2026-06-13 20:52:03.766663: I Exploration: Train-Validation Fold exploration number 1
2026-06-13 21:10:17.423155: I 
2026-06-13 21:10:17.439148: I Test Evaluation results
2026-06-13 21:10:17.470742: I Cut-off: 10
2026-06-13 21:10:17.486745: I Eval Time: 3.859524726867676
2026-06-13 21:10:17.517743: I Results
2026-06-13 21:10:17.549792: I Precision	0.00433
2026-06-13 21:10:17.581339: I Recall	0.0092
2026-06-13 21:10:17.612340: I nDCG	0.00901
2026-06-13 21:10:17.643339: I MAP	0.00663
2026-06-13 21:10:17.673888: I MRR	0.01953
2026-06-13 21:10:17.688892: I Precision_u1	0.00117
2026-06-13 21:10:17.704890: I Recall_u1	0.00304
2026-06-13 21:10:17.704890: I nDCG_u1	0.0031
2026-06-13 21:10:17.704890: I MAP_u1	0.00214
2026-06-13 21:10:17.720893: I MRR_u1	0.00653
2026-06-13 21:10:25.111676: I 
2026-06-13 21:10:25.142676: I Test Evaluation results
2026-06-13 21:10:25.157704: I Cut-off: 20
2026-06-13 21:10:25.173286: I Eval Time: 7.666538715362549
2026-06-13 21:10:25.188286: I Results
2026-06-13 21:10:25.204266: I Precision	0.0031
2026-06-13 21:10:25.236284: I Recall	0.01305
2026-06-13 21:10:25.268783: I nDCG	0.01058
2026-06-13 21:10:25.284792: I MAP	0.00508
2026-06-13 21:10:25.315797: I MRR	0.02068
2026-06-13 21:10:25.346809: I Precision_u1	0.00117
2026-06-13 21:10:25.378388: I Recall_u1	0.00598
2026-06-13 21:10:25.410388: I nDCG_u1	0.00425
2026-06-13 21:10:25.442472: I MAP_u1	0.00167
2026-06-13 21:10:25.473080: I MRR_u1	0.00727
2026-06-13 21:10:52.448136: I 
2026-06-13 21:10:52.448136: I Test Evaluation results
2026-06-13 21:10:52.448136: I Cut-off: 50
2026-06-13 21:10:52.448136: I Eval Time: 27.35734534263611
2026-06-13 21:10:52.449024: I Results
2026-06-13 21:10:52.449024: I Precision	0.00205
2026-06-13 21:10:52.450030: I Recall	0.02121
2026-06-13 21:10:52.450030: I nDCG	0.01325
2026-06-13 21:10:52.450030: I MAP	0.00349
2026-06-13 21:10:52.450030: I MRR	0.02177
2026-06-13 21:10:52.451026: I Precision_u1	0.0006
2026-06-13 21:10:52.451026: I Recall_u1	0.00796
2026-06-13 21:10:52.451026: I nDCG_u1	0.00484
2026-06-13 21:10:52.451026: I MAP_u1	0.00117
2026-06-13 21:10:52.452026: I MRR_u1	0.00751
2026-06-13 21:10:58.730765: I Training ended for ItemKNN
2026-06-13 21:10:58.730765: I Loss:\t-0.00433102408219049
2026-06-13 21:10:58.730765: I Best Model params:\t{'meta': namespace(save_recs=True), 'neighbors': 40, 'similarity': 'cosine', 'name': 'ItemKNN_nn=40_sim=cosine_imp=standard_bin=False_shrink=0_norm=True_asymalpha=_tvalpha=_tvbeta=_rweights='}
2026-06-13 21:10:58.730765: I Best Model results:\t{10: {'Precision': np.float64(0.00433102408219049), 'Recall': np.float64(0.009201615086837606), 'nDCG': np.float64(0.009014684311195263), 'MAP': np.float64(0.006630352875816847), 'MRR': np.float64(0.019529492261477745), 'Precision_u1': np.float64(0.001169590643274854), 'Recall_u1': np.float64(0.0030376868096166337), 'nDCG_u1': np.float64(0.0030961380387458754), 'MAP_u1': np.float64(0.00214324391224976), 'MRR_u1': np.float64(0.006530214424951266)}, 20: {'Precision': np.float64(0.003102565310963444), 'Recall': np.float64(0.013050929660060839), 'nDCG': np.float64(0.010580588242266336), 'MAP': np.float64(0.005081065980247423), 'MRR': np.float64(0.020680849688944108), 'Precision_u1': np.float64(0.001169590643274854), 'Recall_u1': np.float64(0.005977907732293696), 'nDCG_u1': np.float64(0.004245792617483915), 'MAP_u1': np.float64(0.0016700339744986966), 'MRR_u1': np.float64(0.007269751211665466)}, 50: {'Precision': np.float64(0.0020500494839530608), 'Recall': np.float64(0.02120592706210707), 'nDCG': np.float64(0.013248151159567952), 'MAP': np.float64(0.003492036736247569), 'MRR': np.float64(0.02176712255722092), 'Precision_u1': np.float64(0.0006042884990253413), 'Recall_u1': np.float64(0.007959714100064977), 'nDCG_u1': np.float64(0.004842092593655696), 'MAP_u1': np.float64(0.0011668737858192427), 'MRR_u1': np.float64(0.007508399485535895)}}
2026-06-13 21:10:58.818422: I End experiment
