2026-06-06 14:25:00.192902: I Start experiment
2026-06-06 14:25:00.669081: I D:\recsys-pipeline\data\processed\hm_k20_random_keep0.3\train.tsv - Loaded
2026-06-06 14:25:00.861003: I Test Fold 0
2026-06-06 14:41:43.281792: I Statistics	Users:	34327	Items:	11669	Transactions:	243275	Sparsity:	0.9993926654452038
2026-06-06 14:47:54.312067: I Training begun for ItemKNN\n
2026-06-06 14:47:54.312067: I Hyperparameters:
2026-06-06 14:47:54.313079: I meta set to namespace(save_recs=True)
2026-06-06 14:47:54.313079: I neighbors set to 40
2026-06-06 14:47:54.313079: I similarity set to cosine
2026-06-06 14:47:54.314081: I Exploration: Test Fold exploration number 1
2026-06-06 14:47:54.314081: I Exploration: Train-Validation Fold exploration number 1
2026-06-06 14:58:03.067532: I 
2026-06-06 14:58:03.098369: I Test Evaluation results
2026-06-06 14:58:03.113457: I Cut-off: 10
2026-06-06 14:58:03.144079: I Eval Time: 2.4748780727386475
2026-06-06 14:58:03.159497: I Results
2026-06-06 14:58:03.175551: I Precision	0.00346
2026-06-06 14:58:03.206751: I Recall	0.00584
2026-06-06 14:58:03.237860: I nDCG	0.00591
2026-06-06 14:58:03.269848: I MAP	0.00492
2026-06-06 14:58:03.285837: I MRR	0.01426
2026-06-06 14:58:03.301331: I Precision_u1	0.00077
2026-06-06 14:58:03.316987: I Recall_u1	0.00154
2026-06-06 14:58:03.348358: I nDCG_u1	0.00112
2026-06-06 14:58:03.363812: I MAP_u1	0.00084
2026-06-06 14:58:03.394397: I MRR_u1	0.00192
2026-06-06 14:58:07.527534: I 
2026-06-06 14:58:07.529044: I Test Evaluation results
2026-06-06 14:58:07.529044: I Cut-off: 20
2026-06-06 14:58:07.529044: I Eval Time: 4.476510763168335
2026-06-06 14:58:07.529044: I Results
2026-06-06 14:58:07.529044: I Precision	0.00261
2026-06-06 14:58:07.529044: I Recall	0.00868
2026-06-06 14:58:07.530058: I nDCG	0.00714
2026-06-06 14:58:07.531203: I MAP	0.00391
2026-06-06 14:58:07.531203: I MRR	0.01537
2026-06-06 14:58:07.531203: I Precision_u1	0.00077
2026-06-06 14:58:07.532214: I Recall_u1	0.00308
2026-06-06 14:58:07.533215: I nDCG_u1	0.00172
2026-06-06 14:58:07.535249: I MAP_u1	0.0007
2026-06-06 14:58:07.536247: I MRR_u1	0.00231
2026-06-06 14:58:11.094039: I Training ended for ItemKNN
2026-06-06 14:58:11.094039: I Loss:\t-0.0034579194220293063
2026-06-06 14:58:11.095022: I Best Model params:\t{'meta': namespace(save_recs=True), 'neighbors': 40, 'similarity': 'cosine', 'name': 'ItemKNN_nn=40_sim=cosine_imp=standard_bin=False_shrink=0_norm=True_asymalpha=_tvalpha=_tvbeta=_rweights='}
2026-06-06 14:58:11.095983: I Best Model results:\t{10: {'Precision': np.float64(0.0034579194220293063), 'Recall': np.float64(0.005841399825903344), 'nDCG': np.float64(0.0059093912381371445), 'MAP': np.float64(0.004915487184182381), 'MRR': np.float64(0.014263137305494633), 'Precision_u1': np.float64(0.0007692307692307692), 'Recall_u1': np.float64(0.0015384615384615385), 'nDCG_u1': np.float64(0.001123602691097742), 'MAP_u1': np.float64(0.0008427960927960929), 'MRR_u1': np.float64(0.0019230769230769232)}, 20: {'Precision': np.float64(0.002608733649896583), 'Recall': np.float64(0.008677444716456787), 'nDCG': np.float64(0.007141441682564123), 'MAP': np.float64(0.003912184009407808), 'MRR': np.float64(0.01536819009443547), 'Precision_u1': np.float64(0.0007692307692307692), 'Recall_u1': np.float64(0.003076923076923077), 'nDCG_u1': np.float64(0.0017175772163496943), 'MAP_u1': np.float64(0.0006978485860809034), 'MRR_u1': np.float64(0.0023076923076923075)}}
2026-06-06 14:58:11.147037: I End experiment
