2026-06-07 11:54:04.784451: I Start experiment
2026-06-07 11:54:05.096635: I D:\recsys-pipeline\data\processed\baby_product_k8_tail_keep0.3\train.tsv - Loaded
2026-06-07 11:54:05.236876: I Test Fold 0
2026-06-07 12:14:57.235977: I Statistics	Users:	40481	Items:	9346	Transactions:	117716	Sparsity:	0.9996888581086774
2026-06-07 12:29:57.217192: I Training begun for ItemKNN\n
2026-06-07 12:29:57.217192: I Hyperparameters:
2026-06-07 12:29:57.218192: I meta set to namespace(save_recs=True)
2026-06-07 12:29:57.218192: I neighbors set to 40
2026-06-07 12:29:57.218192: I similarity set to cosine
2026-06-07 12:29:57.219192: I Exploration: Test Fold exploration number 1
2026-06-07 12:29:57.219192: I Exploration: Train-Validation Fold exploration number 1
2026-06-07 12:37:52.648686: I 
2026-06-07 12:37:52.680202: I Test Evaluation results
2026-06-07 12:37:52.712201: I Cut-off: 10
2026-06-07 12:37:52.744202: I Eval Time: 2.0872251987457275
2026-06-07 12:37:52.776725: I Results
2026-06-07 12:37:52.807724: I Precision	0.0028
2026-06-07 12:37:52.807724: I Recall	0.00949
2026-06-07 12:37:52.807724: I nDCG	0.00759
2026-06-07 12:37:52.808726: I MAP	0.00422
2026-06-07 12:37:52.839739: I MRR	0.01194
2026-06-07 12:37:52.855724: I Precision_u1	0.00024
2026-06-07 12:37:52.871763: I Recall_u1	0.00108
2026-06-07 12:37:52.887270: I nDCG_u1	0.00076
2026-06-07 12:37:52.903267: I MAP_u1	0.00034
2026-06-07 12:37:52.935267: I MRR_u1	0.00104
2026-06-07 12:37:55.915040: I 
2026-06-07 12:37:55.915040: I Test Evaluation results
2026-06-07 12:37:55.915040: I Cut-off: 20
2026-06-07 12:37:55.915040: I Eval Time: 3.281348705291748
2026-06-07 12:37:55.915040: I Results
2026-06-07 12:37:55.916040: I Precision	0.00179
2026-06-07 12:37:55.919041: I Recall	0.01223
2026-06-07 12:37:55.920040: I nDCG	0.00849
2026-06-07 12:37:55.925040: I MAP	0.00319
2026-06-07 12:37:55.925040: I MRR	0.01242
2026-06-07 12:37:55.927039: I Precision_u1	0.00026
2026-06-07 12:37:55.927039: I Recall_u1	0.00212
2026-06-07 12:37:55.928039: I nDCG_u1	0.00113
2026-06-07 12:37:55.937041: I MAP_u1	0.00031
2026-06-07 12:37:55.941038: I MRR_u1	0.00126
2026-06-07 12:37:59.247958: I Training ended for ItemKNN
2026-06-07 12:37:59.248942: I Loss:\t-0.0027988439020775182
2026-06-07 12:37:59.249945: I Best Model params:\t{'meta': namespace(save_recs=True), 'neighbors': 40, 'similarity': 'cosine', 'name': 'ItemKNN_nn=40_sim=cosine_imp=standard_bin=False_shrink=0_norm=True_asymalpha=_tvalpha=_tvbeta=_rweights='}
2026-06-07 12:37:59.250943: I Best Model results:\t{10: {'Precision': np.float64(0.0027988439020775182), 'Recall': np.float64(0.009492362771058544), 'nDCG': np.float64(0.007593281664177045), 'MAP': np.float64(0.004218820273512598), 'MRR': np.float64(0.011939091158972091), 'Precision_u1': np.float64(0.00023949227637408692), 'Recall_u1': np.float64(0.0010777152436833913), 'nDCG_u1': np.float64(0.0007645609179475895), 'MAP_u1': np.float64(0.0003369665832245164), 'MRR_u1': np.float64(0.0010404608895807554)}, 20: {'Precision': np.float64(0.0017909636619648725), 'Recall': np.float64(0.012228027562996648), 'nDCG': np.float64(0.008485021197073233), 'MAP': np.float64(0.003188153268449844), 'MRR': np.float64(0.01241961117026536), 'Precision_u1': np.float64(0.0002634415040114956), 'Recall_u1': np.float64(0.002123550022005296), 'nDCG_u1': np.float64(0.0011273083783814647), 'MAP_u1': np.float64(0.00031228766681256015), 'MRR_u1': np.float64(0.001255586212579554)}}
2026-06-07 12:37:59.289533: I End experiment
