2026-06-21 06:22:52.277234: I Start experiment
2026-06-21 06:22:52.699790: I D:\recsys-pipeline\data\processed\amazon_random_keep0.9\train.tsv - Loaded
2026-06-21 06:22:52.889895: I Test Fold 0
2026-06-21 06:43:26.199112: I Statistics	Users:	25583	Items:	22000	Transactions:	481221	Sparsity:	0.9991449915249118
2026-06-21 06:45:17.048347: I Training begun for ItemKNN\n
2026-06-21 06:45:17.048347: I Hyperparameters:
2026-06-21 06:45:17.048347: I meta set to namespace(save_recs=True)
2026-06-21 06:45:17.049346: I neighbors set to 40
2026-06-21 06:45:17.049346: I similarity set to cosine
2026-06-21 06:45:17.049346: I Exploration: Test Fold exploration number 1
2026-06-21 06:45:17.049346: I Exploration: Train-Validation Fold exploration number 1
2026-06-21 07:01:31.349583: I 
2026-06-21 07:01:31.381584: I Test Evaluation results
2026-06-21 07:01:31.412599: I Cut-off: 10
2026-06-21 07:01:31.427628: I Eval Time: 1.293250560760498
2026-06-21 07:01:31.443136: I Results
2026-06-21 07:01:31.491137: I Precision	0.00656
2026-06-21 07:01:31.519150: I Recall	0.02185
2026-06-21 07:01:31.554654: I nDCG	0.01606
2026-06-21 07:01:31.585655: I MAP	0.00841
2026-06-21 07:01:31.601655: I MRR	0.02408
2026-06-21 07:01:31.616670: I Precision_u1	nan
2026-06-21 07:01:31.648243: I Recall_u1	nan
2026-06-21 07:01:31.680244: I nDCG_u1	nan
2026-06-21 07:01:31.712243: I MAP_u1	nan
2026-06-21 07:01:31.743837: I MRR_u1	nan
2026-06-21 07:01:33.152054: I 
2026-06-21 07:01:33.153044: I Test Evaluation results
2026-06-21 07:01:33.168054: I Cut-off: 20
2026-06-21 07:01:33.199039: I Eval Time: 1.7883918285369873
2026-06-21 07:01:33.230044: I Results
2026-06-21 07:01:33.245557: I Precision	0.00506
2026-06-21 07:01:33.277556: I Recall	0.03294
2026-06-21 07:01:33.277556: I nDCG	0.01988
2026-06-21 07:01:33.309556: I MAP	0.00701
2026-06-21 07:01:33.325557: I MRR	0.02608
2026-06-21 07:01:33.357075: I Precision_u1	nan
2026-06-21 07:01:33.388075: I Recall_u1	nan
2026-06-21 07:01:33.404082: I nDCG_u1	nan
2026-06-21 07:01:33.436079: I MAP_u1	nan
2026-06-21 07:01:33.483608: I MRR_u1	nan
2026-06-21 07:01:37.851245: I 
2026-06-21 07:01:37.852356: I Test Evaluation results
2026-06-21 07:01:37.852356: I Cut-off: 50
2026-06-21 07:01:37.853191: I Eval Time: 4.7257773876190186
2026-06-21 07:01:37.853191: I Results
2026-06-21 07:01:37.853191: I Precision	0.00347
2026-06-21 07:01:37.853191: I Recall	0.05423
2026-06-21 07:01:37.854192: I nDCG	0.02585
2026-06-21 07:01:37.855220: I MAP	0.00527
2026-06-21 07:01:37.861239: I MRR	0.02782
2026-06-21 07:01:37.862488: I Precision_u1	nan
2026-06-21 07:01:37.866514: I Recall_u1	nan
2026-06-21 07:01:37.866514: I nDCG_u1	nan
2026-06-21 07:01:37.868509: I MAP_u1	nan
2026-06-21 07:01:37.869505: I MRR_u1	nan
2026-06-21 07:01:40.170038: I Training ended for ItemKNN
2026-06-21 07:01:40.172042: I Loss:\t-0.006559043114568269
2026-06-21 07:01:40.172042: I Best Model params:\t{'meta': namespace(save_recs=True), 'neighbors': 40, 'similarity': 'cosine', 'name': 'ItemKNN_nn=40_sim=cosine_imp=standard_bin=False_shrink=0_norm=True_asymalpha=_tvalpha=_tvbeta=_rweights='}
2026-06-21 07:01:40.173041: I Best Model results:\t{10: {'Precision': np.float64(0.006559043114568269), 'Recall': np.float64(0.021847855709893216), 'nDCG': np.float64(0.01606454673018037), 'MAP': np.float64(0.008413689584291156), 'MRR': np.float64(0.024075185716705475), 'Precision_u1': np.float64(nan), 'Recall_u1': np.float64(nan), 'nDCG_u1': np.float64(nan), 'MAP_u1': np.float64(nan), 'MRR_u1': np.float64(nan)}, 20: {'Precision': np.float64(0.0050600007817691445), 'Recall': np.float64(0.03293930739375548), 'nDCG': np.float64(0.019878621956261423), 'MAP': np.float64(0.007008385527693592), 'MRR': np.float64(0.02607618765590711), 'Precision_u1': np.float64(nan), 'Recall_u1': np.float64(nan), 'nDCG_u1': np.float64(nan), 'MAP_u1': np.float64(nan), 'MRR_u1': np.float64(nan)}, 50: {'Precision': np.float64(0.00347105499745925), 'Recall': np.float64(0.054231424145592434), 'nDCG': np.float64(0.025849466766565958), 'MAP': np.float64(0.005266787464678297), 'MRR': np.float64(0.027824203058982512), 'Precision_u1': np.float64(nan), 'Recall_u1': np.float64(nan), 'nDCG_u1': np.float64(nan), 'MAP_u1': np.float64(nan), 'MRR_u1': np.float64(nan)}}
2026-06-21 07:01:40.246080: I End experiment
2026-06-21 07:01:42.396548: I Start experiment
2026-06-21 07:01:42.823636: I D:\recsys-pipeline\data\processed\amazon_random_keep0.9\train.tsv - Loaded
2026-06-21 07:01:55.768775: I Test Fold 0
2026-06-21 07:12:08.270818: W WARNING: Your Python version is lower than 3.8. Consequently, Custom class objects created in Side Information Namespace will be created swallowly!!!!
2026-06-21 07:22:59.711262: I Statistics	Users:	25583	Items:	21997	Transactions:	481185	Sparsity:	0.9991449388885992
2026-06-21 07:24:50.125191: I Training begun for VSM\n
2026-06-21 07:24:50.125191: I Hyperparameters:
2026-06-21 07:24:50.125191: I meta set to namespace(save_recs=True)
2026-06-21 07:24:50.126386: I similarity set to cosine
2026-06-21 07:24:50.158211: I Exploration: Test Fold exploration number 1
2026-06-21 07:24:50.188881: I Exploration: Train-Validation Fold exploration number 1
2026-06-21 08:06:43.296514: I 
2026-06-21 08:06:43.312235: I Test Evaluation results
2026-06-21 08:06:43.344145: I Cut-off: 10
2026-06-21 08:06:43.376142: I Eval Time: 3.8482930660247803
2026-06-21 08:06:43.407524: I Results
2026-06-21 08:06:43.423139: I Precision	0.00349
2026-06-21 08:06:43.438610: I Recall	0.01268
2026-06-21 08:06:43.470640: I nDCG	0.00828
2026-06-21 08:06:43.501764: I MAP	0.00396
2026-06-21 08:06:43.532514: I MRR	0.01136
2026-06-21 08:06:43.564477: I Precision_u1	nan
2026-06-21 08:06:43.596635: I Recall_u1	nan
2026-06-21 08:06:43.613346: I nDCG_u1	nan
2026-06-21 08:06:43.628300: I MAP_u1	nan
2026-06-21 08:06:43.644432: I MRR_u1	nan
2026-06-21 08:06:47.045780: I 
2026-06-21 08:06:47.077782: I Test Evaluation results
2026-06-21 08:06:47.109903: I Cut-off: 20
2026-06-21 08:06:47.141456: I Eval Time: 3.725644111633301
2026-06-21 08:06:47.157407: I Results
2026-06-21 08:06:47.188348: I Precision	0.00298
2026-06-21 08:06:47.218940: I Recall	0.02161
2026-06-21 08:06:47.233945: I nDCG	0.01127
2026-06-21 08:06:47.266046: I MAP	0.00356
2026-06-21 08:06:47.298030: I MRR	0.01293
2026-06-21 08:06:47.313161: I Precision_u1	nan
2026-06-21 08:06:47.328937: I Recall_u1	nan
2026-06-21 08:06:47.360926: I nDCG_u1	nan
2026-06-21 08:06:47.376870: I MAP_u1	nan
2026-06-21 08:06:47.408940: I MRR_u1	nan
2026-06-21 08:06:56.867368: I 
2026-06-21 08:06:56.868289: I Test Evaluation results
2026-06-21 08:06:56.869289: I Cut-off: 50
2026-06-21 08:06:56.869289: I Eval Time: 9.8355073928833
2026-06-21 08:06:56.870649: I Results
2026-06-21 08:06:56.872176: I Precision	0.0023
2026-06-21 08:06:56.875708: I Recall	0.04113
2026-06-21 08:06:56.878016: I nDCG	0.0165
2026-06-21 08:06:56.880030: I MAP	0.00298
2026-06-21 08:06:56.882033: I MRR	0.01449
2026-06-21 08:06:56.884035: I Precision_u1	nan
2026-06-21 08:06:56.894079: I Recall_u1	nan
2026-06-21 08:06:56.896034: I nDCG_u1	nan
2026-06-21 08:06:56.898054: I MAP_u1	nan
2026-06-21 08:06:56.902037: I MRR_u1	nan
2026-06-21 08:07:06.303461: I Training ended for VSM
2026-06-21 08:07:06.303461: I Loss:\t-0.0034866903803306886
2026-06-21 08:07:06.303461: I Best Model params:\t{'meta': namespace(save_recs=True), 'similarity': 'cosine', 'name': 'VSM_sim=cosine_up=tfidf_ip=tfidf_load=ItemAttributes'}
2026-06-21 08:07:06.307458: I Best Model results:\t{10: {'Precision': np.float64(0.0034866903803306886), 'Recall': np.float64(0.012683297792550924), 'nDCG': np.float64(0.008281183786236136), 'MAP': np.float64(0.003958989073225089), 'MRR': np.float64(0.011364813811751234), 'Precision_u1': np.float64(nan), 'Recall_u1': np.float64(nan), 'nDCG_u1': np.float64(nan), 'MAP_u1': np.float64(nan), 'MRR_u1': np.float64(nan)}, 20: {'Precision': np.float64(0.0029824492827268106), 'Recall': np.float64(0.021613334732231763), 'nDCG': np.float64(0.011267356378904829), 'MAP': np.float64(0.0035572939899979165), 'MRR': np.float64(0.012926281119867369), 'Precision_u1': np.float64(nan), 'Recall_u1': np.float64(nan), 'nDCG_u1': np.float64(nan), 'MAP_u1': np.float64(nan), 'MRR_u1': np.float64(nan)}, 50: {'Precision': np.float64(0.0023046554352499707), 'Recall': np.float64(0.0411343599203129), 'nDCG': np.float64(0.01649555289482008), 'MAP': np.float64(0.002980155648035583), 'MRR': np.float64(0.014491569948078766), 'Precision_u1': np.float64(nan), 'Recall_u1': np.float64(nan), 'nDCG_u1': np.float64(nan), 'MAP_u1': np.float64(nan), 'MRR_u1': np.float64(nan)}}
2026-06-21 08:07:07.557536: I End experiment
