2026-06-21 00:57:58.335421: I Start experiment
2026-06-21 00:57:58.655137: I D:\recsys-pipeline\data\processed\amazon_head_keep0.5\train.tsv - Loaded
2026-06-21 00:57:58.797385: I Test Fold 0
2026-06-21 01:09:27.661890: I Statistics	Users:	25583	Items:	22000	Transactions:	264440	Sparsity:	0.9995301567447132
2026-06-21 01:11:18.525440: I Training begun for ItemKNN\n
2026-06-21 01:11:18.525440: I Hyperparameters:
2026-06-21 01:11:18.525440: I meta set to namespace(save_recs=True)
2026-06-21 01:11:18.525440: I neighbors set to 40
2026-06-21 01:11:18.526622: I similarity set to cosine
2026-06-21 01:11:18.526622: I Exploration: Test Fold exploration number 1
2026-06-21 01:11:18.526622: I Exploration: Train-Validation Fold exploration number 1
2026-06-21 01:27:37.096209: I 
2026-06-21 01:27:37.128213: I Test Evaluation results
2026-06-21 01:27:37.159423: I Cut-off: 10
2026-06-21 01:27:37.191424: I Eval Time: 1.1236937046051025
2026-06-21 01:27:37.223451: I Results
2026-06-21 01:27:37.255009: I Precision	0.00202
2026-06-21 01:27:37.287006: I Recall	0.00576
2026-06-21 01:27:37.318048: I nDCG	0.0045
2026-06-21 01:27:37.349562: I MAP	0.00255
2026-06-21 01:27:37.365563: I MRR	0.00735
2026-06-21 01:27:37.381550: I Precision_u1	0.00056
2026-06-21 01:27:37.397550: I Recall_u1	0.00278
2026-06-21 01:27:37.397550: I nDCG_u1	0.00215
2026-06-21 01:27:37.398552: I MAP_u1	0.00107
2026-06-21 01:27:37.398552: I MRR_u1	0.00278
2026-06-21 01:27:38.825883: I 
2026-06-21 01:27:38.857395: I Test Evaluation results
2026-06-21 01:27:38.873382: I Cut-off: 20
2026-06-21 01:27:38.905486: I Eval Time: 1.730635643005371
2026-06-21 01:27:38.937297: I Results
2026-06-21 01:27:38.968297: I Precision	0.00164
2026-06-21 01:27:38.984299: I Recall	0.00908
2026-06-21 01:27:39.000299: I nDCG	0.00566
2026-06-21 01:27:39.032099: I MAP	0.00216
2026-06-21 01:27:39.048002: I MRR	0.0081
2026-06-21 01:27:39.064107: I Precision_u1	0.00028
2026-06-21 01:27:39.096108: I Recall_u1	0.00278
2026-06-21 01:27:39.128008: I nDCG_u1	0.00215
2026-06-21 01:27:39.159516: I MAP_u1	0.00072
2026-06-21 01:27:39.191516: I MRR_u1	0.00278
2026-06-21 01:27:43.486596: I 
2026-06-21 01:27:43.486596: I Test Evaluation results
2026-06-21 01:27:43.486596: I Cut-off: 50
2026-06-21 01:27:43.486596: I Eval Time: 4.672753810882568
2026-06-21 01:27:43.487598: I Results
2026-06-21 01:27:43.487598: I Precision	0.0012
2026-06-21 01:27:43.487598: I Recall	0.01618
2026-06-21 01:27:43.487598: I nDCG	0.0077
2026-06-21 01:27:43.487598: I MAP	0.00169
2026-06-21 01:27:43.487598: I MRR	0.00878
2026-06-21 01:27:43.487598: I Precision_u1	0.00022
2026-06-21 01:27:43.487598: I Recall_u1	0.00556
2026-06-21 01:27:43.487598: I nDCG_u1	0.00281
2026-06-21 01:27:43.487598: I MAP_u1	0.00043
2026-06-21 01:27:43.488597: I MRR_u1	0.00294
2026-06-21 01:27:45.831100: I Training ended for ItemKNN
2026-06-21 01:27:45.832098: I Loss:\t-0.002024782081851229
2026-06-21 01:27:45.832098: I Best Model params:\t{'meta': namespace(save_recs=True), 'neighbors': 40, 'similarity': 'cosine', 'name': 'ItemKNN_nn=40_sim=cosine_imp=standard_bin=False_shrink=0_norm=True_asymalpha=_tvalpha=_tvbeta=_rweights='}
2026-06-21 01:27:45.832098: I Best Model results:\t{10: {'Precision': np.float64(0.002024782081851229), 'Recall': np.float64(0.005762611893511455), 'nDCG': np.float64(0.004503634552407308), 'MAP': np.float64(0.0025529896775450464), 'MRR': np.float64(0.007349576138420293), 'Precision_u1': np.float64(0.0005555555555555556), 'Recall_u1': np.float64(0.002777777777777778), 'nDCG_u1': np.float64(0.00214918226241412), 'MAP_u1': np.float64(0.0010716490299823634), 'MRR_u1': np.float64(0.002777777777777778)}, 20: {'Precision': np.float64(0.0016378063557831374), 'Recall': np.float64(0.009075926870403294), 'nDCG': np.float64(0.00566346165954551), 'MAP': np.float64(0.0021645841409981144), 'MRR': np.float64(0.008097684604340412), 'Precision_u1': np.float64(0.0002777777777777778), 'Recall_u1': np.float64(0.002777777777777778), 'nDCG_u1': np.float64(0.00214918226241412), 'MAP_u1': np.float64(0.0007215943492065781), 'MRR_u1': np.float64(0.002777777777777778)}, 50: {'Precision': np.float64(0.0011984520970957277), 'Recall': np.float64(0.016176560340007824), 'nDCG': np.float64(0.0077032810772482505), 'MAP': np.float64(0.0016934769004828612), 'MRR': np.float64(0.008783273405307278), 'Precision_u1': np.float64(0.00022222222222222223), 'Recall_u1': np.float64(0.005555555555555556), 'nDCG_u1': np.float64(0.0028132854678500903), 'MAP_u1': np.float64(0.00043440138343547765), 'MRR_u1': np.float64(0.0029411764705882353)}}
2026-06-21 01:27:45.844888: I End experiment
2026-06-21 01:27:47.999423: I Start experiment
2026-06-21 01:27:48.240589: I D:\recsys-pipeline\data\processed\amazon_head_keep0.5\train.tsv - Loaded
2026-06-21 01:28:00.762788: I Test Fold 0
2026-06-21 01:33:38.351847: W WARNING: Your Python version is lower than 3.8. Consequently, Custom class objects created in Side Information Namespace will be created swallowly!!!!
2026-06-21 01:39:55.405321: I Statistics	Users:	25583	Items:	21997	Transactions:	264406	Sparsity:	0.9995301530841131
2026-06-21 01:41:45.054957: I Training begun for VSM\n
2026-06-21 01:41:45.054957: I Hyperparameters:
2026-06-21 01:41:45.073970: I meta set to namespace(save_recs=True)
2026-06-21 01:41:45.105983: I similarity set to cosine
2026-06-21 01:41:45.121496: I Exploration: Test Fold exploration number 1
2026-06-21 01:41:45.137497: I Exploration: Train-Validation Fold exploration number 1
2026-06-21 02:09:16.272109: I 
2026-06-21 02:09:16.304119: I Test Evaluation results
2026-06-21 02:09:16.319092: I Cut-off: 10
2026-06-21 02:09:16.351102: I Eval Time: 1.1394717693328857
2026-06-21 02:09:16.367750: I Results
2026-06-21 02:09:16.382855: I Precision	0.0034
2026-06-21 02:09:16.397861: I Recall	0.01209
2026-06-21 02:09:16.413857: I nDCG	0.0083
2026-06-21 02:09:16.444850: I MAP	0.0041
2026-06-21 02:09:16.476669: I MRR	0.01181
2026-06-21 02:09:16.492717: I Precision_u1	0.0
2026-06-21 02:09:16.508676: I Recall_u1	0.0
2026-06-21 02:09:16.539665: I nDCG_u1	0.0
2026-06-21 02:09:16.571483: I MAP_u1	0.0
2026-06-21 02:09:16.587479: I MRR_u1	0.0
2026-06-21 02:09:18.066230: I 
2026-06-21 02:09:18.097940: I Test Evaluation results
2026-06-21 02:09:18.113944: I Cut-off: 20
2026-06-21 02:09:18.129944: I Eval Time: 1.7757058143615723
2026-06-21 02:09:18.129944: I Results
2026-06-21 02:09:18.145941: I Precision	0.00282
2026-06-21 02:09:18.177688: I Recall	0.01992
2026-06-21 02:09:18.209686: I nDCG	0.01095
2026-06-21 02:09:18.209686: I MAP	0.00357
2026-06-21 02:09:18.225727: I MRR	0.01322
2026-06-21 02:09:18.240707: I Precision_u1	0.00028
2026-06-21 02:09:18.255693: I Recall_u1	0.00278
2026-06-21 02:09:18.287446: I nDCG_u1	0.00083
2026-06-21 02:09:18.303424: I MAP_u1	8e-05
2026-06-21 02:09:18.335422: I MRR_u1	0.00035
2026-06-21 02:09:22.839389: I 
2026-06-21 02:09:22.839389: I Test Evaluation results
2026-06-21 02:09:22.839389: I Cut-off: 50
2026-06-21 02:09:22.840408: I Eval Time: 4.800263404846191
2026-06-21 02:09:22.840408: I Results
2026-06-21 02:09:22.842380: I Precision	0.00207
2026-06-21 02:09:22.843390: I Recall	0.03601
2026-06-21 02:09:22.843390: I nDCG	0.01528
2026-06-21 02:09:22.851403: I MAP	0.00286
2026-06-21 02:09:22.853389: I MRR	0.01453
2026-06-21 02:09:22.854375: I Precision_u1	0.00033
2026-06-21 02:09:22.855377: I Recall_u1	0.00833
2026-06-21 02:09:22.857389: I nDCG_u1	0.00217
2026-06-21 02:09:22.861397: I MAP_u1	0.00023
2026-06-21 02:09:22.862376: I MRR_u1	0.00069
2026-06-21 02:09:26.990196: I Training ended for VSM
2026-06-21 02:09:26.990196: I Loss:\t-0.003400695774537779
2026-06-21 02:09:26.992182: I Best Model params:\t{'meta': namespace(save_recs=True), 'similarity': 'cosine', 'name': 'VSM_sim=cosine_up=tfidf_ip=tfidf_load=ItemAttributes'}
2026-06-21 02:09:26.992182: I Best Model results:\t{10: {'Precision': np.float64(0.003400695774537779), 'Recall': np.float64(0.012088879731632168), 'nDCG': np.float64(0.008296115184951122), 'MAP': np.float64(0.004101463397382563), 'MRR': np.float64(0.011814191467672295), 'Precision_u1': np.float64(0.0), 'Recall_u1': np.float64(0.0), 'nDCG_u1': np.float64(0.0), 'MAP_u1': np.float64(0.0), 'MRR_u1': np.float64(0.0)}, 20: {'Precision': np.float64(0.0028221866082945714), 'Recall': np.float64(0.019919210167673652), 'nDCG': np.float64(0.010946721352966959), 'MAP': np.float64(0.0035704256417511994), 'MRR': np.float64(0.013220828796984486), 'Precision_u1': np.float64(0.0002777777777777778), 'Recall_u1': np.float64(0.002777777777777778), 'nDCG_u1': np.float64(0.0008333710728240991), 'MAP_u1': np.float64(7.764185108741351e-05), 'MRR_u1': np.float64(0.00034722222222222224)}, 50: {'Precision': np.float64(0.002066997615604112), 'Recall': np.float64(0.03600541750687129), 'nDCG': np.float64(0.015278747681815877), 'MAP': np.float64(0.002857474512386188), 'MRR': np.float64(0.01453348527165509), 'Precision_u1': np.float64(0.0003333333333333333), 'Recall_u1': np.float64(0.008333333333333333), 'nDCG_u1': np.float64(0.0021737080047323967), 'MAP_u1': np.float64(0.0002262984485952707), 'MRR_u1': np.float64(0.0006900964023057047)}}
2026-06-21 02:09:27.482350: I End experiment
