2026-06-19 01:41:51.699810: I Start experiment
2026-06-19 01:41:51.900984: I D:\recsys-pipeline\data\processed\hm_random_keep0.05\train.tsv - Loaded
2026-06-19 01:41:51.945503: I Test Fold 0
2026-06-19 01:42:34.400004: I Statistics	Users:	15618	Items:	6222	Transactions:	24066	Sparsity:	0.9997523442093186
2026-06-19 01:43:41.313829: I Training begun for ItemKNN\n
2026-06-19 01:43:41.314808: I Hyperparameters:
2026-06-19 01:43:41.314808: I meta set to namespace(save_recs=True)
2026-06-19 01:43:41.314808: I neighbors set to 40
2026-06-19 01:43:41.315808: I similarity set to cosine
2026-06-19 01:43:41.315808: I Exploration: Test Fold exploration number 1
2026-06-19 01:43:41.315808: I Exploration: Train-Validation Fold exploration number 1
2026-06-19 01:45:03.667031: I 
2026-06-19 01:45:03.682140: I Test Evaluation results
2026-06-19 01:45:03.697103: I Cut-off: 10
2026-06-19 01:45:03.728252: I Eval Time: 1.6575193405151367
2026-06-19 01:45:03.759873: I Results
2026-06-19 01:45:03.791872: I Precision	0.00048
2026-06-19 01:45:03.808872: I Recall	0.00088
2026-06-19 01:45:03.822976: I nDCG	0.00072
2026-06-19 01:45:03.838484: I MAP	0.00049
2026-06-19 01:45:03.870489: I MRR	0.0015
2026-06-19 01:45:03.901489: I Precision_u1	0.00048
2026-06-19 01:45:03.933509: I Recall_u1	0.00095
2026-06-19 01:45:03.949047: I nDCG_u1	0.00077
2026-06-19 01:45:03.964064: I MAP_u1	0.00051
2026-06-19 01:45:03.996063: I MRR_u1	0.00158
2026-06-19 01:45:06.940436: I 
2026-06-19 01:45:06.955453: I Test Evaluation results
2026-06-19 01:45:06.970449: I Cut-off: 20
2026-06-19 01:45:06.986450: I Eval Time: 3.2658305168151855
2026-06-19 01:45:07.017451: I Results
2026-06-19 01:45:07.032455: I Precision	0.00053
2026-06-19 01:45:07.047968: I Recall	0.00195
2026-06-19 01:45:07.077967: I nDCG	0.00118
2026-06-19 01:45:07.092996: I MAP	0.0005
2026-06-19 01:45:07.107970: I MRR	0.00184
2026-06-19 01:45:07.123970: I Precision_u1	0.00049
2026-06-19 01:45:07.139981: I Recall_u1	0.00192
2026-06-19 01:45:07.171495: I nDCG_u1	0.00118
2026-06-19 01:45:07.187509: I MAP_u1	0.0005
2026-06-19 01:45:07.217609: I MRR_u1	0.00187
2026-06-19 01:45:19.378449: I 
2026-06-19 01:45:19.379446: I Test Evaluation results
2026-06-19 01:45:19.379446: I Cut-off: 50
2026-06-19 01:45:19.379446: I Eval Time: 12.466578960418701
2026-06-19 01:45:19.379446: I Results
2026-06-19 01:45:19.379446: I Precision	0.00062
2026-06-19 01:45:19.380448: I Recall	0.00577
2026-06-19 01:45:19.380448: I nDCG	0.00245
2026-06-19 01:45:19.381449: I MAP	0.00055
2026-06-19 01:45:19.382447: I MRR	0.00241
2026-06-19 01:45:19.383446: I Precision_u1	0.00058
2026-06-19 01:45:19.383446: I Recall_u1	0.00571
2026-06-19 01:45:19.384446: I nDCG_u1	0.00242
2026-06-19 01:45:19.385447: I MAP_u1	0.00052
2026-06-19 01:45:19.387446: I MRR_u1	0.00242
2026-06-19 01:45:20.759660: I Training ended for ItemKNN
2026-06-19 01:45:20.759660: I Loss:\t-0.0004802151363810987
2026-06-19 01:45:20.761661: I Best Model params:\t{'meta': namespace(save_recs=True), 'neighbors': 40, 'similarity': 'cosine', 'name': 'ItemKNN_nn=40_sim=cosine_imp=standard_bin=False_shrink=0_norm=True_asymalpha=_tvalpha=_tvbeta=_rweights='}
2026-06-19 01:45:20.761661: I Best Model results:\t{10: {'Precision': np.float64(0.0004802151363810987), 'Recall': np.float64(0.0008794635523410014), 'nDCG': np.float64(0.0007189896184009784), 'MAP': np.float64(0.0004945021718936433), 'MRR': np.float64(0.0014987285732579625), 'Precision_u1': np.float64(0.0004819741661846925), 'Recall_u1': np.float64(0.0009510991653848797), 'nDCG_u1': np.float64(0.00076761259822855), 'MAP_u1': np.float64(0.0005112445338009248), 'MRR_u1': np.float64(0.0015779681193215029)}, 20: {'Precision': np.float64(0.0005250352157766679), 'Recall': np.float64(0.0019505687821093124), 'nDCG': np.float64(0.001176531482887006), 'MAP': np.float64(0.0005003791813289279), 'MRR': np.float64(0.0018414356380774624), 'Precision_u1': np.float64(0.0004867939078465395), 'Recall_u1': np.float64(0.0019241549316737284), 'nDCG_u1': np.float64(0.0011768443404762464), 'MAP_u1': np.float64(0.0004952382307641213), 'MRR_u1': np.float64(0.0018742180180098627)}, 50: {'Precision': np.float64(0.0006210782430528878), 'Recall': np.float64(0.005769914207896281), 'nDCG': np.float64(0.002453981948861278), 'MAP': np.float64(0.0005455727445332205), 'MRR': np.float64(0.0024147137945166952), 'Precision_u1': np.float64(0.000578368999421631), 'Recall_u1': np.float64(0.0057055597830612285), 'nDCG_u1': np.float64(0.0024160615478048403), 'MAP_u1': np.float64(0.0005169123646510343), 'MRR_u1': np.float64(0.002415849615555565)}}
2026-06-19 01:45:20.794660: I End experiment
2026-06-20 01:20:29.902513: I Start experiment
2026-06-20 01:20:30.083033: I D:\recsys-pipeline\data\processed\hm_random_keep0.05\train.tsv - Loaded
2026-06-20 01:20:30.528286: I Test Fold 0
2026-06-20 01:20:52.656282: W WARNING: Your Python version is lower than 3.8. Consequently, Custom class objects created in Side Information Namespace will be created swallowly!!!!
2026-06-20 01:21:15.947177: I Statistics	Users:	15618	Items:	6222	Transactions:	24066	Sparsity:	0.9997523442093186
2026-06-20 01:22:24.446192: I Training begun for VSM\n
2026-06-20 01:22:24.446192: I Hyperparameters:
2026-06-20 01:22:24.446192: I meta set to namespace(save_recs=True)
2026-06-20 01:22:24.463735: I similarity set to cosine
2026-06-20 01:22:24.479735: I Exploration: Test Fold exploration number 1
2026-06-20 01:22:24.511736: I Exploration: Train-Validation Fold exploration number 1
2026-06-20 01:23:54.612312: I 
2026-06-20 01:23:54.628297: I Test Evaluation results
2026-06-20 01:23:54.659830: I Cut-off: 10
2026-06-20 01:23:54.675815: I Eval Time: 1.6634080410003662
2026-06-20 01:23:54.707814: I Results
2026-06-20 01:23:54.723817: I Precision	0.0015
2026-06-20 01:23:54.755340: I Recall	0.00294
2026-06-20 01:23:54.773340: I nDCG	0.0023
2026-06-20 01:23:54.804340: I MAP	0.00157
2026-06-20 01:23:54.819341: I MRR	0.00436
2026-06-20 01:23:54.835345: I Precision_u1	0.00136
2026-06-20 01:23:54.850347: I Recall_u1	0.00287
2026-06-20 01:23:54.865857: I nDCG_u1	0.00215
2026-06-20 01:23:54.882856: I MAP_u1	0.00135
2026-06-20 01:23:54.883857: I MRR_u1	0.0038
2026-06-20 01:23:57.856995: I 
2026-06-20 01:23:57.872976: I Test Evaluation results
2026-06-20 01:23:57.888978: I Cut-off: 20
2026-06-20 01:23:57.904978: I Eval Time: 3.2311155796051025
2026-06-20 01:23:57.904978: I Results
2026-06-20 01:23:57.920976: I Precision	0.00123
2026-06-20 01:23:57.950988: I Recall	0.00476
2026-06-20 01:23:57.966509: I nDCG	0.00307
2026-06-20 01:23:57.998506: I MAP	0.00145
2026-06-20 01:23:58.014501: I MRR	0.00494
2026-06-20 01:23:58.046504: I Precision_u1	0.00111
2026-06-20 01:23:58.046504: I Recall_u1	0.00465
2026-06-20 01:23:58.062012: I nDCG_u1	0.00289
2026-06-20 01:23:58.093015: I MAP_u1	0.00128
2026-06-20 01:23:58.109013: I MRR_u1	0.00433
2026-06-20 01:24:09.654764: I 
2026-06-20 01:24:09.655765: I Test Evaluation results
2026-06-20 01:24:09.655765: I Cut-off: 50
2026-06-20 01:24:09.656764: I Eval Time: 11.82435917854309
2026-06-20 01:24:09.656764: I Results
2026-06-20 01:24:09.656764: I Precision	0.00105
2026-06-20 01:24:09.656764: I Recall	0.01004
2026-06-20 01:24:09.656764: I nDCG	0.00486
2026-06-20 01:24:09.656764: I MAP	0.00126
2026-06-20 01:24:09.656764: I MRR	0.00566
2026-06-20 01:24:09.657762: I Precision_u1	0.00092
2026-06-20 01:24:09.657762: I Recall_u1	0.00932
2026-06-20 01:24:09.657762: I nDCG_u1	0.00444
2026-06-20 01:24:09.657762: I MAP_u1	0.00111
2026-06-20 01:24:09.657762: I MRR_u1	0.00494
2026-06-20 01:24:11.228381: I Training ended for VSM
2026-06-20 01:24:11.228381: I Loss:\t-0.001498271225509028
2026-06-20 01:24:11.230407: I Best Model params:\t{'meta': namespace(save_recs=True), 'similarity': 'cosine', 'name': 'VSM_sim=cosine_up=tfidf_ip=tfidf_load=ItemAttributes'}
2026-06-20 01:24:11.230407: I Best Model results:\t{10: {'Precision': np.float64(0.001498271225509028), 'Recall': np.float64(0.0029379326440409806), 'nDCG': np.float64(0.002300413528933121), 'MAP': np.float64(0.001571822906820986), 'MRR': np.float64(0.004355424245935195), 'Precision_u1': np.float64(0.0013591671486408328), 'Recall_u1': np.float64(0.00287015963707693), 'nDCG_u1': np.float64(0.0021492111319144345), 'MAP_u1': np.float64(0.0013543359314036006), 'MRR_u1': np.float64(0.003796694116242988)}, 20: {'Precision': np.float64(0.0012293507491356128), 'Recall': np.float64(0.00476463339025767), 'nDCG': np.float64(0.003073853636342405), 'MAP': np.float64(0.0014481902293168676), 'MRR': np.float64(0.004937742649029876), 'Precision_u1': np.float64(0.001108540582224793), 'Recall_u1': np.float64(0.004647458500841958), 'nDCG_u1': np.float64(0.0028925245359168114), 'MAP_u1': np.float64(0.0012824020454680594), 'MRR_u1': np.float64(0.004328915041264652)}, 50: {'Precision': np.float64(0.0010475092841593034), 'Recall': np.float64(0.010044370285842676), 'nDCG': np.float64(0.004858164247597602), 'MAP': np.float64(0.0012638709152487466), 'MRR': np.float64(0.005655430848706643), 'Precision_u1': np.float64(0.000915750915750916), 'Recall_u1': np.float64(0.009324562238096072), 'nDCG_u1': np.float64(0.004443269766242724), 'MAP_u1': np.float64(0.0011098600824104563), 'MRR_u1': np.float64(0.004938626428408059)}}
2026-06-20 01:24:11.266386: I End experiment
