2026-06-19 02:34:59.911150: I Start experiment
2026-06-19 02:35:00.176191: I D:\recsys-pipeline\data\processed\hm_tail_keep0.1\train.tsv - Loaded
2026-06-19 02:35:00.228048: I Test Fold 0
2026-06-19 02:36:28.127994: I Statistics	Users:	15618	Items:	4461	Transactions:	54873	Sparsity:	0.9992124084232641
2026-06-19 02:37:34.880124: I Training begun for ItemKNN\n
2026-06-19 02:37:34.880124: I Hyperparameters:
2026-06-19 02:37:34.881122: I meta set to namespace(save_recs=True)
2026-06-19 02:37:34.881122: I neighbors set to 40
2026-06-19 02:37:34.881122: I similarity set to cosine
2026-06-19 02:37:34.882122: I Exploration: Test Fold exploration number 1
2026-06-19 02:37:34.882122: I Exploration: Train-Validation Fold exploration number 1
2026-06-19 02:38:18.692059: I 
2026-06-19 02:38:18.708075: I Test Evaluation results
2026-06-19 02:38:18.740111: I Cut-off: 10
2026-06-19 02:38:18.755593: I Eval Time: 1.17234206199646
2026-06-19 02:38:18.771594: I Results
2026-06-19 02:38:18.787595: I Precision	0.00278
2026-06-19 02:38:18.787595: I Recall	0.00528
2026-06-19 02:38:18.803595: I nDCG	0.00506
2026-06-19 02:38:18.819595: I MAP	0.0039
2026-06-19 02:38:18.851099: I MRR	0.01134
2026-06-19 02:38:18.882104: I Precision_u1	0.00044
2026-06-19 02:38:18.913119: I Recall_u1	0.00094
2026-06-19 02:38:18.929103: I nDCG_u1	0.00087
2026-06-19 02:38:18.960699: I MAP_u1	0.00063
2026-06-19 02:38:19.008716: I MRR_u1	0.00194
2026-06-19 02:38:21.031101: I 
2026-06-19 02:38:21.047107: I Test Evaluation results
2026-06-19 02:38:21.062725: I Cut-off: 20
2026-06-19 02:38:21.094726: I Eval Time: 2.338043451309204
2026-06-19 02:38:21.110728: I Results
2026-06-19 02:38:21.141841: I Precision	0.00202
2026-06-19 02:38:21.157355: I Recall	0.00767
2026-06-19 02:38:21.173373: I nDCG	0.00607
2026-06-19 02:38:21.189261: I MAP	0.0031
2026-06-19 02:38:21.205261: I MRR	0.01215
2026-06-19 02:38:21.220286: I Precision_u1	0.00046
2026-06-19 02:38:21.250420: I Recall_u1	0.00186
2026-06-19 02:38:21.266527: I nDCG_u1	0.00126
2026-06-19 02:38:21.298522: I MAP_u1	0.00054
2026-06-19 02:38:21.314418: I MRR_u1	0.00224
2026-06-19 02:38:29.953533: I 
2026-06-19 02:38:29.953533: I Test Evaluation results
2026-06-19 02:38:29.953533: I Cut-off: 50
2026-06-19 02:38:29.954537: I Eval Time: 8.939535140991211
2026-06-19 02:38:29.954537: I Results
2026-06-19 02:38:29.954537: I Precision	0.00122
2026-06-19 02:38:29.955531: I Recall	0.01149
2026-06-19 02:38:29.955531: I nDCG	0.00736
2026-06-19 02:38:29.958531: I MAP	0.00214
2026-06-19 02:38:29.959531: I MRR	0.0127
2026-06-19 02:38:29.963047: I Precision_u1	0.00037
2026-06-19 02:38:29.968073: I Recall_u1	0.00377
2026-06-19 02:38:29.970049: I nDCG_u1	0.00188
2026-06-19 02:38:29.970049: I MAP_u1	0.00045
2026-06-19 02:38:29.971048: I MRR_u1	0.00249
2026-06-19 02:38:31.500909: I Training ended for ItemKNN
2026-06-19 02:38:31.500909: I Loss:\t-0.0027788449225252913
2026-06-19 02:38:31.500909: I Best Model params:\t{'meta': namespace(save_recs=True), 'neighbors': 40, 'similarity': 'cosine', 'name': 'ItemKNN_nn=40_sim=cosine_imp=standard_bin=False_shrink=0_norm=True_asymalpha=_tvalpha=_tvbeta=_rweights='}
2026-06-19 02:38:31.503905: I Best Model results:\t{10: {'Precision': np.float64(0.0027788449225252913), 'Recall': np.float64(0.005277884553917864), 'nDCG': np.float64(0.005061856166023063), 'MAP': np.float64(0.003899433295322654), 'MRR': np.float64(0.01134481581081658), 'Precision_u1': np.float64(0.0004427227448810183), 'Recall_u1': np.float64(0.0009407858328721638), 'nDCG_u1': np.float64(0.0008690789977359816), 'MAP_u1': np.float64(0.0006272783970625698), 'MRR_u1': np.float64(0.0019395472632882705)}, 20: {'Precision': np.float64(0.0020233064412856962), 'Recall': np.float64(0.007671065199359238), 'nDCG': np.float64(0.0060669777784565565), 'MAP': np.float64(0.0030987518431264127), 'MRR': np.float64(0.012146731901935172), 'Precision_u1': np.float64(0.0004565578306585501), 'Recall_u1': np.float64(0.001857634771303836), 'nDCG_u1': np.float64(0.0012597175169437173), 'MAP_u1': np.float64(0.0005403940216988801), 'MRR_u1': np.float64(0.0022356838994621884)}, 50: {'Precision': np.float64(0.001220386733256499), 'Recall': np.float64(0.011490158173624419), 'nDCG': np.float64(0.007359712554171557), 'MAP': np.float64(0.0021399665166585828), 'MRR': np.float64(0.012704128293649326), 'Precision_u1': np.float64(0.0003707802988378528), 'Recall_u1': np.float64(0.00377412355829622), 'nDCG_u1': np.float64(0.0018786071063787752), 'MAP_u1': np.float64(0.0004465387677905519), 'MRR_u1': np.float64(0.002488513246942851)}}
2026-06-19 02:38:31.533915: I End experiment
2026-06-20 02:16:23.176858: I Start experiment
2026-06-20 02:16:23.401343: I D:\recsys-pipeline\data\processed\hm_tail_keep0.1\train.tsv - Loaded
2026-06-20 02:16:23.857041: I Test Fold 0
2026-06-20 02:17:08.845318: W WARNING: Your Python version is lower than 3.8. Consequently, Custom class objects created in Side Information Namespace will be created swallowly!!!!
2026-06-20 02:17:55.735981: I Statistics	Users:	15618	Items:	4461	Transactions:	54873	Sparsity:	0.9992124084232641
2026-06-20 02:19:05.469163: I Training begun for VSM\n
2026-06-20 02:19:05.469163: I Hyperparameters:
2026-06-20 02:19:05.470198: I meta set to namespace(save_recs=True)
2026-06-20 02:19:05.470198: I similarity set to cosine
2026-06-20 02:19:05.470198: I Exploration: Test Fold exploration number 1
2026-06-20 02:19:05.470198: I Exploration: Train-Validation Fold exploration number 1
2026-06-20 02:20:01.294863: I 
2026-06-20 02:20:01.310846: I Test Evaluation results
2026-06-20 02:20:01.325846: I Cut-off: 10
2026-06-20 02:20:01.341851: I Eval Time: 1.1368863582611084
2026-06-20 02:20:01.373359: I Results
2026-06-20 02:20:01.389389: I Precision	0.00194
2026-06-20 02:20:01.405360: I Recall	0.00373
2026-06-20 02:20:01.421362: I nDCG	0.00276
2026-06-20 02:20:01.436365: I MAP	0.00174
2026-06-20 02:20:01.467873: I MRR	0.0048
2026-06-20 02:20:01.483874: I Precision_u1	0.00116
2026-06-20 02:20:01.515874: I Recall_u1	0.00243
2026-06-20 02:20:01.547396: I nDCG_u1	0.00183
2026-06-20 02:20:01.579393: I MAP_u1	0.00114
2026-06-20 02:20:01.595398: I MRR_u1	0.00324
2026-06-20 02:20:03.620308: I 
2026-06-20 02:20:03.635301: I Test Evaluation results
2026-06-20 02:20:03.650827: I Cut-off: 20
2026-06-20 02:20:03.665827: I Eval Time: 2.3254318237304688
2026-06-20 02:20:03.697827: I Results
2026-06-20 02:20:03.713830: I Precision	0.00173
2026-06-20 02:20:03.746339: I Recall	0.00671
2026-06-20 02:20:03.777345: I nDCG	0.00403
2026-06-20 02:20:03.778346: I MAP	0.0018
2026-06-20 02:20:03.793345: I MRR	0.00567
2026-06-20 02:20:03.825349: I Precision_u1	0.00091
2026-06-20 02:20:03.841350: I Recall_u1	0.00382
2026-06-20 02:20:03.872861: I nDCG_u1	0.0024
2026-06-20 02:20:03.904862: I MAP_u1	0.00106
2026-06-20 02:20:03.936867: I MRR_u1	0.00362
2026-06-20 02:20:12.320096: I 
2026-06-20 02:20:12.320096: I Test Evaluation results
2026-06-20 02:20:12.321093: I Cut-off: 50
2026-06-20 02:20:12.321093: I Eval Time: 8.71890640258789
2026-06-20 02:20:12.321093: I Results
2026-06-20 02:20:12.322094: I Precision	0.00125
2026-06-20 02:20:12.322094: I Recall	0.01198
2026-06-20 02:20:12.325093: I nDCG	0.00581
2026-06-20 02:20:12.326094: I MAP	0.00158
2026-06-20 02:20:12.330095: I MRR	0.00636
2026-06-20 02:20:12.332093: I Precision_u1	0.00085
2026-06-20 02:20:12.334097: I Recall_u1	0.00859
2026-06-20 02:20:12.336092: I nDCG_u1	0.00399
2026-06-20 02:20:12.338091: I MAP_u1	0.00095
2026-06-20 02:20:12.339093: I MRR_u1	0.00421
2026-06-20 02:20:13.898632: I Training ended for VSM
2026-06-20 02:20:13.899617: I Loss:\t-0.001940069150979639
2026-06-20 02:20:13.900640: I Best Model params:\t{'meta': namespace(save_recs=True), 'similarity': 'cosine', 'name': 'VSM_sim=cosine_up=tfidf_ip=tfidf_load=ItemAttributes'}
2026-06-20 02:20:13.900640: I Best Model results:\t{10: {'Precision': np.float64(0.001940069150979639), 'Recall': np.float64(0.0037272213364279083), 'nDCG': np.float64(0.0027591011992524612), 'MAP': np.float64(0.0017434274046836476), 'MRR': np.float64(0.004804158612264644), 'Precision_u1': np.float64(0.001162147205312673), 'Recall_u1': np.float64(0.002431681028803331), 'nDCG_u1': np.float64(0.0018313370528180949), 'MAP_u1': np.float64(0.0011437004242759636), 'MRR_u1': np.float64(0.00323554343338516)}, 20: {'Precision': np.float64(0.0017287744909719553), 'Recall': np.float64(0.0067132200917313116), 'nDCG': np.float64(0.0040255865870025866), 'MAP': np.float64(0.001797792608906452), 'MRR': np.float64(0.005674595019706459), 'Precision_u1': np.float64(0.0009131156613171002), 'Recall_u1': np.float64(0.0038201307086199172), 'nDCG_u1': np.float64(0.0023986040606816346), 'MAP_u1': np.float64(0.0010571930407208292), 'MRR_u1': np.float64(0.0036194193715533155)}, 50: {'Precision': np.float64(0.0012524010756819056), 'Recall': np.float64(0.011983130229506464), 'nDCG': np.float64(0.0058096011492905116), 'MAP': np.float64(0.0015843121366727194), 'MRR': np.float64(0.006356493313019035), 'Precision_u1': np.float64(0.0008522412838959601), 'Recall_u1': np.float64(0.00859466273135338), 'nDCG_u1': np.float64(0.003985108482246455), 'MAP_u1': np.float64(0.0009532262032065593), 'MRR_u1': np.float64(0.004214207633183984)}}
2026-06-20 02:20:13.941615: I End experiment
