2026-06-13 19:04:20.751132: I Start experiment
2026-06-13 19:04:21.211214: I D:\recsys-pipeline\data\processed\hm_random_keep0.1\train.tsv - Loaded
2026-06-13 19:04:21.446146: I Test Fold 0
2026-06-13 19:18:17.657697: I Statistics	Users:	63657	Items:	10994	Transactions:	118718	Sparsity:	0.9998303653092311
2026-06-13 19:34:53.796691: I Training begun for ItemKNN\n
2026-06-13 19:34:53.797689: I Hyperparameters:
2026-06-13 19:34:53.797689: I meta set to namespace(save_recs=True)
2026-06-13 19:34:53.798688: I neighbors set to 40
2026-06-13 19:34:53.798688: I similarity set to cosine
2026-06-13 19:34:53.798688: I Exploration: Test Fold exploration number 1
2026-06-13 19:34:53.798688: I Exploration: Train-Validation Fold exploration number 1
2026-06-13 19:51:33.303042: I 
2026-06-13 19:51:33.334056: I Test Evaluation results
2026-06-13 19:51:33.334056: I Cut-off: 10
2026-06-13 19:51:33.366056: I Eval Time: 5.601497650146484
2026-06-13 19:51:33.382057: I Results
2026-06-13 19:51:33.397575: I Precision	0.00086
2026-06-13 19:51:33.428586: I Recall	0.0017
2026-06-13 19:51:33.460570: I nDCG	0.00135
2026-06-13 19:51:33.476588: I MAP	0.0009
2026-06-13 19:51:33.492599: I MRR	0.00264
2026-06-13 19:51:33.508155: I Precision_u1	0.00073
2026-06-13 19:51:33.539153: I Recall_u1	0.0016
2026-06-13 19:51:33.554168: I nDCG_u1	0.00125
2026-06-13 19:51:33.570168: I MAP_u1	0.0008
2026-06-13 19:51:33.601666: I MRR_u1	0.00237
2026-06-13 19:51:44.169839: I 
2026-06-13 19:51:44.201848: I Test Evaluation results
2026-06-13 19:51:44.217298: I Cut-off: 20
2026-06-13 19:51:44.249299: I Eval Time: 10.837792158126831
2026-06-13 19:51:44.265297: I Results
2026-06-13 19:51:44.297322: I Precision	0.00081
2026-06-13 19:51:44.312884: I Recall	0.00322
2026-06-13 19:51:44.328881: I nDCG	0.00197
2026-06-13 19:51:44.344999: I MAP	0.00086
2026-06-13 19:51:44.360999: I MRR	0.00315
2026-06-13 19:51:44.376990: I Precision_u1	0.00066
2026-06-13 19:51:44.392116: I Recall_u1	0.00293
2026-06-13 19:51:44.407826: I nDCG_u1	0.00178
2026-06-13 19:51:44.423718: I MAP_u1	0.00074
2026-06-13 19:51:44.438718: I MRR_u1	0.00276
2026-06-13 19:52:24.716728: I 
2026-06-13 19:52:24.717717: I Test Evaluation results
2026-06-13 19:52:24.717717: I Cut-off: 50
2026-06-13 19:52:24.718721: I Eval Time: 40.55688834190369
2026-06-13 19:52:24.719720: I Results
2026-06-13 19:52:24.720719: I Precision	0.00086
2026-06-13 19:52:24.733721: I Recall	0.0086
2026-06-13 19:52:24.734726: I nDCG	0.00374
2026-06-13 19:52:24.736724: I MAP	0.00087
2026-06-13 19:52:24.736724: I MRR	0.00394
2026-06-13 19:52:24.738233: I Precision_u1	0.00073
2026-06-13 19:52:24.739243: I Recall_u1	0.00796
2026-06-13 19:52:24.740244: I nDCG_u1	0.00341
2026-06-13 19:52:24.741241: I MAP_u1	0.00075
2026-06-13 19:52:24.741241: I MRR_u1	0.00344
2026-06-13 19:52:30.850188: I Training ended for ItemKNN
2026-06-13 19:52:30.858190: I Loss:\t-0.0008577218530562233
2026-06-13 19:52:30.858190: I Best Model params:\t{'meta': namespace(save_recs=True), 'neighbors': 40, 'similarity': 'cosine', 'name': 'ItemKNN_nn=40_sim=cosine_imp=standard_bin=False_shrink=0_norm=True_asymalpha=_tvalpha=_tvbeta=_rweights='}
2026-06-13 19:52:30.859191: I Best Model results:\t{10: {'Precision': np.float64(0.0008577218530562233), 'Recall': np.float64(0.0017017446651051739), 'nDCG': np.float64(0.0013491642969183364), 'MAP': np.float64(0.0009002376576249049), 'MRR': np.float64(0.0026433457485816225), 'Precision_u1': np.float64(0.0007324704878395677), 'Recall_u1': np.float64(0.0016042346889665905), 'nDCG_u1': np.float64(0.00124819751054558), 'MAP_u1': np.float64(0.0008047086824110008), 'MRR_u1': np.float64(0.0023687050319108347)}, 20: {'Precision': np.float64(0.0008121651978572665), 'Recall': np.float64(0.0032165433868327578), 'nDCG': np.float64(0.001973145904556249), 'MAP': np.float64(0.0008609827951463214), 'MRR': np.float64(0.0031476425594918907), 'Precision_u1': np.float64(0.0006613568482434931), 'Recall_u1': np.float64(0.002929771637992375), 'nDCG_u1': np.float64(0.001778882293686948), 'MAP_u1': np.float64(0.0007405049025097819), 'MRR_u1': np.float64(0.0027580974745274336)}, 50: {'Precision': np.float64(0.0008640055296353896), 'Recall': np.float64(0.00859679218209891), 'nDCG': np.float64(0.003744292343220186), 'MAP': np.float64(0.0008717291665862408), 'MRR': np.float64(0.00393667893319182), 'Precision_u1': np.float64(0.0007253591238799603), 'Recall_u1': np.float64(0.007959462243614568), 'nDCG_u1': np.float64(0.003407395910695291), 'MAP_u1': np.float64(0.0007508764371824658), 'MRR_u1': np.float64(0.0034429019011670715)}}
2026-06-13 19:52:30.868191: I End experiment
2026-06-18 04:15:49.840868: I Start experiment
2026-06-18 04:15:50.360396: I D:\recsys-pipeline\data\processed\hm_random_keep0.1\train.tsv - Loaded
2026-06-18 04:15:50.620778: I Test Fold 0 - Validation Fold 0
2026-06-18 04:26:36.741588: I Statistics	Users:	27491	Items:	14202	Transactions:	231431	Sparsity:	0.9994072364561953
2026-06-18 04:34:48.642736: I Training begun for ItemKNN\n
2026-06-18 04:34:48.642736: I Hyperparameters:
2026-06-18 04:34:48.642736: I meta set to namespace(save_recs=True)
2026-06-18 04:34:48.643737: I neighbors set to 40
2026-06-18 04:34:48.643737: I similarity set to cosine
2026-06-18 04:34:48.643737: I Exploration: Test Fold exploration number 1
2026-06-18 04:34:48.644736: I Exploration: Train-Validation Fold exploration number 1
2026-06-18 04:44:34.848858: I 
2026-06-18 04:44:34.863858: I Validation Evaluation results
2026-06-18 04:44:34.975690: I Cut-off: 10
2026-06-18 04:44:34.989688: I Eval Time: 1.146172046661377
2026-06-18 04:44:35.021798: I Results
2026-06-18 04:44:35.036530: I Precision	0.00017
2026-06-18 04:44:35.051687: I Recall	0.00128
2026-06-18 04:44:35.082876: I nDCG	0.00058
2026-06-18 04:44:35.098691: I MAP	0.00016
2026-06-18 04:44:35.113782: I MRR	0.00044
2026-06-18 04:44:35.145487: I Precision_u1	0.0
2026-06-18 04:44:35.161488: I Recall_u1	0.0
2026-06-18 04:44:35.177481: I nDCG_u1	0.0
2026-06-18 04:44:35.193494: I MAP_u1	0.0
2026-06-18 04:44:35.209488: I MRR_u1	0.0
2026-06-18 04:44:37.366756: I 
2026-06-18 04:44:37.382757: I Test Evaluation results
2026-06-18 04:44:37.414776: I Cut-off: 10
2026-06-18 04:44:37.446525: I Eval Time: 2.5246260166168213
2026-06-18 04:44:37.478553: I Results
2026-06-18 04:44:37.510559: I Precision	0.00174
2026-06-18 04:44:37.526676: I Recall	0.00147
2026-06-18 04:44:37.558366: I nDCG	0.0019
2026-06-18 04:44:37.573351: I MAP	0.00196
2026-06-18 04:44:37.589364: I MRR	0.00571
2026-06-18 04:44:37.605363: I Precision_u1	0.0
2026-06-18 04:44:37.621469: I Recall_u1	0.0
2026-06-18 04:44:37.637198: I nDCG_u1	0.0
2026-06-18 04:44:37.653191: I MAP_u1	0.0
2026-06-18 04:44:37.685198: I MRR_u1	0.0
2026-06-18 04:44:39.382793: I 
2026-06-18 04:44:39.414897: I Validation Evaluation results
2026-06-18 04:44:39.431799: I Cut-off: 20
2026-06-18 04:44:39.446516: I Eval Time: 2.002192735671997
2026-06-18 04:44:39.462516: I Results
2026-06-18 04:44:39.494518: I Precision	0.00017
2026-06-18 04:44:39.510631: I Recall	0.00251
2026-06-18 04:44:39.510631: I nDCG	0.00092
2026-06-18 04:44:39.541028: I MAP	0.00016
2026-06-18 04:44:39.556127: I MRR	0.00055
2026-06-18 04:44:39.588130: I Precision_u1	0.0
2026-06-18 04:44:39.619131: I Recall_u1	0.0
2026-06-18 04:44:39.650951: I nDCG_u1	0.0
2026-06-18 04:44:39.666962: I MAP_u1	0.0
2026-06-18 04:44:39.682858: I MRR_u1	0.0
2026-06-18 04:44:44.453741: I 
2026-06-18 04:44:44.469756: I Test Evaluation results
2026-06-18 04:44:44.484742: I Cut-off: 20
2026-06-18 04:44:44.499757: I Eval Time: 5.0703394412994385
2026-06-18 04:44:44.530785: I Results
2026-06-18 04:44:44.562306: I Precision	0.00144
2026-06-18 04:44:44.594290: I Recall	0.00243
2026-06-18 04:44:44.626291: I nDCG	0.00223
2026-06-18 04:44:44.657505: I MAP	0.00175
2026-06-18 04:44:44.688254: I MRR	0.00646
2026-06-18 04:44:44.720362: I Precision_u1	0.0
2026-06-18 04:44:44.752084: I Recall_u1	0.0
2026-06-18 04:44:44.783974: I nDCG_u1	0.0
2026-06-18 04:44:44.814973: I MAP_u1	0.0
2026-06-18 04:44:44.846494: I MRR_u1	0.0
2026-06-18 04:44:50.189050: I 
2026-06-18 04:44:50.189050: I Validation Evaluation results
2026-06-18 04:44:50.219952: I Cut-off: 50
2026-06-18 04:44:50.235955: I Eval Time: 5.718720436096191
2026-06-18 04:44:50.235955: I Results
2026-06-18 04:44:50.251776: I Precision	0.00015
2026-06-18 04:44:50.267772: I Recall	0.00531
2026-06-18 04:44:50.283669: I nDCG	0.00152
2026-06-18 04:44:50.299669: I MAP	0.00016
2026-06-18 04:44:50.331768: I MRR	0.00068
2026-06-18 04:44:50.347785: I Precision_u1	0.00018
2026-06-18 04:44:50.363288: I Recall_u1	0.00877
2026-06-18 04:44:50.379290: I nDCG_u1	0.00155
2026-06-18 04:44:50.395304: I MAP_u1	1e-05
2026-06-18 04:44:50.411184: I MRR_u1	0.00018
2026-06-18 04:45:11.842301: I 
2026-06-18 04:45:11.842301: I Test Evaluation results
2026-06-18 04:45:11.842301: I Cut-off: 50
2026-06-18 04:45:11.843298: I Eval Time: 21.676342010498047
2026-06-18 04:45:11.843298: I Results
2026-06-18 04:45:11.843298: I Precision	0.00112
2026-06-18 04:45:11.843298: I Recall	0.00476
2026-06-18 04:45:11.843298: I nDCG	0.00326
2026-06-18 04:45:11.843298: I MAP	0.00144
2026-06-18 04:45:11.844299: I MRR	0.00725
2026-06-18 04:45:11.845298: I Precision_u1	0.00046
2026-06-18 04:45:11.845298: I Recall_u1	0.00278
2026-06-18 04:45:11.846297: I nDCG_u1	0.00116
2026-06-18 04:45:11.847295: I MAP_u1	0.00025
2026-06-18 04:45:11.849299: I MRR_u1	0.0008
2026-06-18 04:45:14.748476: I Training ended for ItemKNN
2026-06-18 04:45:14.749475: I Loss:\t-0.00016742493175614197
2026-06-18 04:45:14.749475: I Best Model params:\t{'meta': namespace(save_recs=True), 'neighbors': 40, 'similarity': 'cosine', 'name': 'ItemKNN_nn=40_sim=cosine_imp=standard_bin=False_shrink=0_norm=True_asymalpha=_tvalpha=_tvbeta=_rweights='}
2026-06-18 04:45:14.749475: I Best Model results:\t{10: {'Precision': np.float64(0.001738750863919101), 'Recall': np.float64(0.001469714301564564), 'nDCG': np.float64(0.0018992841789467149), 'MAP': np.float64(0.0019561178174906306), 'MRR': np.float64(0.005712504467551574), 'Precision_u1': np.float64(0.0), 'Recall_u1': np.float64(0.0), 'nDCG_u1': np.float64(0.0), 'MAP_u1': np.float64(0.0), 'MRR_u1': np.float64(0.0)}, 20: {'Precision': np.float64(0.0014422902040667858), 'Recall': np.float64(0.002433282391787165), 'nDCG': np.float64(0.002231275103246722), 'MAP': np.float64(0.0017539983953783124), 'MRR': np.float64(0.0064580056683861435), 'Precision_u1': np.float64(0.0), 'Recall_u1': np.float64(0.0), 'nDCG_u1': np.float64(0.0), 'MAP_u1': np.float64(0.0), 'MRR_u1': np.float64(0.0)}, 50: {'Precision': np.float64(0.0011225491979193192), 'Recall': np.float64(0.0047646144651535315), 'nDCG': np.float64(0.0032550145622560304), 'MAP': np.float64(0.001443569246903937), 'MRR': np.float64(0.007246814003271926), 'Precision_u1': np.float64(0.00046153846153846153), 'Recall_u1': np.float64(0.002777777777777778), 'nDCG_u1': np.float64(0.0011621519900423469), 'MAP_u1': np.float64(0.00025190272393016937), 'MRR_u1': np.float64(0.000803030303030303)}}
2026-06-18 04:45:14.803022: I End experiment
2026-06-19 01:45:23.225686: I Start experiment
2026-06-19 01:45:23.435597: I D:\recsys-pipeline\data\processed\hm_random_keep0.1\train.tsv - Loaded
2026-06-19 01:45:23.485768: I Test Fold 0
2026-06-19 01:46:50.829587: I Statistics	Users:	15618	Items:	8238	Transactions:	54398	Sparsity:	0.9995771992718482
2026-06-19 01:47:58.095267: I Training begun for ItemKNN\n
2026-06-19 01:47:58.096205: I Hyperparameters:
2026-06-19 01:47:58.096205: I meta set to namespace(save_recs=True)
2026-06-19 01:47:58.097168: I neighbors set to 40
2026-06-19 01:47:58.097168: I similarity set to cosine
2026-06-19 01:47:58.097168: I Exploration: Test Fold exploration number 1
2026-06-19 01:47:58.097168: I Exploration: Train-Validation Fold exploration number 1
2026-06-19 01:50:03.873269: I 
2026-06-19 01:50:03.873269: I Test Evaluation results
2026-06-19 01:50:03.904273: I Cut-off: 10
2026-06-19 01:50:03.936397: I Eval Time: 1.1428804397583008
2026-06-19 01:50:03.952087: I Results
2026-06-19 01:50:03.968086: I Precision	0.0007
2026-06-19 01:50:03.983084: I Recall	0.00132
2026-06-19 01:50:04.010090: I nDCG	0.00107
2026-06-19 01:50:04.046888: I MAP	0.00074
2026-06-19 01:50:04.062888: I MRR	0.00219
2026-06-19 01:50:04.094927: I Precision_u1	0.00063
2026-06-19 01:50:04.110899: I Recall_u1	0.00145
2026-06-19 01:50:04.142680: I nDCG_u1	0.00096
2026-06-19 01:50:04.187687: I MAP_u1	0.00052
2026-06-19 01:50:04.219689: I MRR_u1	0.0015
2026-06-19 01:50:06.145869: I 
2026-06-19 01:50:06.161852: I Test Evaluation results
2026-06-19 01:50:06.177858: I Cut-off: 20
2026-06-19 01:50:06.177858: I Eval Time: 2.2797627449035645
2026-06-19 01:50:06.194856: I Results
2026-06-19 01:50:06.225853: I Precision	0.0007
2026-06-19 01:50:06.241905: I Recall	0.00253
2026-06-19 01:50:06.257691: I nDCG	0.0016
2026-06-19 01:50:06.289692: I MAP	0.00072
2026-06-19 01:50:06.305695: I MRR	0.00265
2026-06-19 01:50:06.336796: I Precision_u1	0.00054
2026-06-19 01:50:06.352480: I Recall_u1	0.00237
2026-06-19 01:50:06.368481: I nDCG_u1	0.00134
2026-06-19 01:50:06.384479: I MAP_u1	0.00053
2026-06-19 01:50:06.399487: I MRR_u1	0.00178
2026-06-19 01:50:14.807295: I 
2026-06-19 01:50:14.807295: I Test Evaluation results
2026-06-19 01:50:14.808334: I Cut-off: 50
2026-06-19 01:50:14.808334: I Eval Time: 8.681257009506226
2026-06-19 01:50:14.808334: I Results
2026-06-19 01:50:14.808334: I Precision	0.00066
2026-06-19 01:50:14.811295: I Recall	0.00605
2026-06-19 01:50:14.812289: I nDCG	0.00277
2026-06-19 01:50:14.812289: I MAP	0.00069
2026-06-19 01:50:14.816298: I MRR	0.0032
2026-06-19 01:50:14.819290: I Precision_u1	0.00051
2026-06-19 01:50:14.820295: I Recall_u1	0.00558
2026-06-19 01:50:14.822289: I nDCG_u1	0.00238
2026-06-19 01:50:14.822289: I MAP_u1	0.00053
2026-06-19 01:50:14.824285: I MRR_u1	0.00222
2026-06-19 01:50:16.370867: I Training ended for ItemKNN
2026-06-19 01:50:16.370867: I Loss:\t-0.0007043155333589449
2026-06-19 01:50:16.370867: I Best Model params:\t{'meta': namespace(save_recs=True), 'neighbors': 40, 'similarity': 'cosine', 'name': 'ItemKNN_nn=40_sim=cosine_imp=standard_bin=False_shrink=0_norm=True_asymalpha=_tvalpha=_tvbeta=_rweights='}
2026-06-19 01:50:16.372524: I Best Model results:\t{10: {'Precision': np.float64(0.0007043155333589449), 'Recall': np.float64(0.0013183797605618582), 'nDCG': np.float64(0.001067001072356906), 'MAP': np.float64(0.0007350518429081626), 'MRR': np.float64(0.002188993367441312), 'Precision_u1': np.float64(0.000628930817610063), 'Recall_u1': np.float64(0.0014490072758663213), 'nDCG_u1': np.float64(0.0009646945676353415), 'MAP_u1': np.float64(0.0005223179418517932), 'MRR_u1': np.float64(0.0014981883738820476)}, 20: {'Precision': np.float64(0.0007043155333589449), 'Recall': np.float64(0.002525563535936183), 'nDCG': np.float64(0.0015950554578491238), 'MAP': np.float64(0.0007183313391911562), 'MRR': np.float64(0.002654499246257803), 'Precision_u1': np.float64(0.000536440991490936), 'Recall_u1': np.float64(0.00237390553705759), 'nDCG_u1': np.float64(0.0013404795838741915), 'MAP_u1': np.float64(0.0005297386739918774), 'MRR_u1': np.float64(0.0017750839615434508)}, 50: {'Precision': np.float64(0.0006556537328723269), 'Recall': np.float64(0.006050797497205488), 'nDCG': np.float64(0.002773595216830061), 'MAP': np.float64(0.0006887852951082151), 'MRR': np.float64(0.0032021546696112185), 'Precision_u1': np.float64(0.0005105438401775804), 'Recall_u1': np.float64(0.00557816417971801), 'nDCG_u1': np.float64(0.0023766583881524063), 'MAP_u1': np.float64(0.0005317138391603268), 'MRR_u1': np.float64(0.0022231322999519522)}}
2026-06-19 01:50:16.422479: I End experiment
2026-06-20 01:24:13.395005: I Start experiment
2026-06-20 01:24:13.608853: I D:\recsys-pipeline\data\processed\hm_random_keep0.1\train.tsv - Loaded
2026-06-20 01:24:14.053579: I Test Fold 0
2026-06-20 01:24:59.752921: W WARNING: Your Python version is lower than 3.8. Consequently, Custom class objects created in Side Information Namespace will be created swallowly!!!!
2026-06-20 01:25:45.787027: I Statistics	Users:	15618	Items:	8238	Transactions:	54398	Sparsity:	0.9995771992718482
2026-06-20 01:26:54.191321: I Training begun for VSM\n
2026-06-20 01:26:54.191321: I Hyperparameters:
2026-06-20 01:26:54.191321: I meta set to namespace(save_recs=True)
2026-06-20 01:26:54.191321: I similarity set to cosine
2026-06-20 01:26:54.192318: I Exploration: Test Fold exploration number 1
2026-06-20 01:26:54.210320: I Exploration: Train-Validation Fold exploration number 1
2026-06-20 01:29:19.245053: I 
2026-06-20 01:29:19.261058: I Test Evaluation results
2026-06-20 01:29:19.293057: I Cut-off: 10
2026-06-20 01:29:19.325058: I Eval Time: 1.1308023929595947
2026-06-20 01:29:19.356577: I Results
2026-06-20 01:29:19.372576: I Precision	0.00276
2026-06-20 01:29:19.388576: I Recall	0.00525
2026-06-20 01:29:19.420576: I nDCG	0.00418
2026-06-20 01:29:19.436580: I MAP	0.00291
2026-06-20 01:29:19.468091: I MRR	0.0077
2026-06-20 01:29:19.500092: I Precision_u1	0.00118
2026-06-20 01:29:19.533098: I Recall_u1	0.00268
2026-06-20 01:29:19.563609: I nDCG_u1	0.00174
2026-06-20 01:29:19.595609: I MAP_u1	0.00089
2026-06-20 01:29:19.627609: I MRR_u1	0.00248
2026-06-20 01:29:21.582301: I 
2026-06-20 01:29:21.614303: I Test Evaluation results
2026-06-20 01:29:21.645810: I Cut-off: 20
2026-06-20 01:29:21.645810: I Eval Time: 2.3308629989624023
2026-06-20 01:29:21.645810: I Results
2026-06-20 01:29:21.661817: I Precision	0.00232
2026-06-20 01:29:21.693817: I Recall	0.00884
2026-06-20 01:29:21.725815: I nDCG	0.00569
2026-06-20 01:29:21.741821: I MAP	0.00269
2026-06-20 01:29:21.772331: I MRR	0.0087
2026-06-20 01:29:21.804331: I Precision_u1	0.00111
2026-06-20 01:29:21.835337: I Recall_u1	0.00496
2026-06-20 01:29:21.866847: I nDCG_u1	0.00268
2026-06-20 01:29:21.914847: I MAP_u1	0.00103
2026-06-20 01:29:21.945359: I MRR_u1	0.00303
2026-06-20 01:29:30.116046: I 
2026-06-20 01:29:30.116046: I Test Evaluation results
2026-06-20 01:29:30.116046: I Cut-off: 50
2026-06-20 01:29:30.116950: I Eval Time: 8.560631036758423
2026-06-20 01:29:30.116950: I Results
2026-06-20 01:29:30.116950: I Precision	0.00169
2026-06-20 01:29:30.116950: I Recall	0.01578
2026-06-20 01:29:30.116950: I nDCG	0.00806
2026-06-20 01:29:30.116950: I MAP	0.00223
2026-06-20 01:29:30.117948: I MRR	0.00963
2026-06-20 01:29:30.119051: I Precision_u1	0.00087
2026-06-20 01:29:30.128946: I Recall_u1	0.00929
2026-06-20 01:29:30.129952: I nDCG_u1	0.00412
2026-06-20 01:29:30.131947: I MAP_u1	0.001
2026-06-20 01:29:30.134945: I MRR_u1	0.00365
2026-06-20 01:29:31.709910: I Training ended for VSM
2026-06-20 01:29:31.710813: I Loss:\t-0.0027596363170700475
2026-06-20 01:29:31.711817: I Best Model params:\t{'meta': namespace(save_recs=True), 'similarity': 'cosine', 'name': 'VSM_sim=cosine_up=tfidf_ip=tfidf_load=ItemAttributes'}
2026-06-20 01:29:31.711817: I Best Model results:\t{10: {'Precision': np.float64(0.0027596363170700475), 'Recall': np.float64(0.005251084231101787), 'nDCG': np.float64(0.004179903177558662), 'MAP': np.float64(0.0029074917626588774), 'MRR': np.float64(0.007696705266816676), 'Precision_u1': np.float64(0.0011838697743248242), 'Recall_u1': np.float64(0.0026795623909941333), 'nDCG_u1': np.float64(0.0017433202203538682), 'MAP_u1': np.float64(0.0008924827792752321), 'MRR_u1': np.float64(0.002484599709904926)}, 20: {'Precision': np.float64(0.002324241260084518), 'Recall': np.float64(0.008839595551312201), 'nDCG': np.float64(0.005694987886968014), 'MAP': np.float64(0.0026869906859795577), 'MRR': np.float64(0.008696317798907215), 'Precision_u1': np.float64(0.001109877913429523), 'Recall_u1': np.float64(0.00495833553547205), 'nDCG_u1': np.float64(0.0026825315152859503), 'MAP_u1': np.float64(0.001028986143197477), 'MRR_u1': np.float64(0.003031872321327106)}, 50: {'Precision': np.float64(0.001687796132667435), 'Recall': np.float64(0.015783265142605578), 'nDCG': np.float64(0.00806016418253817), 'MAP': np.float64(0.0022303366316639285), 'MRR': np.float64(0.009627250291654618), 'Precision_u1': np.float64(0.000873103958564558), 'Recall_u1': np.float64(0.0092906764382902), 'nDCG_u1': np.float64(0.004117372399741062), 'MAP_u1': np.float64(0.0009953562367007928), 'MRR_u1': np.float64(0.0036507831729894443)}}
2026-06-20 01:29:31.761333: I End experiment
