2026-06-07 00:39:27.976836: I Start experiment
2026-06-07 00:39:28.280393: I D:\recsys-pipeline\data\processed\baby_product_k8_random_keep0.45\train.tsv - Loaded
2026-06-07 00:39:28.409065: I Test Fold 0
2026-06-07 00:51:14.957971: I Statistics	Users:	40481	Items:	14417	Transactions:	176575	Sparsity:	0.9996974458710273
2026-06-07 00:54:53.747395: I Training begun for ItemKNN\n
2026-06-07 00:54:53.748392: I Hyperparameters:
2026-06-07 00:54:53.748392: I meta set to namespace(save_recs=True)
2026-06-07 00:54:53.748392: I neighbors set to 40
2026-06-07 00:54:53.749392: I similarity set to cosine
2026-06-07 00:54:53.749392: I Exploration: Test Fold exploration number 1
2026-06-07 00:54:53.749392: I Exploration: Train-Validation Fold exploration number 1
2026-06-07 01:10:12.111263: I 
2026-06-07 01:10:12.111263: I Test Evaluation results
2026-06-07 01:10:12.111263: I Cut-off: 10
2026-06-07 01:10:12.127271: I Eval Time: 1.7616074085235596
2026-06-07 01:10:12.127271: I Results
2026-06-07 01:10:12.142864: I Precision	0.00056
2026-06-07 01:10:12.157850: I Recall	0.00164
2026-06-07 01:10:12.189849: I nDCG	0.00114
2026-06-07 01:10:12.221849: I MAP	0.00063
2026-06-07 01:10:12.237858: I MRR	0.00177
2026-06-07 01:10:12.253375: I Precision_u1	0.0003
2026-06-07 01:10:12.285377: I Recall_u1	0.00141
2026-06-07 01:10:12.317372: I nDCG_u1	0.00077
2026-06-07 01:10:12.333379: I MAP_u1	0.00032
2026-06-07 01:10:12.334378: I MRR_u1	0.00081
2026-06-07 01:10:14.874282: I 
2026-06-07 01:10:14.874282: I Test Evaluation results
2026-06-07 01:10:14.875284: I Cut-off: 20
2026-06-07 01:10:14.876283: I Eval Time: 2.782017946243286
2026-06-07 01:10:14.881341: I Results
2026-06-07 01:10:14.883281: I Precision	0.00052
2026-06-07 01:10:14.894281: I Recall	0.00312
2026-06-07 01:10:14.895282: I nDCG	0.00163
2026-06-07 01:10:14.895282: I MAP	0.00058
2026-06-07 01:10:14.895282: I MRR	0.00206
2026-06-07 01:10:14.896280: I Precision_u1	0.0003
2026-06-07 01:10:14.896280: I Recall_u1	0.00276
2026-06-07 01:10:14.897281: I nDCG_u1	0.00122
2026-06-07 01:10:14.897281: I MAP_u1	0.00034
2026-06-07 01:10:14.901281: I MRR_u1	0.00104
2026-06-07 01:10:18.273576: I Training ended for ItemKNN
2026-06-07 01:10:18.273576: I Loss:\t-0.000560756898297967
2026-06-07 01:10:18.274559: I Best Model params:\t{'meta': namespace(save_recs=True), 'neighbors': 40, 'similarity': 'cosine', 'name': 'ItemKNN_nn=40_sim=cosine_imp=standard_bin=False_shrink=0_norm=True_asymalpha=_tvalpha=_tvbeta=_rweights='}
2026-06-07 01:10:18.274559: I Best Model results:\t{10: {'Precision': np.float64(0.000560756898297967), 'Recall': np.float64(0.0016406998921455736), 'nDCG': np.float64(0.0011369080359780138), 'MAP': np.float64(0.0006256237003995212), 'MRR': np.float64(0.0017662117011194357), 'Precision_u1': np.float64(0.00030156815440289503), 'Recall_u1': np.float64(0.0014073180538801766), 'nDCG_u1': np.float64(0.0007729069465753115), 'MAP_u1': np.float64(0.0003213615562831486), 'MRR_u1': np.float64(0.0008099259003963466)}, 20: {'Precision': np.float64(0.0005224673303525111), 'Recall': np.float64(0.0031155091545125063), 'nDCG': np.float64(0.0016303844325810102), 'MAP': np.float64(0.0005792104467791809), 'MRR': np.float64(0.002062401026511048), 'Precision_u1': np.float64(0.00030156815440289503), 'Recall_u1': np.float64(0.0027643747486932047), 'nDCG_u1': np.float64(0.0012217991429111746), 'MAP_u1': np.float64(0.0003356390651034875), 'MRR_u1': np.float64(0.0010438872546833945)}}
2026-06-07 01:10:18.277557: I End experiment
