2026-06-07 09:05:02.435569: I Start experiment
2026-06-07 09:05:02.728390: I D:\recsys-pipeline\data\processed\baby_product_k8_head_keep0.6\train.tsv - Loaded
2026-06-07 09:05:02.867077: I Test Fold 0
2026-06-07 09:19:37.089073: I Statistics	Users:	40481	Items:	14665	Transactions:	235433	Sparsity:	0.9996034170517866
2026-06-07 09:23:15.460016: I Training begun for ItemKNN\n
2026-06-07 09:23:15.461013: I Hyperparameters:
2026-06-07 09:23:15.462014: I meta set to namespace(save_recs=True)
2026-06-07 09:23:15.462014: I neighbors set to 40
2026-06-07 09:23:15.462014: I similarity set to cosine
2026-06-07 09:23:15.463013: I Exploration: Test Fold exploration number 1
2026-06-07 09:23:15.463013: I Exploration: Train-Validation Fold exploration number 1
2026-06-07 09:38:32.334396: I 
2026-06-07 09:38:32.334396: I Test Evaluation results
2026-06-07 09:38:32.350403: I Cut-off: 10
2026-06-07 09:38:32.366404: I Eval Time: 1.7884712219238281
2026-06-07 09:38:32.398429: I Results
2026-06-07 09:38:32.414403: I Precision	0.00121
2026-06-07 09:38:32.445945: I Recall	0.00363
2026-06-07 09:38:32.477960: I nDCG	0.00292
2026-06-07 09:38:32.509040: I MAP	0.00166
2026-06-07 09:38:32.525163: I MRR	0.00464
2026-06-07 09:38:32.556762: I Precision_u1	0.00014
2026-06-07 09:38:32.571764: I Recall_u1	0.00071
2026-06-07 09:38:32.587763: I nDCG_u1	0.00031
2026-06-07 09:38:32.603765: I MAP_u1	9e-05
2026-06-07 09:38:32.634868: I MRR_u1	0.00024
2026-06-07 09:38:34.991641: I 
2026-06-07 09:38:34.991641: I Test Evaluation results
2026-06-07 09:38:34.991641: I Cut-off: 20
2026-06-07 09:38:34.992641: I Eval Time: 2.6677680015563965
2026-06-07 09:38:34.992641: I Results
2026-06-07 09:38:34.992641: I Precision	0.00098
2026-06-07 09:38:34.993643: I Recall	0.0058
2026-06-07 09:38:34.993643: I nDCG	0.00365
2026-06-07 09:38:34.994641: I MAP	0.00136
2026-06-07 09:38:34.995643: I MRR	0.00506
2026-06-07 09:38:34.995643: I Precision_u1	0.00014
2026-06-07 09:38:34.996642: I Recall_u1	0.00141
2026-06-07 09:38:34.997647: I nDCG_u1	0.00054
2026-06-07 09:38:35.002639: I MAP_u1	0.00013
2026-06-07 09:38:35.004639: I MRR_u1	0.00034
2026-06-07 09:38:38.527893: I Training ended for ItemKNN
2026-06-07 09:38:38.529893: I Loss:\t-0.001205503816605321
2026-06-07 09:38:38.529893: I Best Model params:\t{'meta': namespace(save_recs=True), 'neighbors': 40, 'similarity': 'cosine', 'name': 'ItemKNN_nn=40_sim=cosine_imp=standard_bin=False_shrink=0_norm=True_asymalpha=_tvalpha=_tvbeta=_rweights='}
2026-06-07 09:38:38.529893: I Best Model results:\t{10: {'Precision': np.float64(0.001205503816605321), 'Recall': np.float64(0.003627543929896056), 'nDCG': np.float64(0.002920923023761594), 'MAP': np.float64(0.0016617339194597662), 'MRR': np.float64(0.004642134679683159), 'Precision_u1': np.float64(0.00014144271570014146), 'Recall_u1': np.float64(0.0007072135785007072), 'nDCG_u1': np.float64(0.0003089214099266821), 'MAP_u1': np.float64(9.132035652544847e-05), 'MRR_u1': np.float64(0.00023573785950023574)}, 20: {'Precision': np.float64(0.000977001556285665), 'Recall': np.float64(0.00580155647055968), 'nDCG': np.float64(0.003649928140891599), 'MAP': np.float64(0.0013625461211118108), 'MRR': np.float64(0.005058226769919401), 'Precision_u1': np.float64(0.00014144271570014146), 'Recall_u1': np.float64(0.0014144271570014145), 'nDCG_u1': np.float64(0.0005367047551730869), 'MAP_u1': np.float64(0.00012793036087293863), 'MRR_u1': np.float64(0.00034453994850034455)}}
2026-06-07 09:38:38.583403: I End experiment
