2026-06-07 09:38:40.651898: I Start experiment
2026-06-07 09:38:40.986707: I D:\recsys-pipeline\data\processed\baby_product_k8_head_keep0.75\train.tsv - Loaded
2026-06-07 09:38:41.132749: I Test Fold 0
2026-06-07 09:56:52.676847: I Statistics	Users:	40481	Items:	14665	Transactions:	294291	Sparsity:	0.999504271735854
2026-06-07 10:00:31.141379: I Training begun for ItemKNN\n
2026-06-07 10:00:31.141379: I Hyperparameters:
2026-06-07 10:00:31.141379: I meta set to namespace(save_recs=True)
2026-06-07 10:00:31.142378: I neighbors set to 40
2026-06-07 10:00:31.142378: I similarity set to cosine
2026-06-07 10:00:31.142378: I Exploration: Test Fold exploration number 1
2026-06-07 10:00:31.143378: I Exploration: Train-Validation Fold exploration number 1
2026-06-07 10:15:55.452569: I 
2026-06-07 10:15:55.468484: I Test Evaluation results
2026-06-07 10:15:55.484044: I Cut-off: 10
2026-06-07 10:15:55.516140: I Eval Time: 1.775752305984497
2026-06-07 10:15:55.532146: I Results
2026-06-07 10:15:55.532146: I Precision	0.00154
2026-06-07 10:15:55.548051: I Recall	0.00481
2026-06-07 10:15:55.564103: I nDCG	0.00393
2026-06-07 10:15:55.579375: I MAP	0.00219
2026-06-07 10:15:55.579375: I MRR	0.00628
2026-06-07 10:15:55.579375: I Precision_u1	0.00132
2026-06-07 10:15:55.611375: I Recall_u1	0.00658
2026-06-07 10:15:55.643373: I nDCG_u1	0.00403
2026-06-07 10:15:55.675209: I MAP_u1	0.00188
2026-06-07 10:15:55.706110: I MRR_u1	0.00439
2026-06-07 10:15:57.985067: I 
2026-06-07 10:15:57.985067: I Test Evaluation results
2026-06-07 10:15:57.985067: I Cut-off: 20
2026-06-07 10:15:57.986068: I Eval Time: 2.549686908721924
2026-06-07 10:15:57.987061: I Results
2026-06-07 10:15:57.987061: I Precision	0.00118
2026-06-07 10:15:57.988064: I Recall	0.0073
2026-06-07 10:15:57.988064: I nDCG	0.00477
2026-06-07 10:15:57.989064: I MAP	0.00176
2026-06-07 10:15:57.989064: I MRR	0.00676
2026-06-07 10:15:57.990065: I Precision_u1	0.00066
2026-06-07 10:15:57.990065: I Recall_u1	0.00658
2026-06-07 10:15:57.993069: I nDCG_u1	0.00403
2026-06-07 10:15:57.995104: I MAP_u1	0.00138
2026-06-07 10:15:57.996062: I MRR_u1	0.00439
2026-06-07 10:16:01.483443: I Training ended for ItemKNN
2026-06-07 10:16:01.483443: I Loss:\t-0.0015389936019367112
2026-06-07 10:16:01.485465: I Best Model params:\t{'meta': namespace(save_recs=True), 'neighbors': 40, 'similarity': 'cosine', 'name': 'ItemKNN_nn=40_sim=cosine_imp=standard_bin=False_shrink=0_norm=True_asymalpha=_tvalpha=_tvbeta=_rweights='}
2026-06-07 10:16:01.485465: I Best Model results:\t{10: {'Precision': np.float64(0.0015389936019367112), 'Recall': np.float64(0.004811073993379968), 'nDCG': np.float64(0.003930949527803749), 'MAP': np.float64(0.00219207776487735), 'MRR': np.float64(0.006283655314682216), 'Precision_u1': np.float64(0.0013157894736842105), 'Recall_u1': np.float64(0.006578947368421052), 'nDCG_u1': np.float64(0.004033863110299069), 'MAP_u1': np.float64(0.0018802213868003344), 'MRR_u1': np.float64(0.0043859649122807015)}, 20: {'Precision': np.float64(0.0011783305748375781), 'Recall': np.float64(0.00730435586763328), 'nDCG': np.float64(0.0047658284641905364), 'MAP': np.float64(0.0017591513497317891), 'MRR': np.float64(0.00675682601814882), 'Precision_u1': np.float64(0.0006578947368421052), 'Recall_u1': np.float64(0.006578947368421052), 'nDCG_u1': np.float64(0.004033863110299069), 'MAP_u1': np.float64(0.0013800918796997906), 'MRR_u1': np.float64(0.0043859649122807015)}}
2026-06-07 10:16:01.533442: I End experiment
