2026-06-06 02:48:28.472013: I Start experiment
2026-06-06 02:48:29.077553: I D:\recsys-pipeline\data\processed\hm_k20_tail_keep0.5\train.tsv - Loaded
2026-06-06 02:48:29.271229: I Test Fold 0
2026-06-06 03:10:07.550527: I Statistics	Users:	34327	Items:	7862	Transactions:	405458	Sparsity:	0.9984976297181379
2026-06-06 03:16:03.734668: I Training begun for ItemKNN\n
2026-06-06 03:16:03.734668: I Hyperparameters:
2026-06-06 03:16:03.735666: I meta set to namespace(save_recs=True)
2026-06-06 03:16:03.735666: I neighbors set to 40
2026-06-06 03:16:03.736666: I similarity set to cosine
2026-06-06 03:16:03.736666: I Exploration: Test Fold exploration number 1
2026-06-06 03:16:03.736666: I Exploration: Train-Validation Fold exploration number 1
2026-06-06 03:21:29.937370: I 
2026-06-06 03:21:29.952724: I Test Evaluation results
2026-06-06 03:21:29.967764: I Cut-off: 10
2026-06-06 03:21:29.983727: I Eval Time: 2.2858569622039795
2026-06-06 03:21:30.015041: I Results
2026-06-06 03:21:30.046042: I Precision	0.01865
2026-06-06 03:21:30.061502: I Recall	0.03138
2026-06-06 03:21:30.093050: I nDCG	0.03287
2026-06-06 03:21:30.108763: I MAP	0.02779
2026-06-06 03:21:30.108763: I MRR	0.07554
2026-06-06 03:21:30.139327: I Precision_u1	0.00123
2026-06-06 03:21:30.170338: I Recall_u1	0.00206
2026-06-06 03:21:30.200785: I nDCG_u1	0.00374
2026-06-06 03:21:30.215922: I MAP_u1	0.00362
2026-06-06 03:21:30.246911: I MRR_u1	0.01235
2026-06-06 03:21:34.320697: I 
2026-06-06 03:21:34.321693: I Test Evaluation results
2026-06-06 03:21:34.322696: I Cut-off: 20
2026-06-06 03:21:34.322696: I Eval Time: 4.4072487354278564
2026-06-06 03:21:34.322696: I Results
2026-06-06 03:21:34.322696: I Precision	0.01253
2026-06-06 03:21:34.323695: I Recall	0.0417
2026-06-06 03:21:34.324696: I nDCG	0.03731
2026-06-06 03:21:34.324696: I MAP	0.02128
2026-06-06 03:21:34.325698: I MRR	0.07848
2026-06-06 03:21:34.326696: I Precision_u1	0.00062
2026-06-06 03:21:34.332551: I Recall_u1	0.00206
2026-06-06 03:21:34.333570: I nDCG_u1	0.00374
2026-06-06 03:21:34.335603: I MAP_u1	0.00222
2026-06-06 03:21:34.335603: I MRR_u1	0.01235
2026-06-06 03:21:37.752809: I Training ended for ItemKNN
2026-06-06 03:21:37.752809: I Loss:\t-0.018652955399539723
2026-06-06 03:21:37.752809: I Best Model params:\t{'meta': namespace(save_recs=True), 'neighbors': 40, 'similarity': 'cosine', 'name': 'ItemKNN_nn=40_sim=cosine_imp=standard_bin=False_shrink=0_norm=True_asymalpha=_tvalpha=_tvbeta=_rweights='}
2026-06-06 03:21:37.754817: I Best Model results:\t{10: {'Precision': np.float64(0.018652955399539723), 'Recall': np.float64(0.031384336021868096), 'nDCG': np.float64(0.03286911904911316), 'MAP': np.float64(0.02779059798825581), 'MRR': np.float64(0.07553613680933284), 'Precision_u1': np.float64(0.0012345679012345679), 'Recall_u1': np.float64(0.0020576131687242796), 'nDCG_u1': np.float64(0.0037358322654174507), 'MAP_u1': np.float64(0.003616010190084264), 'MRR_u1': np.float64(0.012345679012345678)}, 20: {'Precision': np.float64(0.01252512599411542), 'Recall': np.float64(0.04169644228653971), 'nDCG': np.float64(0.03730743662789645), 'MAP': np.float64(0.021278705115416907), 'MRR': np.float64(0.07848098286062052), 'Precision_u1': np.float64(0.0006172839506172839), 'Recall_u1': np.float64(0.0020576131687242796), 'nDCG_u1': np.float64(0.0037358322654174507), 'MAP_u1': np.float64(0.0022208269488541246), 'MRR_u1': np.float64(0.012345679012345678)}}
2026-06-06 03:21:37.794055: I End experiment
