2026-06-21 02:09:29.620964: I Start experiment
2026-06-21 02:09:29.804015: I D:\recsys-pipeline\data\processed\amazon_random_keep0.1\train.tsv - Loaded
2026-06-21 02:09:29.873784: I Test Fold 0
2026-06-21 02:11:34.491171: I Statistics	Users:	25583	Items:	16308	Transactions:	43218	Sparsity:	0.9998964112740775
2026-06-21 02:13:24.289784: I Training begun for ItemKNN\n
2026-06-21 02:13:24.289784: I Hyperparameters:
2026-06-21 02:13:24.289784: I meta set to namespace(save_recs=True)
2026-06-21 02:13:24.290770: I neighbors set to 40
2026-06-21 02:13:24.290770: I similarity set to cosine
2026-06-21 02:13:24.290770: I Exploration: Test Fold exploration number 1
2026-06-21 02:13:24.290770: I Exploration: Train-Validation Fold exploration number 1
2026-06-21 02:24:33.795990: I 
2026-06-21 02:24:33.795990: I Test Evaluation results
2026-06-21 02:24:33.811991: I Cut-off: 10
2026-06-21 02:24:33.827991: I Eval Time: 1.9131569862365723
2026-06-21 02:24:33.876017: I Results
2026-06-21 02:24:33.923526: I Precision	0.00054
2026-06-21 02:24:33.955512: I Recall	0.00167
2026-06-21 02:24:33.987518: I nDCG	0.00101
2026-06-21 02:24:34.003032: I MAP	0.0005
2026-06-21 02:24:34.034031: I MRR	0.00147
2026-06-21 02:24:34.049047: I Precision_u1	0.00036
2026-06-21 02:24:34.065031: I Recall_u1	0.00147
2026-06-21 02:24:34.081040: I nDCG_u1	0.00082
2026-06-21 02:24:34.112620: I MAP_u1	0.00033
2026-06-21 02:24:34.144621: I MRR_u1	0.00095
2026-06-21 02:24:36.754623: I 
2026-06-21 02:24:36.769624: I Test Evaluation results
2026-06-21 02:24:36.785746: I Cut-off: 20
2026-06-21 02:24:36.817246: I Eval Time: 2.9353199005126953
2026-06-21 02:24:36.865146: I Results
2026-06-21 02:24:36.881151: I Precision	0.00045
2026-06-21 02:24:36.896668: I Recall	0.00276
2026-06-21 02:24:36.928682: I nDCG	0.00138
2026-06-21 02:24:36.959667: I MAP	0.00049
2026-06-21 02:24:36.991673: I MRR	0.00171
2026-06-21 02:24:37.022939: I Precision_u1	0.0003
2026-06-21 02:24:37.038940: I Recall_u1	0.00248
2026-06-21 02:24:37.054956: I nDCG_u1	0.00115
2026-06-21 02:24:37.070939: I MAP_u1	0.00032
2026-06-21 02:24:37.102454: I MRR_u1	0.00111
2026-06-21 02:24:44.623279: I 
2026-06-21 02:24:44.624171: I Test Evaluation results
2026-06-21 02:24:44.624171: I Cut-off: 50
2026-06-21 02:24:44.625164: I Eval Time: 7.892651557922363
2026-06-21 02:24:44.627162: I Results
2026-06-21 02:24:44.627162: I Precision	0.00033
2026-06-21 02:24:44.628164: I Recall	0.00477
2026-06-21 02:24:44.628164: I nDCG	0.00197
2026-06-21 02:24:44.628164: I MAP	0.00043
2026-06-21 02:24:44.634162: I MRR	0.00194
2026-06-21 02:24:44.635164: I Precision_u1	0.0002
2026-06-21 02:24:44.637165: I Recall_u1	0.00399
2026-06-21 02:24:44.638165: I nDCG_u1	0.00154
2026-06-21 02:24:44.638165: I MAP_u1	0.00027
2026-06-21 02:24:44.639164: I MRR_u1	0.00123
2026-06-21 02:24:46.604963: I Training ended for ItemKNN
2026-06-21 02:24:46.604963: I Loss:\t-0.0005433295547824727
2026-06-21 02:24:46.604963: I Best Model params:\t{'meta': namespace(save_recs=True), 'neighbors': 40, 'similarity': 'cosine', 'name': 'ItemKNN_nn=40_sim=cosine_imp=standard_bin=False_shrink=0_norm=True_asymalpha=_tvalpha=_tvbeta=_rweights='}
2026-06-21 02:24:46.606962: I Best Model results:\t{10: {'Precision': np.float64(0.0005433295547824727), 'Recall': np.float64(0.001670853399540418), 'nDCG': np.float64(0.001011130416446231), 'MAP': np.float64(0.0005012955031522049), 'MRR': np.float64(0.001473262564612289), 'Precision_u1': np.float64(0.00035932446999640676), 'Recall_u1': np.float64(0.0014732303269852677), 'nDCG_u1': np.float64(0.0008173799350620548), 'MAP_u1': np.float64(0.00032565443632637307), 'MRR_u1': np.float64(0.0009455556886386926)}, 20: {'Precision': np.float64(0.0004514716804127741), 'Recall': np.float64(0.0027598954809826817), 'nDCG': np.float64(0.0013827881071058609), 'MAP': np.float64(0.0004916427612230377), 'MRR': np.float64(0.001709114139965086), 'Precision_u1': np.float64(0.0003024314289136423), 'Recall_u1': np.float64(0.0024803369665029745), 'nDCG_u1': np.float64(0.0011459996484384143), 'MAP_u1': np.float64(0.0003243302272284905), 'MRR_u1': np.float64(0.0011114139303213502)}, 50: {'Precision': np.float64(0.000330688347730915), 'Recall': np.float64(0.004765308003226323), 'nDCG': np.float64(0.001965610060447806), 'MAP': np.float64(0.0004290365423432385), 'MRR': np.float64(0.0019393062496758126), 'Precision_u1': np.float64(0.00019882620673134508), 'Recall_u1': np.float64(0.003994728006585713), 'nDCG_u1': np.float64(0.0015440016357978017), 'MAP_u1': np.float64(0.0002747697628818908), 'MRR_u1': np.float64(0.0012318535896378156)}}
2026-06-21 02:24:46.649066: I End experiment
2026-06-21 02:24:48.787243: I Start experiment
2026-06-21 02:24:48.951136: I D:\recsys-pipeline\data\processed\amazon_random_keep0.1\train.tsv - Loaded
2026-06-21 02:25:01.578351: I Test Fold 0
2026-06-21 02:26:03.390574: W WARNING: Your Python version is lower than 3.8. Consequently, Custom class objects created in Side Information Namespace will be created swallowly!!!!
2026-06-21 02:27:39.893795: I Statistics	Users:	25582	Items:	16305	Transactions:	43212	Sparsity:	0.9998964025490267
2026-06-21 02:29:29.585194: I Training begun for VSM\n
2026-06-21 02:29:29.585194: I Hyperparameters:
2026-06-21 02:29:29.586192: I meta set to namespace(save_recs=True)
2026-06-21 02:29:29.586192: I similarity set to cosine
2026-06-21 02:29:29.586192: I Exploration: Test Fold exploration number 1
2026-06-21 02:29:29.586192: I Exploration: Train-Validation Fold exploration number 1
2026-06-21 02:47:54.652888: I 
2026-06-21 02:47:54.668780: I Test Evaluation results
2026-06-21 02:47:54.700778: I Cut-off: 10
2026-06-21 02:47:54.700778: I Eval Time: 1.7862160205841064
2026-06-21 02:47:54.732392: I Results
2026-06-21 02:47:54.763394: I Precision	0.0023
2026-06-21 02:47:54.763394: I Recall	0.00807
2026-06-21 02:47:54.795397: I nDCG	0.00609
2026-06-21 02:47:54.811398: I MAP	0.00314
2026-06-21 02:47:54.842911: I MRR	0.00908
2026-06-21 02:47:54.858927: I Precision_u1	0.00174
2026-06-21 02:47:54.858927: I Recall_u1	0.00722
2026-06-21 02:47:54.873927: I nDCG_u1	0.00535
2026-06-21 02:47:54.904927: I MAP_u1	0.00254
2026-06-21 02:47:54.936493: I MRR_u1	0.00737
2026-06-21 02:47:57.541294: I 
2026-06-21 02:47:57.541294: I Test Evaluation results
2026-06-21 02:47:57.557294: I Cut-off: 20
2026-06-21 02:47:57.557294: I Eval Time: 2.8749051094055176
2026-06-21 02:47:57.573293: I Results
2026-06-21 02:47:57.573293: I Precision	0.00176
2026-06-21 02:47:57.605309: I Recall	0.01227
2026-06-21 02:47:57.621301: I nDCG	0.0075
2026-06-21 02:47:57.621301: I MAP	0.00255
2026-06-21 02:47:57.636829: I MRR	0.00987
2026-06-21 02:47:57.667829: I Precision_u1	0.00137
2026-06-21 02:47:57.699829: I Recall_u1	0.01137
2026-06-21 02:47:57.715838: I nDCG_u1	0.00671
2026-06-21 02:47:57.763007: I MAP_u1	0.00203
2026-06-21 02:47:57.793011: I MRR_u1	0.00805
2026-06-21 02:48:05.171768: I 
2026-06-21 02:48:05.172776: I Test Evaluation results
2026-06-21 02:48:05.172776: I Cut-off: 50
2026-06-21 02:48:05.173767: I Eval Time: 7.646986961364746
2026-06-21 02:48:05.176766: I Results
2026-06-21 02:48:05.177765: I Precision	0.00125
2026-06-21 02:48:05.177765: I Recall	0.0212
2026-06-21 02:48:05.182765: I nDCG	0.00992
2026-06-21 02:48:05.183768: I MAP	0.00189
2026-06-21 02:48:05.184769: I MRR	0.01066
2026-06-21 02:48:05.186768: I Precision_u1	0.00093
2026-06-21 02:48:05.190766: I Recall_u1	0.0193
2026-06-21 02:48:05.192770: I nDCG_u1	0.00874
2026-06-21 02:48:05.193767: I MAP_u1	0.00147
2026-06-21 02:48:05.196766: I MRR_u1	0.00861
2026-06-21 02:48:08.448429: I Training ended for VSM
2026-06-21 02:48:08.450431: I Loss:\t-0.002298491126573372
2026-06-21 02:48:08.451430: I Best Model params:\t{'meta': namespace(save_recs=True), 'similarity': 'cosine', 'name': 'VSM_sim=cosine_up=tfidf_ip=tfidf_load=ItemAttributes'}
2026-06-21 02:48:08.451430: I Best Model results:\t{10: {'Precision': np.float64(0.002298491126573372), 'Recall': np.float64(0.008065373831453351), 'nDCG': np.float64(0.0060866180361611), 'MAP': np.float64(0.0031404009887904816), 'MRR': np.float64(0.009082015132167583), 'Precision_u1': np.float64(0.0017425149700598804), 'Recall_u1': np.float64(0.007217208440262333), 'nDCG_u1': np.float64(0.0053512783403722565), 'MAP_u1': np.float64(0.0025433989164528087), 'MRR_u1': np.float64(0.007374702975002376)}, 20: {'Precision': np.float64(0.0017570948323039639), 'Recall': np.float64(0.012266720181783132), 'nDCG': np.float64(0.007496350996547613), 'MAP': np.float64(0.002546984530695761), 'MRR': np.float64(0.009871003372058863), 'Precision_u1': np.float64(0.0013742514970059882), 'Recall_u1': np.float64(0.01137413268700694), 'nDCG_u1': np.float64(0.006707403997691221), 'MAP_u1': np.float64(0.0020279386419610225), 'MRR_u1': np.float64(0.008045025466161523)}, 50: {'Precision': np.float64(0.0012477523258541165), 'Recall': np.float64(0.021198088855957642), 'nDCG': np.float64(0.009923411488009822), 'MAP': np.float64(0.00188873133722341), 'MRR': np.float64(0.010655091676798364), 'Precision_u1': np.float64(0.0009341317365269462), 'Recall_u1': np.float64(0.019299852675601175), 'nDCG_u1': np.float64(0.008737935410903069), 'MAP_u1': np.float64(0.0014722673637121732), 'MRR_u1': np.float64(0.008611273671701586)}}
2026-06-21 02:48:08.949456: I End experiment
