2026-06-18 03:30:34.781639: I Start experiment
2026-06-18 03:30:35.164567: I D:\recsys-pipeline\data\processed\hm_random_keep0.04\train.tsv - Loaded
2026-06-18 03:30:35.415130: I Test Fold 0 - Validation Fold 0
2026-06-18 03:34:32.858320: I Statistics	Users:	27491	Items:	12729	Transactions:	81935	Sparsity:	0.9997658551371753
2026-06-18 03:42:30.047494: I Training begun for ItemKNN\n
2026-06-18 03:42:30.047494: I Hyperparameters:
2026-06-18 03:42:30.047494: I meta set to namespace(save_recs=True)
2026-06-18 03:42:30.047494: I neighbors set to 40
2026-06-18 03:42:30.048495: I similarity set to cosine
2026-06-18 03:42:30.048495: I Exploration: Test Fold exploration number 1
2026-06-18 03:42:30.048495: I Exploration: Train-Validation Fold exploration number 1
2026-06-18 03:50:56.128310: I 
2026-06-18 03:50:56.144202: I Validation Evaluation results
2026-06-18 03:50:56.160232: I Cut-off: 10
2026-06-18 03:50:56.175394: I Eval Time: 1.2793455123901367
2026-06-18 03:50:56.191388: I Results
2026-06-18 03:50:56.222587: I Precision	6e-05
2026-06-18 03:50:56.253622: I Recall	0.00063
2026-06-18 03:50:56.284617: I nDCG	0.00032
2026-06-18 03:50:56.316708: I MAP	8e-05
2026-06-18 03:50:56.347890: I MRR	0.00023
2026-06-18 03:50:56.363042: I Precision_u1	2e-05
2026-06-18 03:50:56.379084: I Recall_u1	0.0002
2026-06-18 03:50:56.395083: I nDCG_u1	9e-05
2026-06-18 03:50:56.411082: I MAP_u1	2e-05
2026-06-18 03:50:56.443653: I MRR_u1	5e-05
2026-06-18 03:50:59.161480: I 
2026-06-18 03:50:59.177460: I Test Evaluation results
2026-06-18 03:50:59.208745: I Cut-off: 10
2026-06-18 03:50:59.224835: I Eval Time: 3.1065175533294678
2026-06-18 03:50:59.240064: I Results
2026-06-18 03:50:59.255390: I Precision	0.00069
2026-06-18 03:50:59.271281: I Recall	0.00062
2026-06-18 03:50:59.302441: I nDCG	0.00075
2026-06-18 03:50:59.334241: I MAP	0.00075
2026-06-18 03:50:59.350257: I MRR	0.00222
2026-06-18 03:50:59.382250: I Precision_u1	0.00067
2026-06-18 03:50:59.414244: I Recall_u1	0.0007
2026-06-18 03:50:59.445646: I nDCG_u1	0.00072
2026-06-18 03:50:59.461636: I MAP_u1	0.00068
2026-06-18 03:50:59.509644: I MRR_u1	0.00199
2026-06-18 03:51:01.300298: I 
2026-06-18 03:51:01.316298: I Validation Evaluation results
2026-06-18 03:51:01.346884: I Cut-off: 20
2026-06-18 03:51:01.362877: I Eval Time: 2.129936695098877
2026-06-18 03:51:01.393870: I Results
2026-06-18 03:51:01.409867: I Precision	7e-05
2026-06-18 03:51:01.425272: I Recall	0.00137
2026-06-18 03:51:01.441042: I nDCG	0.00051
2026-06-18 03:51:01.472036: I MAP	7e-05
2026-06-18 03:51:01.504005: I MRR	0.00028
2026-06-18 03:51:01.519385: I Precision_u1	3e-05
2026-06-18 03:51:01.550700: I Recall_u1	0.00061
2026-06-18 03:51:01.582708: I nDCG_u1	0.0002
2026-06-18 03:51:01.614707: I MAP_u1	3e-05
2026-06-18 03:51:01.630740: I MRR_u1	8e-05
2026-06-18 03:51:07.576128: I 
2026-06-18 03:51:07.593115: I Test Evaluation results
2026-06-18 03:51:07.608113: I Cut-off: 20
2026-06-18 03:51:07.639118: I Eval Time: 6.274817228317261
2026-06-18 03:51:07.669626: I Results
2026-06-18 03:51:07.685625: I Precision	0.00061
2026-06-18 03:51:07.716646: I Recall	0.00107
2026-06-18 03:51:07.732631: I nDCG	0.00093
2026-06-18 03:51:07.748192: I MAP	0.0007
2026-06-18 03:51:07.779185: I MRR	0.00257
2026-06-18 03:51:07.795201: I Precision_u1	0.00051
2026-06-18 03:51:07.811216: I Recall_u1	0.00104
2026-06-18 03:51:07.827185: I nDCG_u1	0.00088
2026-06-18 03:51:07.858505: I MAP_u1	0.00061
2026-06-18 03:51:07.874490: I MRR_u1	0.00221
2026-06-18 03:51:13.548395: I 
2026-06-18 03:51:13.564416: I Validation Evaluation results
2026-06-18 03:51:13.580418: I Cut-off: 50
2026-06-18 03:51:13.595403: I Eval Time: 5.949880361557007
2026-06-18 03:51:13.611402: I Results
2026-06-18 03:51:13.643404: I Precision	8e-05
2026-06-18 03:51:13.658970: I Recall	0.00407
2026-06-18 03:51:13.674966: I nDCG	0.00104
2026-06-18 03:51:13.674966: I MAP	7e-05
2026-06-18 03:51:13.690983: I MRR	0.00037
2026-06-18 03:51:13.723002: I Precision_u1	9e-05
2026-06-18 03:51:13.754476: I Recall_u1	0.00465
2026-06-18 03:51:13.786492: I nDCG_u1	0.00098
2026-06-18 03:51:13.802476: I MAP_u1	5e-05
2026-06-18 03:51:13.834519: I MRR_u1	0.0002
2026-06-18 03:51:39.937276: I 
2026-06-18 03:51:39.938278: I Test Evaluation results
2026-06-18 03:51:39.938278: I Cut-off: 50
2026-06-18 03:51:39.938278: I Eval Time: 26.41348433494568
2026-06-18 03:51:39.938278: I Results
2026-06-18 03:51:39.938278: I Precision	0.00061
2026-06-18 03:51:39.939278: I Recall	0.00278
2026-06-18 03:51:39.939278: I nDCG	0.00167
2026-06-18 03:51:39.941273: I MAP	0.00064
2026-06-18 03:51:39.941273: I MRR	0.00309
2026-06-18 03:51:39.942272: I Precision_u1	0.0006
2026-06-18 03:51:39.943276: I Recall_u1	0.00311
2026-06-18 03:51:39.943276: I nDCG_u1	0.00173
2026-06-18 03:51:39.943276: I MAP_u1	0.00055
2026-06-18 03:51:39.944276: I MRR_u1	0.00272
2026-06-18 03:51:42.793585: I Training ended for ItemKNN
2026-06-18 03:51:42.793585: I Loss:\t-6.261005674036394e-05
2026-06-18 03:51:42.793585: I Best Model params:\t{'meta': namespace(save_recs=True), 'neighbors': 40, 'similarity': 'cosine', 'name': 'ItemKNN_nn=40_sim=cosine_imp=standard_bin=False_shrink=0_norm=True_asymalpha=_tvalpha=_tvbeta=_rweights='}
2026-06-18 03:51:42.793585: I Best Model results:\t{10: {'Precision': np.float64(0.0006911352806372995), 'Recall': np.float64(0.0006225796339116155), 'nDCG': np.float64(0.0007497762699166792), 'MAP': np.float64(0.0007527384142458167), 'MRR': np.float64(0.00221594888485871), 'Precision_u1': np.float64(0.0006682161533991866), 'Recall_u1': np.float64(0.0007045066512672555), 'nDCG_u1': np.float64(0.0007225545803658098), 'MAP_u1': np.float64(0.0006766610866698025), 'MRR_u1': np.float64(0.0019928313180782673)}, 20: {'Precision': np.float64(0.0006092903131934088), 'Recall': np.float64(0.001070280841332879), 'nDCG': np.float64(0.0009345538970785594), 'MAP': np.float64(0.0006977954163345994), 'MRR': np.float64(0.0025694517414971267), 'Precision_u1': np.float64(0.0005084253341080768), 'Recall_u1': np.float64(0.0010435370927090856), 'nDCG_u1': np.float64(0.0008811907493322587), 'MAP_u1': np.float64(0.0006114686817151409), 'MRR_u1': np.float64(0.0022141670441200197)}, 50: {'Precision': np.float64(0.0006140191335346115), 'Recall': np.float64(0.0027771798970053787), 'nDCG': np.float64(0.0016731683501372253), 'MAP': np.float64(0.0006381702094309973), 'MRR': np.float64(0.003088489229594607), 'Precision_u1': np.float64(0.0005955839628123184), 'Recall_u1': np.float64(0.003108361053872969), 'nDCG_u1': np.float64(0.0017286785103396577), 'MAP_u1': np.float64(0.0005517782745171094), 'MRR_u1': np.float64(0.002719070963837114)}}
2026-06-18 03:51:42.843326: I End experiment
