2026-06-07 12:38:01.319455: I Start experiment
2026-06-07 12:38:01.603534: I D:\recsys-pipeline\data\processed\baby_product_k8_tail_keep0.45\train.tsv - Loaded
2026-06-07 12:38:01.723124: I Test Fold 0
2026-06-07 12:48:57.493145: I Statistics	Users:	40481	Items:	9346	Transactions:	176575	Sparsity:	0.9995332845198588
2026-06-07 12:52:35.063380: I Training begun for ItemKNN\n
2026-06-07 12:52:35.063380: I Hyperparameters:
2026-06-07 12:52:35.064381: I meta set to namespace(save_recs=True)
2026-06-07 12:52:35.064381: I neighbors set to 40
2026-06-07 12:52:35.065466: I similarity set to cosine
2026-06-07 12:52:35.065466: I Exploration: Test Fold exploration number 1
2026-06-07 12:52:35.065466: I Exploration: Train-Validation Fold exploration number 1
2026-06-07 13:00:23.513885: I 
2026-06-07 13:00:23.544390: I Test Evaluation results
2026-06-07 13:00:23.591849: I Cut-off: 10
2026-06-07 13:00:23.622849: I Eval Time: 1.7987935543060303
2026-06-07 13:00:23.654886: I Results
2026-06-07 13:00:23.686398: I Precision	0.00298
2026-06-07 13:00:23.702401: I Recall	0.00994
2026-06-07 13:00:23.718415: I nDCG	0.00807
2026-06-07 13:00:23.734400: I MAP	0.00447
2026-06-07 13:00:23.765984: I MRR	0.01261
2026-06-07 13:00:23.789983: I Precision_u1	0.00027
2026-06-07 13:00:23.813969: I Recall_u1	0.00131
2026-06-07 13:00:23.845968: I nDCG_u1	0.001
2026-06-07 13:00:23.877502: I MAP_u1	0.00041
2026-06-07 13:00:23.907489: I MRR_u1	0.00133
2026-06-07 13:00:26.478817: I 
2026-06-07 13:00:26.479817: I Test Evaluation results
2026-06-07 13:00:26.479817: I Cut-off: 20
2026-06-07 13:00:26.485817: I Eval Time: 2.986931085586548
2026-06-07 13:00:26.485817: I Results
2026-06-07 13:00:26.486816: I Precision	0.00201
2026-06-07 13:00:26.488817: I Recall	0.01335
2026-06-07 13:00:26.488817: I nDCG	0.00918
2026-06-07 13:00:26.490165: I MAP	0.00342
2026-06-07 13:00:26.493170: I MRR	0.01321
2026-06-07 13:00:26.495172: I Precision_u1	0.00024
2026-06-07 13:00:26.496171: I Recall_u1	0.00211
2026-06-07 13:00:26.497170: I nDCG_u1	0.00126
2026-06-07 13:00:26.497170: I MAP_u1	0.00033
2026-06-07 13:00:26.498170: I MRR_u1	0.00147
2026-06-07 13:00:29.873855: I Training ended for ItemKNN
2026-06-07 13:00:29.873855: I Loss:\t-0.002981645710333243
2026-06-07 13:00:29.874855: I Best Model params:\t{'meta': namespace(save_recs=True), 'neighbors': 40, 'similarity': 'cosine', 'name': 'ItemKNN_nn=40_sim=cosine_imp=standard_bin=False_shrink=0_norm=True_asymalpha=_tvalpha=_tvbeta=_rweights='}
2026-06-07 13:00:29.875854: I Best Model results:\t{10: {'Precision': np.float64(0.002981645710333243), 'Recall': np.float64(0.00994057854012739), 'nDCG': np.float64(0.008066499168965298), 'MAP': np.float64(0.004465189038322113), 'MRR': np.float64(0.012612422916022135), 'Precision_u1': np.float64(0.0002727582679849983), 'Recall_u1': np.float64(0.00130696670076145), 'nDCG_u1': np.float64(0.000995986485563305), 'MAP_u1': np.float64(0.0004144410349660946), 'MRR_u1': np.float64(0.001333349568944523)}, 20: {'Precision': np.float64(0.002009584743459895), 'Recall': np.float64(0.013345512784376764), 'nDCG': np.float64(0.009179554586395253), 'MAP': np.float64(0.0034162292267763696), 'MRR': np.float64(0.013211977768397732), 'Precision_u1': np.float64(0.0002386634844868735), 'Recall_u1': np.float64(0.0021138765768837367), 'nDCG_u1': np.float64(0.001263712394972068), 'MAP_u1': np.float64(0.00033292540819782344), 'MRR_u1': np.float64(0.0014704174864420346)}}
2026-06-07 13:00:29.915855: I End experiment
