2026-06-07 13:31:19.514759: I Start experiment
2026-06-07 13:31:19.874324: I D:\recsys-pipeline\data\processed\baby_product_k8_tail_keep0.75\train.tsv - Loaded
2026-06-07 13:31:20.018891: I Test Fold 0
2026-06-07 13:49:42.830290: I Statistics	Users:	40481	Items:	9671	Transactions:	294291	Sparsity:	0.9992482830117153
2026-06-07 13:53:20.983187: I Training begun for ItemKNN\n
2026-06-07 13:53:20.983187: I Hyperparameters:
2026-06-07 13:53:20.983187: I meta set to namespace(save_recs=True)
2026-06-07 13:53:20.983187: I neighbors set to 40
2026-06-07 13:53:20.984187: I similarity set to cosine
2026-06-07 13:53:20.984187: I Exploration: Test Fold exploration number 1
2026-06-07 13:53:20.984187: I Exploration: Train-Validation Fold exploration number 1
2026-06-07 14:00:35.290672: I 
2026-06-07 14:00:35.290672: I Test Evaluation results
2026-06-07 14:00:35.290672: I Cut-off: 10
2026-06-07 14:00:35.305891: I Eval Time: 1.7220170497894287
2026-06-07 14:00:35.321309: I Results
2026-06-07 14:00:35.353305: I Precision	0.00251
2026-06-07 14:00:35.353305: I Recall	0.00852
2026-06-07 14:00:35.369409: I nDCG	0.00627
2026-06-07 14:00:35.385408: I MAP	0.00325
2026-06-07 14:00:35.401414: I MRR	0.00942
2026-06-07 14:00:35.417829: I Precision_u1	0.00049
2026-06-07 14:00:35.449838: I Recall_u1	0.00246
2026-06-07 14:00:35.480855: I nDCG_u1	0.00095
2026-06-07 14:00:35.510846: I MAP_u1	0.00017
2026-06-07 14:00:35.558436: I MRR_u1	0.00062
2026-06-07 14:00:37.936775: I 
2026-06-07 14:00:37.936775: I Test Evaluation results
2026-06-07 14:00:37.936775: I Cut-off: 20
2026-06-07 14:00:37.937762: I Eval Time: 2.670076847076416
2026-06-07 14:00:37.937762: I Results
2026-06-07 14:00:37.937762: I Precision	0.00204
2026-06-07 14:00:37.937762: I Recall	0.0138
2026-06-07 14:00:37.937762: I nDCG	0.00804
2026-06-07 14:00:37.938763: I MAP	0.00273
2026-06-07 14:00:37.938763: I MRR	0.01037
2026-06-07 14:00:37.938763: I Precision_u1	0.00025
2026-06-07 14:00:37.939762: I Recall_u1	0.00246
2026-06-07 14:00:37.939762: I nDCG_u1	0.00095
2026-06-07 14:00:37.939762: I MAP_u1	0.00025
2026-06-07 14:00:37.939762: I MRR_u1	0.00062
2026-06-07 14:00:41.332528: I Training ended for ItemKNN
2026-06-07 14:00:41.332528: I Loss:\t-0.0025073491267508215
2026-06-07 14:00:41.333629: I Best Model params:\t{'meta': namespace(save_recs=True), 'neighbors': 40, 'similarity': 'cosine', 'name': 'ItemKNN_nn=40_sim=cosine_imp=standard_bin=False_shrink=0_norm=True_asymalpha=_tvalpha=_tvbeta=_rweights='}
2026-06-07 14:00:41.333629: I Best Model results:\t{10: {'Precision': np.float64(0.0025073491267508215), 'Recall': np.float64(0.008519016332207028), 'nDCG': np.float64(0.006273527035398167), 'MAP': np.float64(0.003250844115385505), 'MRR': np.float64(0.009424821285941317), 'Precision_u1': np.float64(0.0004926108374384237), 'Recall_u1': np.float64(0.0024630541871921183), 'nDCG_u1': np.float64(0.000952839426686063), 'MAP_u1': np.float64(0.0001655719759168035), 'MRR_u1': np.float64(0.0006157635467980296)}, 20: {'Precision': np.float64(0.002044168869346113), 'Recall': np.float64(0.013798156384048917), 'nDCG': np.float64(0.008037452240445917), 'MAP': np.float64(0.0027316355805533316), 'MRR': np.float64(0.010374735190629404), 'Precision_u1': np.float64(0.00024630541871921186), 'Recall_u1': np.float64(0.0024630541871921183), 'nDCG_u1': np.float64(0.000952839426686063), 'MAP_u1': np.float64(0.0002475080084449604), 'MRR_u1': np.float64(0.0006157635467980296)}}
2026-06-07 14:00:41.377525: I End experiment
