2026-06-07 10:16:03.550165: I Start experiment
2026-06-07 10:16:03.934516: I D:\recsys-pipeline\data\processed\baby_product_k8_head_keep0.9\train.tsv - Loaded
2026-06-07 10:16:04.089297: I Test Fold 0
2026-06-07 10:42:53.989582: I Statistics	Users:	40481	Items:	14665	Transactions:	353149	Sparsity:	0.9994051264199215
2026-06-07 10:46:32.034035: I Training begun for ItemKNN\n
2026-06-07 10:46:32.034035: I Hyperparameters:
2026-06-07 10:46:32.035033: I meta set to namespace(save_recs=True)
2026-06-07 10:46:32.035033: I neighbors set to 40
2026-06-07 10:46:32.035033: I similarity set to cosine
2026-06-07 10:46:32.035033: I Exploration: Test Fold exploration number 1
2026-06-07 10:46:32.036033: I Exploration: Train-Validation Fold exploration number 1
2026-06-07 11:15:05.185057: I 
2026-06-07 11:15:05.213810: I Test Evaluation results
2026-06-07 11:15:05.229684: I Cut-off: 10
2026-06-07 11:15:05.264684: I Eval Time: 4.026411294937134
2026-06-07 11:15:05.292677: I Results
2026-06-07 11:15:05.324557: I Precision	0.00214
2026-06-07 11:15:05.339802: I Recall	0.00709
2026-06-07 11:15:05.371802: I nDCG	0.00557
2026-06-07 11:15:05.403423: I MAP	0.00297
2026-06-07 11:15:05.420428: I MRR	0.00854
2026-06-07 11:15:05.434338: I Precision_u1	0.0
2026-06-07 11:15:05.450324: I Recall_u1	0.0
2026-06-07 11:15:05.465923: I nDCG_u1	0.0
2026-06-07 11:15:05.483296: I MAP_u1	0.0
2026-06-07 11:15:05.513851: I MRR_u1	0.0
2026-06-07 11:15:11.605932: I 
2026-06-07 11:15:11.605932: I Test Evaluation results
2026-06-07 11:15:11.607413: I Cut-off: 20
2026-06-07 11:15:11.607413: I Eval Time: 6.429007530212402
2026-06-07 11:15:11.607413: I Results
2026-06-07 11:15:11.608438: I Precision	0.00163
2026-06-07 11:15:11.609432: I Recall	0.01083
2026-06-07 11:15:11.612431: I nDCG	0.0068
2026-06-07 11:15:11.614438: I MAP	0.00239
2026-06-07 11:15:11.618429: I MRR	0.00919
2026-06-07 11:15:11.621229: I Precision_u1	0.0
2026-06-07 11:15:11.623315: I Recall_u1	0.0
2026-06-07 11:15:11.629265: I nDCG_u1	0.0
2026-06-07 11:15:11.632268: I MAP_u1	0.0
2026-06-07 11:15:11.633263: I MRR_u1	0.0
2026-06-07 11:15:21.895600: I Training ended for ItemKNN
2026-06-07 11:15:21.896607: I Loss:\t-0.0021417455102393716
2026-06-07 11:15:21.899602: I Best Model params:\t{'meta': namespace(save_recs=True), 'neighbors': 40, 'similarity': 'cosine', 'name': 'ItemKNN_nn=40_sim=cosine_imp=standard_bin=False_shrink=0_norm=True_asymalpha=_tvalpha=_tvbeta=_rweights='}
2026-06-07 11:15:21.899602: I Best Model results:\t{10: {'Precision': np.float64(0.0021417455102393716), 'Recall': np.float64(0.007092628819955917), 'nDCG': np.float64(0.00556694152548015), 'MAP': np.float64(0.002970520561674436), 'MRR': np.float64(0.008543749507411472), 'Precision_u1': np.float64(0.0), 'Recall_u1': np.float64(0.0), 'nDCG_u1': np.float64(0.0), 'MAP_u1': np.float64(0.0), 'MRR_u1': np.float64(0.0)}, 20: {'Precision': np.float64(0.0016316296534176526), 'Recall': np.float64(0.010829282241659523), 'nDCG': np.float64(0.00679681559452717), 'MAP': np.float64(0.0023910681433502215), 'MRR': np.float64(0.009192740128452965), 'Precision_u1': np.float64(0.0), 'Recall_u1': np.float64(0.0), 'nDCG_u1': np.float64(0.0), 'MAP_u1': np.float64(0.0), 'MRR_u1': np.float64(0.0)}}
2026-06-07 11:15:22.064288: I End experiment
