2026-06-07 08:08:30.111773: I Start experiment
2026-06-07 08:08:30.483949: I D:\recsys-pipeline\data\processed\baby_product_k8_head_keep0.3\train.tsv - Loaded
2026-06-07 08:08:30.588514: I Test Fold 0
2026-06-07 08:15:52.169046: I Statistics	Users:	40481	Items:	14665	Transactions:	117716	Sparsity:	0.999801709368135
2026-06-07 08:19:32.129535: I Training begun for ItemKNN\n
2026-06-07 08:19:32.130534: I Hyperparameters:
2026-06-07 08:19:32.130534: I meta set to namespace(save_recs=True)
2026-06-07 08:19:32.130534: I neighbors set to 40
2026-06-07 08:19:32.130534: I similarity set to cosine
2026-06-07 08:19:32.131533: I Exploration: Test Fold exploration number 1
2026-06-07 08:19:32.131533: I Exploration: Train-Validation Fold exploration number 1
2026-06-07 08:34:47.848275: I 
2026-06-07 08:34:47.879840: I Test Evaluation results
2026-06-07 08:34:47.927840: I Cut-off: 10
2026-06-07 08:34:47.943855: I Eval Time: 2.175753593444824
2026-06-07 08:34:47.959869: I Results
2026-06-07 08:34:47.959869: I Precision	0.00068
2026-06-07 08:34:47.959869: I Recall	0.00189
2026-06-07 08:34:47.960869: I nDCG	0.00141
2026-06-07 08:34:47.991397: I MAP	0.00081
2026-06-07 08:34:48.023399: I MRR	0.0023
2026-06-07 08:34:48.039382: I Precision_u1	0.0002
2026-06-07 08:34:48.054389: I Recall_u1	0.00086
2026-06-07 08:34:48.069900: I nDCG_u1	0.00048
2026-06-07 08:34:48.084899: I MAP_u1	0.00018
2026-06-07 08:34:48.100912: I MRR_u1	0.00051
2026-06-07 08:34:51.192543: I 
2026-06-07 08:34:51.192543: I Test Evaluation results
2026-06-07 08:34:51.193545: I Cut-off: 20
2026-06-07 08:34:51.197541: I Eval Time: 3.3652758598327637
2026-06-07 08:34:51.199544: I Results
2026-06-07 08:34:51.200544: I Precision	0.00061
2026-06-07 08:34:51.200544: I Recall	0.00352
2026-06-07 08:34:51.201543: I nDCG	0.00196
2026-06-07 08:34:51.201543: I MAP	0.00073
2026-06-07 08:34:51.202544: I MRR	0.00263
2026-06-07 08:34:51.203543: I Precision_u1	0.00026
2026-06-07 08:34:51.204541: I Recall_u1	0.00222
2026-06-07 08:34:51.207542: I nDCG_u1	0.00091
2026-06-07 08:34:51.208542: I MAP_u1	0.0002
2026-06-07 08:34:51.209541: I MRR_u1	0.00071
2026-06-07 08:34:54.582809: I Training ended for ItemKNN
2026-06-07 08:34:54.582809: I Loss:\t-0.0006842716336058893
2026-06-07 08:34:54.584807: I Best Model params:\t{'meta': namespace(save_recs=True), 'neighbors': 40, 'similarity': 'cosine', 'name': 'ItemKNN_nn=40_sim=cosine_imp=standard_bin=False_shrink=0_norm=True_asymalpha=_tvalpha=_tvbeta=_rweights='}
2026-06-07 08:34:54.584807: I Best Model results:\t{10: {'Precision': np.float64(0.0006842716336058893), 'Recall': np.float64(0.0018929667018282598), 'nDCG': np.float64(0.00141002541833848), 'MAP': np.float64(0.0008078089152543834), 'MRR': np.float64(0.0022954625391571125), 'Precision_u1': np.float64(0.0002025586353944563), 'Recall_u1': np.float64(0.0008564321250888413), 'nDCG_u1': np.float64(0.0004760934576955873), 'MAP_u1': np.float64(0.0001759527193962162), 'MRR_u1': np.float64(0.0005115578569736352)}, 20: {'Precision': np.float64(0.0006126330871272943), 'Recall': np.float64(0.0035170355848539183), 'nDCG': np.float64(0.001961264711070876), 'MAP': np.float64(0.0007289701649937098), 'MRR': np.float64(0.002634315047913049), 'Precision_u1': np.float64(0.000255863539445629), 'Recall_u1': np.float64(0.0022157071783937454), 'nDCG_u1': np.float64(0.0009063283724810924), 'MAP_u1': np.float64(0.00020320088954670635), 'MRR_u1': np.float64(0.0007136206163515437)}}
2026-06-07 08:34:54.648823: I End experiment
