2026-06-06 14:58:13.256666: I Start experiment
2026-06-06 14:58:13.848502: I D:\recsys-pipeline\data\processed\hm_k20_random_keep0.5\train.tsv - Loaded
2026-06-06 14:58:14.161147: I Test Fold 0
2026-06-06 15:24:59.975922: I Statistics	Users:	34327	Items:	11728	Transactions:	405458	Sparsity:	0.9989928687622783
2026-06-06 15:31:09.594037: I Training begun for ItemKNN\n
2026-06-06 15:31:09.595036: I Hyperparameters:
2026-06-06 15:31:09.595036: I meta set to namespace(save_recs=True)
2026-06-06 15:31:09.595036: I neighbors set to 40
2026-06-06 15:31:09.596037: I similarity set to cosine
2026-06-06 15:31:09.596037: I Exploration: Test Fold exploration number 1
2026-06-06 15:31:09.596037: I Exploration: Train-Validation Fold exploration number 1
2026-06-06 15:41:22.284154: I 
2026-06-06 15:41:22.315668: I Test Evaluation results
2026-06-06 15:41:22.330668: I Cut-off: 10
2026-06-06 15:41:22.346670: I Eval Time: 2.51910400390625
2026-06-06 15:41:22.347669: I Results
2026-06-06 15:41:22.377870: I Precision	0.01148
2026-06-06 15:41:22.409383: I Recall	0.01946
2026-06-06 15:41:22.425392: I nDCG	0.01977
2026-06-06 15:41:22.441280: I MAP	0.01643
2026-06-06 15:41:22.472279: I MRR	0.04625
2026-06-06 15:41:22.503865: I Precision_u1	nan
2026-06-06 15:41:22.535882: I Recall_u1	nan
2026-06-06 15:41:22.551867: I nDCG_u1	nan
2026-06-06 15:41:22.582895: I MAP_u1	nan
2026-06-06 15:41:22.598410: I MRR_u1	nan
2026-06-06 15:41:26.821102: I 
2026-06-06 15:41:26.821102: I Test Evaluation results
2026-06-06 15:41:26.821102: I Cut-off: 20
2026-06-06 15:41:26.821102: I Eval Time: 4.547063827514648
2026-06-06 15:41:26.822101: I Results
2026-06-06 15:41:26.822101: I Precision	0.00815
2026-06-06 15:41:26.822101: I Recall	0.02733
2026-06-06 15:41:26.822101: I nDCG	0.02318
2026-06-06 15:41:26.822101: I MAP	0.01291
2026-06-06 15:41:26.823101: I MRR	0.04885
2026-06-06 15:41:26.823101: I Precision_u1	nan
2026-06-06 15:41:26.823101: I Recall_u1	nan
2026-06-06 15:41:26.823101: I nDCG_u1	nan
2026-06-06 15:41:26.823101: I MAP_u1	nan
2026-06-06 15:41:26.824101: I MRR_u1	nan
2026-06-06 15:41:30.380030: I Training ended for ItemKNN
2026-06-06 15:41:30.380030: I Loss:\t-0.0114836717452734
2026-06-06 15:41:30.381747: I Best Model params:\t{'meta': namespace(save_recs=True), 'neighbors': 40, 'similarity': 'cosine', 'name': 'ItemKNN_nn=40_sim=cosine_imp=standard_bin=False_shrink=0_norm=True_asymalpha=_tvalpha=_tvbeta=_rweights='}
2026-06-06 15:41:30.381747: I Best Model results:\t{10: {'Precision': np.float64(0.0114836717452734), 'Recall': np.float64(0.019460784901225835), 'nDCG': np.float64(0.019765081092847126), 'MAP': np.float64(0.016428436174772874), 'MRR': np.float64(0.04624684581205687), 'Precision_u1': np.float64(nan), 'Recall_u1': np.float64(nan), 'nDCG_u1': np.float64(nan), 'MAP_u1': np.float64(nan), 'MRR_u1': np.float64(nan)}, 20: {'Precision': np.float64(0.008146648410871909), 'Recall': np.float64(0.02732736022691469), 'nDCG': np.float64(0.023177694628386102), 'MAP': np.float64(0.012914881981201472), 'MRR': np.float64(0.0488521510580864), 'Precision_u1': np.float64(nan), 'Recall_u1': np.float64(nan), 'nDCG_u1': np.float64(nan), 'MAP_u1': np.float64(nan), 'MRR_u1': np.float64(nan)}}
2026-06-06 15:41:30.448194: I End experiment
