2026-06-18 08:13:25.660199: I Start experiment
2026-06-18 08:13:26.079668: I D:\recsys-pipeline\data\processed\hm_tail_keep0.06\train.tsv - Loaded
2026-06-18 08:13:26.315598: I Test Fold 0 - Validation Fold 0
2026-06-18 08:19:47.457328: I Statistics	Users:	27491	Items:	4398	Transactions:	132803	Sparsity:	0.9989015959566013
2026-06-18 08:27:48.955466: I Training begun for ItemKNN\n
2026-06-18 08:27:48.956464: I Hyperparameters:
2026-06-18 08:27:48.956464: I meta set to namespace(save_recs=True)
2026-06-18 08:27:48.957464: I neighbors set to 40
2026-06-18 08:27:48.957464: I similarity set to cosine
2026-06-18 08:27:48.957464: I Exploration: Test Fold exploration number 1
2026-06-18 08:27:48.957464: I Exploration: Train-Validation Fold exploration number 1
2026-06-18 08:29:19.657685: I 
2026-06-18 08:29:19.673847: I Validation Evaluation results
2026-06-18 08:29:19.705153: I Cut-off: 10
2026-06-18 08:29:19.721152: I Eval Time: 1.2185475826263428
2026-06-18 08:29:19.753150: I Results
2026-06-18 08:29:19.785153: I Precision	0.02637
2026-06-18 08:29:19.801234: I Recall	0.2398
2026-06-18 08:29:19.817237: I nDCG	0.1422
2026-06-18 08:29:19.833241: I MAP	0.03901
2026-06-18 08:29:19.865236: I MRR	0.1165
2026-06-18 08:29:19.897059: I Precision_u1	0.0015
2026-06-18 08:29:19.913056: I Recall_u1	0.01499
2026-06-18 08:29:19.929161: I nDCG_u1	0.01109
2026-06-18 08:29:19.944155: I MAP_u1	0.00306
2026-06-18 08:29:19.959056: I MRR_u1	0.00989
2026-06-18 08:29:22.337016: I 
2026-06-18 08:29:22.353031: I Test Evaluation results
2026-06-18 08:29:22.385020: I Cut-off: 10
2026-06-18 08:29:22.400597: I Eval Time: 2.766869306564331
2026-06-18 08:29:22.400597: I Results
2026-06-18 08:29:22.431582: I Precision	0.00956
2026-06-18 08:29:22.462608: I Recall	0.00858
2026-06-18 08:29:22.493114: I nDCG	0.01146
2026-06-18 08:29:22.509135: I MAP	0.01248
2026-06-18 08:29:22.525119: I MRR	0.03395
2026-06-18 08:29:22.540134: I Precision_u1	0.00029
2026-06-18 08:29:22.556134: I Recall_u1	0.00032
2026-06-18 08:29:22.588126: I nDCG_u1	0.00041
2026-06-18 08:29:22.603642: I MAP_u1	0.00042
2026-06-18 08:29:22.619637: I MRR_u1	0.00141
2026-06-18 08:29:24.297297: I 
2026-06-18 08:29:24.329313: I Validation Evaluation results
2026-06-18 08:29:24.345300: I Cut-off: 20
2026-06-18 08:29:24.377299: I Eval Time: 1.9577195644378662
2026-06-18 08:29:24.392504: I Results
2026-06-18 08:29:24.392504: I Precision	0.01905
2026-06-18 08:29:24.424584: I Recall	0.34457
2026-06-18 08:29:24.439485: I nDCG	0.1692
2026-06-18 08:29:24.470589: I MAP	0.03035
2026-06-18 08:29:24.502104: I MRR	0.12389
2026-06-18 08:29:24.517212: I Precision_u1	0.00094
2026-06-18 08:29:24.549104: I Recall_u1	0.01884
2026-06-18 08:29:24.565199: I nDCG_u1	0.01204
2026-06-18 08:29:24.596849: I MAP_u1	0.00209
2026-06-18 08:29:24.628738: I MRR_u1	0.01014
2026-06-18 08:29:29.958785: I 
2026-06-18 08:29:29.973686: I Test Evaluation results
2026-06-18 08:29:30.003501: I Cut-off: 20
2026-06-18 08:29:30.035510: I Eval Time: 5.642004489898682
2026-06-18 08:29:30.067501: I Results
2026-06-18 08:29:30.099606: I Precision	0.00755
2026-06-18 08:29:30.131122: I Recall	0.01353
2026-06-18 08:29:30.146122: I nDCG	0.01319
2026-06-18 08:29:30.161222: I MAP	0.0104
2026-06-18 08:29:30.192324: I MRR	0.03698
2026-06-18 08:29:30.223934: I Precision_u1	0.00036
2026-06-18 08:29:30.239940: I Recall_u1	0.00077
2026-06-18 08:29:30.255938: I nDCG_u1	0.00065
2026-06-18 08:29:30.271937: I MAP_u1	0.00037
2026-06-18 08:29:30.287149: I MRR_u1	0.00167
2026-06-18 08:29:35.597611: I 
2026-06-18 08:29:35.629129: I Validation Evaluation results
2026-06-18 08:29:35.661128: I Cut-off: 50
2026-06-18 08:29:35.693176: I Eval Time: 5.637024641036987
2026-06-18 08:29:35.708669: I Results
2026-06-18 08:29:35.724670: I Precision	0.01218
2026-06-18 08:29:35.740669: I Recall	0.5473
2026-06-18 08:29:35.771669: I nDCG	0.21034
2026-06-18 08:29:35.801702: I MAP	0.02101
2026-06-18 08:29:35.817226: I MRR	0.13019
2026-06-18 08:29:35.833239: I Precision_u1	0.00051
2026-06-18 08:29:35.849239: I Recall_u1	0.02527
2026-06-18 08:29:35.881220: I nDCG_u1	0.01331
2026-06-18 08:29:35.912774: I MAP_u1	0.00123
2026-06-18 08:29:35.912774: I MRR_u1	0.01034
2026-06-18 08:29:59.362437: I 
2026-06-18 08:29:59.362437: I Test Evaluation results
2026-06-18 08:29:59.363438: I Cut-off: 50
2026-06-18 08:29:59.363438: I Eval Time: 23.779738187789917
2026-06-18 08:29:59.363438: I Results
2026-06-18 08:29:59.363438: I Precision	0.00526
2026-06-18 08:29:59.363438: I Recall	0.02352
2026-06-18 08:29:59.368435: I nDCG	0.01758
2026-06-18 08:29:59.372436: I MAP	0.00785
2026-06-18 08:29:59.373436: I MRR	0.03952
2026-06-18 08:29:59.374448: I Precision_u1	0.00027
2026-06-18 08:29:59.376442: I Recall_u1	0.00142
2026-06-18 08:29:59.376442: I nDCG_u1	0.00093
2026-06-18 08:29:59.377441: I MAP_u1	0.00035
2026-06-18 08:29:59.377441: I MRR_u1	0.00185
2026-06-18 08:30:02.027246: I Training ended for ItemKNN
2026-06-18 08:30:02.027246: I Loss:\t-0.026365048690841577
2026-06-18 08:30:02.027246: I Best Model params:\t{'meta': namespace(save_recs=True), 'neighbors': 40, 'similarity': 'cosine', 'name': 'ItemKNN_nn=40_sim=cosine_imp=standard_bin=False_shrink=0_norm=True_asymalpha=_tvalpha=_tvbeta=_rweights='}
2026-06-18 08:30:02.029243: I Best Model results:\t{10: {'Precision': np.float64(0.009555854643337821), 'Recall': np.float64(0.008577527302766777), 'nDCG': np.float64(0.011464400740930211), 'MAP': np.float64(0.012475924299612052), 'MRR': np.float64(0.03395290118035744), 'Precision_u1': np.float64(0.0002911208151382824), 'Recall_u1': np.float64(0.00031538088306647257), 'nDCG_u1': np.float64(0.0004080876398778554), 'MAP_u1': np.float64(0.00041606016496846185), 'MRR_u1': np.float64(0.001414246436080497)}, 20: {'Precision': np.float64(0.007546105998326725), 'Recall': np.float64(0.013533968722649196), 'nDCG': np.float64(0.013190931937576998), 'MAP': np.float64(0.01039621614056536), 'MRR': np.float64(0.036977717093836994), 'Precision_u1': np.float64(0.000363901018922853), 'Recall_u1': np.float64(0.0007681471424086373), 'nDCG_u1': np.float64(0.000647155087185854), 'MAP_u1': np.float64(0.00037262141546484564), 'MRR_u1': np.float64(0.0016674277180651646)}, 50: {'Precision': np.float64(0.005264268305991051), 'Recall': np.float64(0.02351796797132898), 'nDCG': np.float64(0.017582420591742007), 'MAP': np.float64(0.007853282661558101), 'MRR': np.float64(0.03952418382454793), 'Precision_u1': np.float64(0.0002678311499272198), 'Recall_u1': np.float64(0.001418637279798338), 'nDCG_u1': np.float64(0.0009296918390351114), 'MAP_u1': np.float64(0.0003466900553784207), 'MRR_u1': np.float64(0.001846141087516648)}}
2026-06-18 08:30:02.066131: I End experiment
