2026-06-14 00:17:19.706349: I Start experiment
2026-06-14 00:17:20.893381: I D:\recsys-pipeline\data\processed\hm_random_keep0.7\train.tsv - Loaded
2026-06-14 00:17:21.669683: I Test Fold 0
2026-06-14 01:56:50.338740: I Statistics	Users:	63657	Items:	11584	Transactions:	831025	Sparsity:	0.9988730377397268
2026-06-14 02:13:54.450682: I Training begun for ItemKNN\n
2026-06-14 02:13:54.451695: I Hyperparameters:
2026-06-14 02:13:54.451695: I meta set to namespace(save_recs=True)
2026-06-14 02:13:54.451695: I neighbors set to 40
2026-06-14 02:13:54.452693: I similarity set to cosine
2026-06-14 02:13:54.452693: I Exploration: Test Fold exploration number 1
2026-06-14 02:13:54.452693: I Exploration: Train-Validation Fold exploration number 1
2026-06-14 02:32:56.552089: I 
2026-06-14 02:32:56.584084: I Test Evaluation results
2026-06-14 02:32:56.599082: I Cut-off: 10
2026-06-14 02:32:56.631189: I Eval Time: 4.056891441345215
2026-06-14 02:32:56.646796: I Results
2026-06-14 02:32:56.677796: I Precision	0.02018
2026-06-14 02:32:56.692797: I Recall	0.04325
2026-06-14 02:32:56.707797: I nDCG	0.0393
2026-06-14 02:32:56.723827: I MAP	0.02802
2026-06-14 02:32:56.739399: I MRR	0.07633
2026-06-14 02:32:56.755384: I Precision_u1	nan
2026-06-14 02:32:56.771384: I Recall_u1	nan
2026-06-14 02:32:56.803384: I nDCG_u1	nan
2026-06-14 02:32:56.819388: I MAP_u1	nan
2026-06-14 02:32:56.850913: I MRR_u1	nan
2026-06-14 02:33:03.946247: I 
2026-06-14 02:33:03.978343: I Test Evaluation results
2026-06-14 02:33:04.010245: I Cut-off: 20
2026-06-14 02:33:04.025249: I Eval Time: 7.342524528503418
2026-06-14 02:33:04.040756: I Results
2026-06-14 02:33:04.072756: I Precision	0.01454
2026-06-14 02:33:04.103756: I Recall	0.06137
2026-06-14 02:33:04.119757: I nDCG	0.04674
2026-06-14 02:33:04.150319: I MAP	0.02235
2026-06-14 02:33:04.182329: I MRR	0.08051
2026-06-14 02:33:04.197312: I Precision_u1	nan
2026-06-14 02:33:04.227354: I Recall_u1	nan
2026-06-14 02:33:04.258436: I nDCG_u1	nan
2026-06-14 02:33:04.273436: I MAP_u1	nan
2026-06-14 02:33:04.304452: I MRR_u1	nan
2026-06-14 02:33:31.882565: I 
2026-06-14 02:33:31.882565: I Test Evaluation results
2026-06-14 02:33:31.883569: I Cut-off: 50
2026-06-14 02:33:31.883569: I Eval Time: 27.947831392288208
2026-06-14 02:33:31.883569: I Results
2026-06-14 02:33:31.883569: I Precision	0.00881
2026-06-14 02:33:31.884569: I Recall	0.09109
2026-06-14 02:33:31.889568: I nDCG	0.05661
2026-06-14 02:33:31.891567: I MAP	0.01554
2026-06-14 02:33:31.896570: I MRR	0.08342
2026-06-14 02:33:31.897571: I Precision_u1	nan
2026-06-14 02:33:31.902563: I Recall_u1	nan
2026-06-14 02:33:31.902563: I nDCG_u1	nan
2026-06-14 02:33:31.903566: I MAP_u1	nan
2026-06-14 02:33:31.904567: I MRR_u1	nan
2026-06-14 02:33:38.437825: I Training ended for ItemKNN
2026-06-14 02:33:38.437825: I Loss:\t-0.020184740091427497
2026-06-14 02:33:38.438832: I Best Model params:\t{'meta': namespace(save_recs=True), 'neighbors': 40, 'similarity': 'cosine', 'name': 'ItemKNN_nn=40_sim=cosine_imp=standard_bin=False_shrink=0_norm=True_asymalpha=_tvalpha=_tvbeta=_rweights='}
2026-06-14 02:33:38.439861: I Best Model results:\t{10: {'Precision': np.float64(0.020184740091427497), 'Recall': np.float64(0.043249424804366506), 'nDCG': np.float64(0.0392969170172017), 'MAP': np.float64(0.028023003866705268), 'MRR': np.float64(0.0763303815014546), 'Precision_u1': np.float64(nan), 'Recall_u1': np.float64(nan), 'nDCG_u1': np.float64(nan), 'MAP_u1': np.float64(nan), 'MRR_u1': np.float64(nan)}, 20: {'Precision': np.float64(0.014536500306329232), 'Recall': np.float64(0.0613665178585715), 'nDCG': np.float64(0.046738868199375797), 'MAP': np.float64(0.022347417526097597), 'MRR': np.float64(0.08051453178969561), 'Precision_u1': np.float64(nan), 'Recall_u1': np.float64(nan), 'nDCG_u1': np.float64(nan), 'MAP_u1': np.float64(nan), 'MRR_u1': np.float64(nan)}, 50: {'Precision': np.float64(0.008807201093359725), 'Recall': np.float64(0.09108914830540327), 'nDCG': np.float64(0.056606829079723565), 'MAP': np.float64(0.015537661537350344), 'MRR': np.float64(0.08341685520917706), 'Precision_u1': np.float64(nan), 'Recall_u1': np.float64(nan), 'nDCG_u1': np.float64(nan), 'MAP_u1': np.float64(nan), 'MRR_u1': np.float64(nan)}}
2026-06-14 02:33:38.583972: I End experiment
2026-06-19 02:02:03.509171: I Start experiment
2026-06-19 02:02:03.992768: I D:\recsys-pipeline\data\processed\hm_random_keep0.7\train.tsv - Loaded
2026-06-19 02:02:04.133313: I Test Fold 0
2026-06-19 02:13:00.712903: I Statistics	Users:	15618	Items:	9192	Transactions:	431321	Sparsity:	0.9969955486968519
2026-06-19 02:14:07.740091: I Training begun for ItemKNN\n
2026-06-19 02:14:07.741091: I Hyperparameters:
2026-06-19 02:14:07.741091: I meta set to namespace(save_recs=True)
2026-06-19 02:14:07.742091: I neighbors set to 40
2026-06-19 02:14:07.742091: I similarity set to cosine
2026-06-19 02:14:07.742091: I Exploration: Test Fold exploration number 1
2026-06-19 02:14:07.742091: I Exploration: Train-Validation Fold exploration number 1
2026-06-19 02:16:38.159990: I 
2026-06-19 02:16:38.175989: I Test Evaluation results
2026-06-19 02:16:38.207989: I Cut-off: 10
2026-06-19 02:16:38.239537: I Eval Time: 0.9390525817871094
2026-06-19 02:16:38.270555: I Results
2026-06-19 02:16:38.295557: I Precision	0.00603
2026-06-19 02:16:38.302538: I Recall	0.01211
2026-06-19 02:16:38.334135: I nDCG	0.01056
2026-06-19 02:16:38.350118: I MAP	0.0076
2026-06-19 02:16:38.382135: I MRR	0.02125
2026-06-19 02:16:38.398118: I Precision_u1	nan
2026-06-19 02:16:38.429693: I Recall_u1	nan
2026-06-19 02:16:38.444696: I nDCG_u1	nan
2026-06-19 02:16:38.460698: I MAP_u1	nan
2026-06-19 02:16:38.476693: I MRR_u1	nan
2026-06-19 02:16:40.126664: I 
2026-06-19 02:16:40.142191: I Test Evaluation results
2026-06-19 02:16:40.143195: I Cut-off: 20
2026-06-19 02:16:40.173288: I Eval Time: 1.9775583744049072
2026-06-19 02:16:40.204292: I Results
2026-06-19 02:16:40.220298: I Precision	0.005
2026-06-19 02:16:40.251710: I Recall	0.0198
2026-06-19 02:16:40.266811: I nDCG	0.01381
2026-06-19 02:16:40.282711: I MAP	0.0065
2026-06-19 02:16:40.297811: I MRR	0.02351
2026-06-19 02:16:40.313725: I Precision_u1	nan
2026-06-19 02:16:40.345343: I Recall_u1	nan
2026-06-19 02:16:40.361251: I nDCG_u1	nan
2026-06-19 02:16:40.393255: I MAP_u1	nan
2026-06-19 02:16:40.426795: I MRR_u1	nan
2026-06-19 02:16:47.415053: I 
2026-06-19 02:16:47.416038: I Test Evaluation results
2026-06-19 02:16:47.416038: I Cut-off: 50
2026-06-19 02:16:47.416038: I Eval Time: 7.307413816452026
2026-06-19 02:16:47.416038: I Results
2026-06-19 02:16:47.416038: I Precision	0.00374
2026-06-19 02:16:47.417040: I Recall	0.03641
2026-06-19 02:16:47.417040: I nDCG	0.0194
2026-06-19 02:16:47.417040: I MAP	0.00515
2026-06-19 02:16:47.417040: I MRR	0.02557
2026-06-19 02:16:47.417040: I Precision_u1	nan
2026-06-19 02:16:47.418041: I Recall_u1	nan
2026-06-19 02:16:47.421049: I nDCG_u1	nan
2026-06-19 02:16:47.424054: I MAP_u1	nan
2026-06-19 02:16:47.426053: I MRR_u1	nan
2026-06-19 02:16:48.991100: I Training ended for ItemKNN
2026-06-19 02:16:48.991994: I Loss:\t-0.006031502112946601
2026-06-19 02:16:48.992990: I Best Model params:\t{'meta': namespace(save_recs=True), 'neighbors': 40, 'similarity': 'cosine', 'name': 'ItemKNN_nn=40_sim=cosine_imp=standard_bin=False_shrink=0_norm=True_asymalpha=_tvalpha=_tvbeta=_rweights='}
2026-06-19 02:16:48.992990: I Best Model results:\t{10: {'Precision': np.float64(0.006031502112946601), 'Recall': np.float64(0.012111944974224924), 'nDCG': np.float64(0.010555075336072226), 'MAP': np.float64(0.007602809233139622), 'MRR': np.float64(0.021253381832521286), 'Precision_u1': np.float64(nan), 'Recall_u1': np.float64(nan), 'nDCG_u1': np.float64(nan), 'MAP_u1': np.float64(nan), 'MRR_u1': np.float64(nan)}, 20: {'Precision': np.float64(0.005000640286848508), 'Recall': np.float64(0.019798166538748177), 'nDCG': np.float64(0.013814686176141861), 'MAP': np.float64(0.006497112607127293), 'MRR': np.float64(0.02350948308251979), 'Precision_u1': np.float64(nan), 'Recall_u1': np.float64(nan), 'nDCG_u1': np.float64(nan), 'MAP_u1': np.float64(nan), 'MRR_u1': np.float64(nan)}, 50: {'Precision': np.float64(0.003744397490075554), 'Recall': np.float64(0.036410912510641845), 'nDCG': np.float64(0.019403342469892882), 'MAP': np.float64(0.005147119591263234), 'MRR': np.float64(0.025565287550144648), 'Precision_u1': np.float64(nan), 'Recall_u1': np.float64(nan), 'nDCG_u1': np.float64(nan), 'MAP_u1': np.float64(nan), 'MRR_u1': np.float64(nan)}}
2026-06-19 02:16:49.031097: I End experiment
2026-06-20 01:41:59.940583: I Start experiment
2026-06-20 01:42:00.378184: I D:\recsys-pipeline\data\processed\hm_random_keep0.7\train.tsv - Loaded
2026-06-20 01:42:00.907207: I Test Fold 0
2026-06-20 01:47:29.240553: W WARNING: Your Python version is lower than 3.8. Consequently, Custom class objects created in Side Information Namespace will be created swallowly!!!!
2026-06-20 01:52:55.130090: I Statistics	Users:	15618	Items:	9192	Transactions:	431321	Sparsity:	0.9969955486968519
2026-06-20 01:54:04.324952: I Training begun for VSM\n
2026-06-20 01:54:04.324952: I Hyperparameters:
2026-06-20 01:54:04.324952: I meta set to namespace(save_recs=True)
2026-06-20 01:54:04.325966: I similarity set to cosine
2026-06-20 01:54:04.347477: I Exploration: Test Fold exploration number 1
2026-06-20 01:54:04.347477: I Exploration: Train-Validation Fold exploration number 1
2026-06-20 01:57:26.175585: I 
2026-06-20 01:57:26.190585: I Test Evaluation results
2026-06-20 01:57:26.191585: I Cut-off: 10
2026-06-20 01:57:26.206584: I Eval Time: 1.009211778640747
2026-06-20 01:57:26.237047: I Results
2026-06-20 01:57:26.267048: I Precision	0.00355
2026-06-20 01:57:26.299049: I Recall	0.00704
2026-06-20 01:57:26.299049: I nDCG	0.00547
2026-06-20 01:57:26.299049: I MAP	0.00362
2026-06-20 01:57:26.315047: I MRR	0.01004
2026-06-20 01:57:26.347562: I Precision_u1	nan
2026-06-20 01:57:26.362562: I Recall_u1	nan
2026-06-20 01:57:26.377847: I nDCG_u1	nan
2026-06-20 01:57:26.409845: I MAP_u1	nan
2026-06-20 01:57:26.441367: I MRR_u1	nan
2026-06-20 01:57:28.182403: I 
2026-06-20 01:57:28.214403: I Test Evaluation results
2026-06-20 01:57:28.245920: I Cut-off: 20
2026-06-20 01:57:28.277920: I Eval Time: 2.0008184909820557
2026-06-20 01:57:28.308920: I Results
2026-06-20 01:57:28.324937: I Precision	0.00384
2026-06-20 01:57:28.356451: I Recall	0.01527
2026-06-20 01:57:28.388444: I nDCG	0.00891
2026-06-20 01:57:28.420444: I MAP	0.00366
2026-06-20 01:57:28.452985: I MRR	0.01241
2026-06-20 01:57:28.483963: I Precision_u1	nan
2026-06-20 01:57:28.514964: I Recall_u1	nan
2026-06-20 01:57:28.546485: I nDCG_u1	nan
2026-06-20 01:57:28.578484: I MAP_u1	nan
2026-06-20 01:57:28.594484: I MRR_u1	nan
2026-06-20 01:57:35.530504: I 
2026-06-20 01:57:35.530504: I Test Evaluation results
2026-06-20 01:57:35.530504: I Cut-off: 50
2026-06-20 01:57:35.530504: I Eval Time: 7.382116079330444
2026-06-20 01:57:35.530504: I Results
2026-06-20 01:57:35.531505: I Precision	0.00376
2026-06-20 01:57:35.531505: I Recall	0.03669
2026-06-20 01:57:35.532505: I nDCG	0.01609
2026-06-20 01:57:35.532505: I MAP	0.00378
2026-06-20 01:57:35.533505: I MRR	0.01504
2026-06-20 01:57:35.537503: I Precision_u1	nan
2026-06-20 01:57:35.539505: I Recall_u1	nan
2026-06-20 01:57:35.544017: I nDCG_u1	nan
2026-06-20 01:57:35.546017: I MAP_u1	nan
2026-06-20 01:57:35.550015: I MRR_u1	nan
2026-06-20 01:57:37.222596: I Training ended for VSM
2026-06-20 01:57:37.223697: I Loss:\t-0.0035471891407350496
2026-06-20 01:57:37.223697: I Best Model params:\t{'meta': namespace(save_recs=True), 'similarity': 'cosine', 'name': 'VSM_sim=cosine_up=tfidf_ip=tfidf_load=ItemAttributes'}
2026-06-20 01:57:37.224596: I Best Model results:\t{10: {'Precision': np.float64(0.0035471891407350496), 'Recall': np.float64(0.007044030832928259), 'nDCG': np.float64(0.005474044539094637), 'MAP': np.float64(0.0036202428211648346), 'MRR': np.float64(0.01003702992273872), 'Precision_u1': np.float64(nan), 'Recall_u1': np.float64(nan), 'nDCG_u1': np.float64(nan), 'MAP_u1': np.float64(nan), 'MRR_u1': np.float64(nan)}, 20: {'Precision': np.float64(0.0038385196568062495), 'Recall': np.float64(0.01527168148982722), 'nDCG': np.float64(0.00890933093270354), 'MAP': np.float64(0.0036605407683049846), 'MRR': np.float64(0.012407055810921793), 'Precision_u1': np.float64(nan), 'Recall_u1': np.float64(nan), 'nDCG_u1': np.float64(nan), 'MAP_u1': np.float64(nan), 'MRR_u1': np.float64(nan)}, 50: {'Precision': np.float64(0.003757203227045717), 'Recall': np.float64(0.03668626055328926), 'nDCG': np.float64(0.016087913932613072), 'MAP': np.float64(0.0037811135161411997), 'MRR': np.float64(0.015041370677488144), 'Precision_u1': np.float64(nan), 'Recall_u1': np.float64(nan), 'nDCG_u1': np.float64(nan), 'MAP_u1': np.float64(nan), 'MRR_u1': np.float64(nan)}}
2026-06-20 01:57:37.277177: I End experiment
