2026-06-07 00:14:29.918038: I Start experiment
2026-06-07 00:14:30.141518: I D:\recsys-pipeline\data\processed\baby_product_k8_random_keep0.3\train.tsv - Loaded
2026-06-07 00:14:30.255061: I Test Fold 0
2026-06-07 00:22:22.635184: I Statistics	Users:	40481	Items:	13809	Transactions:	117716	Sparsity:	0.9997894176177636
2026-06-07 00:25:59.811180: I Training begun for ItemKNN\n
2026-06-07 00:25:59.811180: I Hyperparameters:
2026-06-07 00:25:59.812180: I meta set to namespace(save_recs=True)
2026-06-07 00:25:59.812180: I neighbors set to 40
2026-06-07 00:25:59.812180: I similarity set to cosine
2026-06-07 00:25:59.813181: I Exploration: Test Fold exploration number 1
2026-06-07 00:25:59.813181: I Exploration: Train-Validation Fold exploration number 1
2026-06-07 00:39:19.255720: I 
2026-06-07 00:39:19.287720: I Test Evaluation results
2026-06-07 00:39:19.319298: I Cut-off: 10
2026-06-07 00:39:19.335184: I Eval Time: 2.125725746154785
2026-06-07 00:39:19.335184: I Results
2026-06-07 00:39:19.351202: I Precision	0.00042
2026-06-07 00:39:19.399237: I Recall	0.00131
2026-06-07 00:39:19.430734: I nDCG	0.00084
2026-06-07 00:39:19.446734: I MAP	0.00042
2026-06-07 00:39:19.462850: I MRR	0.0012
2026-06-07 00:39:19.478844: I Precision_u1	0.00025
2026-06-07 00:39:19.510361: I Recall_u1	0.00121
2026-06-07 00:39:19.542460: I nDCG_u1	0.00064
2026-06-07 00:39:19.574460: I MAP_u1	0.00022
2026-06-07 00:39:19.606558: I MRR_u1	0.00064
2026-06-07 00:39:22.333766: I 
2026-06-07 00:39:22.333766: I Test Evaluation results
2026-06-07 00:39:22.333766: I Cut-off: 20
2026-06-07 00:39:22.333766: I Eval Time: 3.089148998260498
2026-06-07 00:39:22.334768: I Results
2026-06-07 00:39:22.334768: I Precision	0.0004
2026-06-07 00:39:22.335767: I Recall	0.00245
2026-06-07 00:39:22.335767: I nDCG	0.00124
2026-06-07 00:39:22.336766: I MAP	0.00041
2026-06-07 00:39:22.337766: I MRR	0.00144
2026-06-07 00:39:22.338767: I Precision_u1	0.0002
2026-06-07 00:39:22.338767: I Recall_u1	0.00185
2026-06-07 00:39:22.342766: I nDCG_u1	0.00084
2026-06-07 00:39:22.342766: I MAP_u1	0.00022
2026-06-07 00:39:22.347769: I MRR_u1	0.00073
2026-06-07 00:39:25.817059: I Training ended for ItemKNN
2026-06-07 00:39:25.817059: I Loss:\t-0.0004150095106346187
2026-06-07 00:39:25.817059: I Best Model params:\t{'meta': namespace(save_recs=True), 'neighbors': 40, 'similarity': 'cosine', 'name': 'ItemKNN_nn=40_sim=cosine_imp=standard_bin=False_shrink=0_norm=True_asymalpha=_tvalpha=_tvbeta=_rweights='}
2026-06-07 00:39:25.819059: I Best Model results:\t{10: {'Precision': np.float64(0.0004150095106346187), 'Recall': np.float64(0.0013065485013570614), 'nDCG': np.float64(0.000842512316704603), 'MAP': np.float64(0.00041858163520177807), 'MRR': np.float64(0.001200769085085184), 'Precision_u1': np.float64(0.0002547770700636943), 'Recall_u1': np.float64(0.0012149091766926162), 'nDCG_u1': np.float64(0.0006375856984513844), 'MAP_u1': np.float64(0.0002203574517799571), 'MRR_u1': np.float64(0.0006372235140812635)}, 20: {'Precision': np.float64(0.0004014228897507473), 'Recall': np.float64(0.0024538805551256927), 'nDCG': np.float64(0.0012350479461409197), 'MAP': np.float64(0.0004104230805847522), 'MRR': np.float64(0.0014429003236465026), 'Precision_u1': np.float64(0.00019815994338287334), 'Recall_u1': np.float64(0.0018518518518518517), 'nDCG_u1': np.float64(0.0008395889120961589), 'MAP_u1': np.float64(0.00022035838384608866), 'MRR_u1': np.float64(0.0007328240058975666)}}
2026-06-07 00:39:25.868056: I End experiment
