2026-06-14 13:52:54.083464: I Start experiment
2026-06-14 13:52:54.601610: I D:\recsys-pipeline\data\processed\baby_product_random_keep0.6\train.tsv - Loaded
2026-06-14 13:52:55.072184: I Test Fold 0
2026-06-14 15:17:31.872689: I Statistics	Users:	116013	Items:	12532	Transactions:	413435	Sparsity:	0.999715632345362
2026-06-14 15:42:00.116546: I Training begun for ItemKNN\n
2026-06-14 15:42:00.117922: I Hyperparameters:
2026-06-14 15:42:00.118440: I meta set to namespace(save_recs=True)
2026-06-14 15:42:00.118440: I neighbors set to 40
2026-06-14 15:42:00.119451: I similarity set to cosine
2026-06-14 15:42:00.119451: I Exploration: Test Fold exploration number 1
2026-06-14 15:42:00.119451: I Exploration: Train-Validation Fold exploration number 1
2026-06-14 17:23:42.119536: I 
2026-06-14 17:23:42.135572: I Test Evaluation results
2026-06-14 17:23:42.151567: I Cut-off: 10
2026-06-14 17:23:42.183669: I Eval Time: 13.797642469406128
2026-06-14 17:23:42.215260: I Results
2026-06-14 17:23:42.231322: I Precision	0.00099
2026-06-14 17:23:42.263213: I Recall	0.00537
2026-06-14 17:23:42.295277: I nDCG	0.00354
2026-06-14 17:23:42.310037: I MAP	0.00137
2026-06-14 17:23:42.342036: I MRR	0.00407
2026-06-14 17:23:42.358150: I Precision_u1	0.00047
2026-06-14 17:23:42.374088: I Recall_u1	0.00363
2026-06-14 17:23:42.389218: I nDCG_u1	0.00244
2026-06-14 17:23:42.404967: I MAP_u1	0.00079
2026-06-14 17:23:42.419928: I MRR_u1	0.00234
2026-06-14 17:24:00.125568: I 
2026-06-14 17:24:00.156456: I Test Evaluation results
2026-06-14 17:24:00.188829: I Cut-off: 20
2026-06-14 17:24:00.217951: I Eval Time: 17.898608922958374
2026-06-14 17:24:00.248844: I Results
2026-06-14 17:24:00.280552: I Precision	0.00079
2026-06-14 17:24:00.296568: I Recall	0.00844
2026-06-14 17:24:00.344121: I nDCG	0.00445
2026-06-14 17:24:00.376241: I MAP	0.00111
2026-06-14 17:24:00.407233: I MRR	0.00444
2026-06-14 17:24:00.438954: I Precision_u1	0.00041
2026-06-14 17:24:00.454960: I Recall_u1	0.00616
2026-06-14 17:24:00.471038: I nDCG_u1	0.00313
2026-06-14 17:24:00.502385: I MAP_u1	0.00061
2026-06-14 17:24:00.518400: I MRR_u1	0.00257
2026-06-14 17:24:44.817675: I 
2026-06-14 17:24:44.818718: I Test Evaluation results
2026-06-14 17:24:44.818718: I Cut-off: 50
2026-06-14 17:24:44.819676: I Eval Time: 44.59642195701599
2026-06-14 17:24:44.819676: I Results
2026-06-14 17:24:44.820679: I Precision	0.0006
2026-06-14 17:24:44.820679: I Recall	0.01549
2026-06-14 17:24:44.821676: I nDCG	0.00611
2026-06-14 17:24:44.821676: I MAP	0.00085
2026-06-14 17:24:44.822677: I MRR	0.00484
2026-06-14 17:24:44.822677: I Precision_u1	0.00025
2026-06-14 17:24:44.823676: I Recall_u1	0.00887
2026-06-14 17:24:44.824680: I nDCG_u1	0.00375
2026-06-14 17:24:44.825676: I MAP_u1	0.00044
2026-06-14 17:24:44.826677: I MRR_u1	0.00272
2026-06-14 17:25:08.726982: I Training ended for ItemKNN
2026-06-14 17:25:08.726982: I Loss:\t-0.0009852344133847069
2026-06-14 17:25:08.731986: I Best Model params:\t{'meta': namespace(save_recs=True), 'neighbors': 40, 'similarity': 'cosine', 'name': 'ItemKNN_nn=40_sim=cosine_imp=standard_bin=False_shrink=0_norm=True_asymalpha=_tvalpha=_tvbeta=_rweights='}
2026-06-14 17:25:08.732987: I Best Model results:\t{10: {'Precision': np.float64(0.0009852344133847069), 'Recall': np.float64(0.005365014613509076), 'nDCG': np.float64(0.0035396122772546512), 'MAP': np.float64(0.0013701796418819513), 'MRR': np.float64(0.0040652053361835885), 'Precision_u1': np.float64(0.00046803793570636783), 'Recall_u1': np.float64(0.0036334523956152234), 'nDCG_u1': np.float64(0.0024419559313278707), 'MAP_u1': np.float64(0.0007880349249360212), 'MRR_u1': np.float64(0.002338625641988125)}, 20: {'Precision': np.float64(0.000793876548317861), 'Recall': np.float64(0.008439194315485564), 'nDCG': np.float64(0.004448388817057185), 'MAP': np.float64(0.0011143215192234472), 'MRR': np.float64(0.004444128584541321), 'Precision_u1': np.float64(0.00040645399679763524), 'Recall_u1': np.float64(0.00615839389087326), 'nDCG_u1': np.float64(0.003130771669417114), 'MAP_u1': np.float64(0.0006100879004539321), 'MRR_u1': np.float64(0.0025714712729167223)}, 50: {'Precision': np.float64(0.0006011395274667495), 'Recall': np.float64(0.015488848427494421), 'nDCG': np.float64(0.0061095982565551555), 'MAP': np.float64(0.0008477398073206981), 'MRR': np.float64(0.0048422599516765325), 'Precision_u1': np.float64(0.000251262470747629), 'Recall_u1': np.float64(0.008868087202857495), 'nDCG_u1': np.float64(0.003752335728348167), 'MAP_u1': np.float64(0.0004354679927500824), 'MRR_u1': np.float64(0.002718213390188387)}}
2026-06-14 17:25:09.324418: I End experiment
