2026-06-19 01:24:49.211282: I Start experiment
2026-06-19 01:24:49.445854: I D:\recsys-pipeline\data\processed\hm_head_keep0.1\train.tsv - Loaded
2026-06-19 01:24:49.501005: I Test Fold 0
2026-06-19 01:26:18.149732: I Statistics	Users:	15618	Items:	9171	Transactions:	54461	Sparsity:	0.9996197725214633
2026-06-19 01:27:25.320337: I Training begun for ItemKNN\n
2026-06-19 01:27:25.320337: I Hyperparameters:
2026-06-19 01:27:25.320337: I meta set to namespace(save_recs=True)
2026-06-19 01:27:25.321336: I neighbors set to 40
2026-06-19 01:27:25.321336: I similarity set to cosine
2026-06-19 01:27:25.321336: I Exploration: Test Fold exploration number 1
2026-06-19 01:27:25.322337: I Exploration: Train-Validation Fold exploration number 1
2026-06-19 01:29:53.321493: I 
2026-06-19 01:29:53.352168: I Test Evaluation results
2026-06-19 01:29:53.352168: I Cut-off: 10
2026-06-19 01:29:53.368102: I Eval Time: 1.0504388809204102
2026-06-19 01:29:53.398102: I Results
2026-06-19 01:29:53.414103: I Precision	0.00126
2026-06-19 01:29:53.444666: I Recall	0.00221
2026-06-19 01:29:53.476662: I nDCG	0.00192
2026-06-19 01:29:53.507661: I MAP	0.00145
2026-06-19 01:29:53.538213: I MRR	0.00425
2026-06-19 01:29:53.570216: I Precision_u1	0.00083
2026-06-19 01:29:53.601238: I Recall_u1	0.00181
2026-06-19 01:29:53.617225: I nDCG_u1	0.00146
2026-06-19 01:29:53.662778: I MAP_u1	0.00101
2026-06-19 01:29:53.678817: I MRR_u1	0.00284
2026-06-19 01:29:55.435500: I 
2026-06-19 01:29:55.467024: I Test Evaluation results
2026-06-19 01:29:55.499047: I Cut-off: 20
2026-06-19 01:29:55.531052: I Eval Time: 2.110003709793091
2026-06-19 01:29:55.546590: I Results
2026-06-19 01:29:55.546590: I Precision	0.00103
2026-06-19 01:29:55.562590: I Recall	0.00367
2026-06-19 01:29:55.578576: I nDCG	0.00253
2026-06-19 01:29:55.610568: I MAP	0.00128
2026-06-19 01:29:55.641193: I MRR	0.00477
2026-06-19 01:29:55.688303: I Precision_u1	0.00066
2026-06-19 01:29:55.704230: I Recall_u1	0.00281
2026-06-19 01:29:55.720289: I nDCG_u1	0.00188
2026-06-19 01:29:55.735306: I MAP_u1	0.00086
2026-06-19 01:29:55.766718: I MRR_u1	0.00313
2026-06-19 01:30:04.053906: I 
2026-06-19 01:30:04.054891: I Test Evaluation results
2026-06-19 01:30:04.054891: I Cut-off: 50
2026-06-19 01:30:04.054891: I Eval Time: 8.63840913772583
2026-06-19 01:30:04.055891: I Results
2026-06-19 01:30:04.055891: I Precision	0.00074
2026-06-19 01:30:04.057890: I Recall	0.00655
2026-06-19 01:30:04.058889: I nDCG	0.00351
2026-06-19 01:30:04.058889: I MAP	0.00102
2026-06-19 01:30:04.062889: I MRR	0.00525
2026-06-19 01:30:04.063890: I Precision_u1	0.00043
2026-06-19 01:30:04.064893: I Recall_u1	0.00463
2026-06-19 01:30:04.065891: I nDCG_u1	0.00247
2026-06-19 01:30:04.068890: I MAP_u1	0.00065
2026-06-19 01:30:04.070892: I MRR_u1	0.00339
2026-06-19 01:30:05.663441: I Training ended for ItemKNN
2026-06-19 01:30:05.663441: I Loss:\t-0.0012613650915610196
2026-06-19 01:30:05.663441: I Best Model params:\t{'meta': namespace(save_recs=True), 'neighbors': 40, 'similarity': 'cosine', 'name': 'ItemKNN_nn=40_sim=cosine_imp=standard_bin=False_shrink=0_norm=True_asymalpha=_tvalpha=_tvbeta=_rweights='}
2026-06-19 01:30:05.665455: I Best Model results:\t{10: {'Precision': np.float64(0.0012613650915610196), 'Recall': np.float64(0.002209681221520383), 'nDCG': np.float64(0.0019165347538834905), 'MAP': np.float64(0.0014536645750629616), 'MRR': np.float64(0.004250208855472013), 'Precision_u1': np.float64(0.0008278716798896173), 'Recall_u1': np.float64(0.0018109692997585374), 'nDCG_u1': np.float64(0.0014628221398998954), 'MAP_u1': np.float64(0.0010068742916276548), 'MRR_u1': np.float64(0.002835679517293867)}, 20: {'Precision': np.float64(0.0010340632603406325), 'Recall': np.float64(0.0036664052852565993), 'nDCG': np.float64(0.002526379924031882), 'MAP': np.float64(0.0012843903839204716), 'MRR': np.float64(0.004771386377020624), 'Precision_u1': np.float64(0.000655398413245947), 'Recall_u1': np.float64(0.0028088503424826294), 'nDCG_u1': np.float64(0.0018766160387723514), 'MAP_u1': np.float64(0.0008561916807307019), 'MRR_u1': np.float64(0.0031281767846073672)}, 50: {'Precision': np.float64(0.0007376104494813676), 'Recall': np.float64(0.006553360692211861), 'nDCG': np.float64(0.0035144666750475837), 'MAP': np.float64(0.0010238883352803704), 'MRR': np.float64(0.005251690837710615), 'Precision_u1': np.float64(0.00043463263194204905), 'Recall_u1': np.float64(0.004634603065096339), 'nDCG_u1': np.float64(0.0024692725141243262), 'MAP_u1': np.float64(0.0006489104304289796), 'MRR_u1': np.float64(0.0033899565779909133)}}
2026-06-19 01:30:05.677740: I End experiment
2026-06-20 00:37:48.295540: I Start experiment
2026-06-20 00:37:48.618753: I D:\recsys-pipeline\data\processed\hm_head_keep0.1\train.tsv - Loaded
2026-06-20 00:37:49.090977: I Test Fold 0
2026-06-20 00:38:47.873751: W WARNING: Your Python version is lower than 3.8. Consequently, Custom class objects created in Side Information Namespace will be created swallowly!!!!
2026-06-20 00:40:08.877048: I Statistics	Users:	15618	Items:	9171	Transactions:	54461	Sparsity:	0.9996197725214633
2026-06-20 01:02:02.526299: I Start experiment
2026-06-20 01:02:02.704433: I D:\recsys-pipeline\data\processed\hm_head_keep0.1\train.tsv - Loaded
2026-06-20 01:02:03.153147: I Test Fold 0
2026-06-20 01:02:48.305199: W WARNING: Your Python version is lower than 3.8. Consequently, Custom class objects created in Side Information Namespace will be created swallowly!!!!
2026-06-20 01:03:34.671531: I Statistics	Users:	15618	Items:	9171	Transactions:	54461	Sparsity:	0.9996197725214633
2026-06-20 01:04:44.781804: I Training begun for VSM\n
2026-06-20 01:04:44.781804: I Hyperparameters:
2026-06-20 01:04:44.781804: I meta set to namespace(save_recs=True)
2026-06-20 01:04:44.782806: I similarity set to cosine
2026-06-20 01:04:44.783807: I Exploration: Test Fold exploration number 1
2026-06-20 01:04:44.783807: I Exploration: Train-Validation Fold exploration number 1
2026-06-20 01:07:42.466311: I 
2026-06-20 01:07:42.482213: I Test Evaluation results
2026-06-20 01:07:42.514260: I Cut-off: 10
2026-06-20 01:07:42.530227: I Eval Time: 1.1148991584777832
2026-06-20 01:07:42.561751: I Results
2026-06-20 01:07:42.591749: I Precision	0.00315
2026-06-20 01:07:42.607163: I Recall	0.00592
2026-06-20 01:07:42.637788: I nDCG	0.00474
2026-06-20 01:07:42.653797: I MAP	0.00329
2026-06-20 01:07:42.685206: I MRR	0.00906
2026-06-20 01:07:42.716482: I Precision_u1	0.00169
2026-06-20 01:07:42.731906: I Recall_u1	0.00367
2026-06-20 01:07:42.763481: I nDCG_u1	0.00234
2026-06-20 01:07:42.779015: I MAP_u1	0.00123
2026-06-20 01:07:42.810362: I MRR_u1	0.00329
2026-06-20 01:07:44.780322: I 
2026-06-20 01:07:44.796395: I Test Evaluation results
2026-06-20 01:07:44.828527: I Cut-off: 20
2026-06-20 01:07:44.859677: I Eval Time: 2.3143246173858643
2026-06-20 01:07:44.891676: I Results
2026-06-20 01:07:44.923730: I Precision	0.00273
2026-06-20 01:07:44.955249: I Recall	0.01006
2026-06-20 01:07:44.986247: I nDCG	0.00655
2026-06-20 01:07:45.001499: I MAP	0.00312
2026-06-20 01:07:45.033508: I MRR	0.01037
2026-06-20 01:07:45.065024: I Precision_u1	0.00147
2026-06-20 01:07:45.097097: I Recall_u1	0.0064
2026-06-20 01:07:45.112116: I nDCG_u1	0.00347
2026-06-20 01:07:45.159683: I MAP_u1	0.00141
2026-06-20 01:07:45.191683: I MRR_u1	0.00402
2026-06-20 01:07:53.392155: I 
2026-06-20 01:07:53.392155: I Test Evaluation results
2026-06-20 01:07:53.395056: I Cut-off: 50
2026-06-20 01:07:53.395056: I Eval Time: 8.633820295333862
2026-06-20 01:07:53.399154: I Results
2026-06-20 01:07:53.400059: I Precision	0.002
2026-06-20 01:07:53.402054: I Recall	0.01837
2026-06-20 01:07:53.403060: I nDCG	0.00938
2026-06-20 01:07:53.404336: I MAP	0.00261
2026-06-20 01:07:53.406336: I MRR	0.01143
2026-06-20 01:07:53.407331: I Precision_u1	0.00115
2026-06-20 01:07:53.408330: I Recall_u1	0.01266
2026-06-20 01:07:53.409334: I nDCG_u1	0.00546
2026-06-20 01:07:53.410334: I MAP_u1	0.00133
2026-06-20 01:07:53.412334: I MRR_u1	0.00468
2026-06-20 01:07:55.055759: I Training ended for VSM
2026-06-20 01:07:55.055759: I Loss:\t-0.0031502112946600073
2026-06-20 01:07:55.064525: I Best Model params:\t{'meta': namespace(save_recs=True), 'similarity': 'cosine', 'name': 'VSM_sim=cosine_up=tfidf_ip=tfidf_load=ItemAttributes'}
2026-06-20 01:07:55.064525: I Best Model results:\t{10: {'Precision': np.float64(0.0031502112946600073), 'Recall': np.float64(0.005918431987643626), 'nDCG': np.float64(0.0047410027888579835), 'MAP': np.float64(0.003288581856100104), 'MRR': np.float64(0.009063031666758137), 'Precision_u1': np.float64(0.0016902380131079684), 'Recall_u1': np.float64(0.0036712166757009806), 'nDCG_u1': np.float64(0.0023385925193087497), 'MAP_u1': np.float64(0.0012310895382644262), 'MRR_u1': np.float64(0.0032890378181858002)}, 20: {'Precision': np.float64(0.002727621974644641), 'Recall': np.float64(0.01006122813634449), 'nDCG': np.float64(0.006551025696682098), 'MAP': np.float64(0.0031212180190585675), 'MRR': np.float64(0.010365333219291917), 'Precision_u1': np.float64(0.001466022766471197), 'Recall_u1': np.float64(0.0064024540481939585), 'nDCG_u1': np.float64(0.0034679924076012236), 'MAP_u1': np.float64(0.001414732067793682), 'MRR_u1': np.float64(0.004023426051799773)}, 50: {'Precision': np.float64(0.0020015366884364194), 'Recall': np.float64(0.018366930435157063), 'nDCG': np.float64(0.009376499631686588), 'MAP': np.float64(0.002607904067982587), 'MRR': np.float64(0.011430344484428086), 'Precision_u1': np.float64(0.0011452224905139704), 'Recall_u1': np.float64(0.01265789516910593), 'nDCG_u1': np.float64(0.005459253370074429), 'MAP_u1': np.float64(0.0013252387888116619), 'MRR_u1': np.float64(0.004683492420162316)}}
2026-06-20 01:07:55.115594: I End experiment
