2026-06-06 02:02:16.502724: I Start experiment
2026-06-06 02:02:16.989901: I D:\recsys-pipeline\data\processed\hm_k20_tail_keep0.3\train.tsv - Loaded
2026-06-06 02:02:17.169212: I Test Fold 0
2026-06-06 02:27:17.349145: I Statistics	Users:	34327	Items:	7751	Transactions:	243275	Sparsity:	0.9990856680531651
2026-06-06 02:38:41.213038: I Training begun for ItemKNN\n
2026-06-06 02:38:41.213038: I Hyperparameters:
2026-06-06 02:38:41.214035: I meta set to namespace(save_recs=True)
2026-06-06 02:38:41.215037: I neighbors set to 40
2026-06-06 02:38:41.216035: I similarity set to cosine
2026-06-06 02:38:41.216035: I Exploration: Test Fold exploration number 1
2026-06-06 02:38:41.217038: I Exploration: Train-Validation Fold exploration number 1
2026-06-06 02:47:57.148985: I 
2026-06-06 02:47:57.164991: I Test Evaluation results
2026-06-06 02:47:57.164991: I Cut-off: 10
2026-06-06 02:47:57.196504: I Eval Time: 2.307821273803711
2026-06-06 02:47:57.228505: I Results
2026-06-06 02:47:57.244501: I Precision	0.01341
2026-06-06 02:47:57.276525: I Recall	0.02234
2026-06-06 02:47:57.307002: I nDCG	0.02463
2026-06-06 02:47:57.322002: I MAP	0.02143
2026-06-06 02:47:57.338114: I MRR	0.05966
2026-06-06 02:47:57.353115: I Precision_u1	0.00082
2026-06-06 02:47:57.369137: I Recall_u1	0.00158
2026-06-06 02:47:57.384637: I nDCG_u1	0.00251
2026-06-06 02:47:57.399636: I MAP_u1	0.00223
2026-06-06 02:47:57.415639: I MRR_u1	0.00735
2026-06-06 02:48:01.668573: I 
2026-06-06 02:48:01.669571: I Test Evaluation results
2026-06-06 02:48:01.669571: I Cut-off: 20
2026-06-06 02:48:01.669571: I Eval Time: 4.542479038238525
2026-06-06 02:48:01.669571: I Results
2026-06-06 02:48:01.669571: I Precision	0.00874
2026-06-06 02:48:01.669571: I Recall	0.02879
2026-06-06 02:48:01.670571: I nDCG	0.02738
2026-06-06 02:48:01.671571: I MAP	0.01595
2026-06-06 02:48:01.671571: I MRR	0.0616
2026-06-06 02:48:01.671571: I Precision_u1	0.00065
2026-06-06 02:48:01.672571: I Recall_u1	0.00251
2026-06-06 02:48:01.672571: I nDCG_u1	0.00289
2026-06-06 02:48:01.673570: I MAP_u1	0.00143
2026-06-06 02:48:01.677571: I MRR_u1	0.00763
2026-06-06 02:48:04.996604: I Training ended for ItemKNN
2026-06-06 02:48:04.996604: I Loss:\t-0.01340635651236636
2026-06-06 02:48:04.998616: I Best Model params:\t{'meta': namespace(save_recs=True), 'neighbors': 40, 'similarity': 'cosine', 'name': 'ItemKNN_nn=40_sim=cosine_imp=standard_bin=False_shrink=0_norm=True_asymalpha=_tvalpha=_tvbeta=_rweights='}
2026-06-06 02:48:04.998616: I Best Model results:\t{10: {'Precision': np.float64(0.01340635651236636), 'Recall': np.float64(0.022336914678223636), 'nDCG': np.float64(0.024627969193200705), 'MAP': np.float64(0.02143341050891958), 'MRR': np.float64(0.05966269321062923), 'Precision_u1': np.float64(0.0008169934640522876), 'Recall_u1': np.float64(0.001579520697167756), 'nDCG_u1': np.float64(0.0025066491732911593), 'MAP_u1': np.float64(0.0022295492270982464), 'MRR_u1': np.float64(0.007352941176470588)}, 20: {'Precision': np.float64(0.008735106475951875), 'Recall': np.float64(0.028789225987056202), 'nDCG': np.float64(0.027375959309389915), 'MAP': np.float64(0.015950355953515898), 'MRR': np.float64(0.06160290748157704), 'Precision_u1': np.float64(0.0006535947712418301), 'Recall_u1': np.float64(0.0025054466230936823), 'nDCG_u1': np.float64(0.002886713173155402), 'MAP_u1': np.float64(0.0014330178737087013), 'MRR_u1': np.float64(0.007633872262355233)}}
2026-06-06 02:48:05.041601: I End experiment
