2026-06-06 23:29:00.947517: I Start experiment
2026-06-06 23:29:01.454451: I D:\recsys-pipeline\data\processed\baby_product_k8_dedup_base_split\train.tsv - Loaded
2026-06-06 23:29:01.623222: I Test Fold 0
2026-06-06 23:54:11.304426: I Statistics	Users:	40481	Items:	14665	Transactions:	392388	Sparsity:	0.9993390289811387
2026-06-06 23:58:06.562944: I Training begun for ItemKNN\n
2026-06-06 23:58:06.563937: I Hyperparameters:
2026-06-06 23:58:06.563937: I meta set to namespace(save_recs=True)
2026-06-06 23:58:06.563937: I neighbors set to 40
2026-06-06 23:58:06.563937: I similarity set to cosine
2026-06-06 23:58:06.564936: I Exploration: Test Fold exploration number 1
2026-06-06 23:58:06.564936: I Exploration: Train-Validation Fold exploration number 1
2026-06-07 00:13:26.907827: I 
2026-06-07 00:13:26.923827: I Test Evaluation results
2026-06-07 00:13:26.939827: I Cut-off: 10
2026-06-07 00:13:26.955828: I Eval Time: 1.788282871246338
2026-06-07 00:13:26.987833: I Results
2026-06-07 00:13:27.003344: I Precision	0.0034
2026-06-07 00:13:27.003344: I Recall	0.01179
2026-06-07 00:13:27.034344: I nDCG	0.00894
2026-06-07 00:13:27.034344: I MAP	0.00463
2026-06-07 00:13:27.050360: I MRR	0.01331
2026-06-07 00:13:27.066344: I Precision_u1	nan
2026-06-07 00:13:27.097357: I Recall_u1	nan
2026-06-07 00:13:27.127924: I nDCG_u1	nan
2026-06-07 00:13:27.143939: I MAP_u1	nan
2026-06-07 00:13:27.175922: I MRR_u1	nan
2026-06-07 00:13:29.594995: I 
2026-06-07 00:13:29.595980: I Test Evaluation results
2026-06-07 00:13:29.595980: I Cut-off: 20
2026-06-07 00:13:29.596981: I Eval Time: 2.694669008255005
2026-06-07 00:13:29.610487: I Results
2026-06-07 00:13:29.613488: I Precision	0.00263
2026-06-07 00:13:29.615486: I Recall	0.01812
2026-06-07 00:13:29.618487: I nDCG	0.01107
2026-06-07 00:13:29.619485: I MAP	0.00378
2026-06-07 00:13:29.620485: I MRR	0.01443
2026-06-07 00:13:29.620485: I Precision_u1	nan
2026-06-07 00:13:29.621485: I Recall_u1	nan
2026-06-07 00:13:29.621485: I nDCG_u1	nan
2026-06-07 00:13:29.622485: I MAP_u1	nan
2026-06-07 00:13:29.622485: I MRR_u1	nan
2026-06-07 00:13:33.112534: I Training ended for ItemKNN
2026-06-07 00:13:33.112534: I Loss:\t-0.0033991255156740198
2026-06-07 00:13:33.113535: I Best Model params:\t{'meta': namespace(save_recs=True), 'neighbors': 40, 'similarity': 'cosine', 'name': 'ItemKNN_nn=40_sim=cosine_imp=standard_bin=False_shrink=0_norm=True_asymalpha=_tvalpha=_tvbeta=_rweights='}
2026-06-07 00:13:33.114532: I Best Model results:\t{10: {'Precision': np.float64(0.0033991255156740198), 'Recall': np.float64(0.011793066732271006), 'nDCG': np.float64(0.00893962560602964), 'MAP': np.float64(0.004627642284073696), 'MRR': np.float64(0.013306526714668808), 'Precision_u1': np.float64(nan), 'Recall_u1': np.float64(nan), 'nDCG_u1': np.float64(nan), 'MAP_u1': np.float64(nan), 'MRR_u1': np.float64(nan)}, 20: {'Precision': np.float64(0.002628393567352585), 'Recall': np.float64(0.01812034930872993), 'nDCG': np.float64(0.011067229846166178), 'MAP': np.float64(0.0037814952505715767), 'MRR': np.float64(0.014429625395189027), 'Precision_u1': np.float64(nan), 'Recall_u1': np.float64(nan), 'nDCG_u1': np.float64(nan), 'MAP_u1': np.float64(nan), 'MRR_u1': np.float64(nan)}}
2026-06-07 00:13:33.177531: I End experiment
