2026-06-05 20:56:54.827489: I Start experiment
2026-06-05 20:56:55.253163: I D:\recsys-pipeline\data\processed\hm_k20_random_keep0.1\train.tsv - Loaded
2026-06-05 20:56:55.378583: I Test Fold 0
2026-06-05 21:02:10.070684: I Statistics	Users:	34327	Items:	10814	Transactions:	81092	Sparsity:	0.9997815481150514
2026-06-05 21:08:10.285821: I Training begun for ItemKNN\n
2026-06-05 21:08:10.285821: I Hyperparameters:
2026-06-05 21:08:10.286820: I meta set to namespace(save_recs=True)
2026-06-05 21:08:10.286820: I neighbors set to 40
2026-06-05 21:08:10.286820: I similarity set to cosine
2026-06-05 21:08:10.287818: I Exploration: Test Fold exploration number 1
2026-06-05 21:08:10.287818: I Exploration: Train-Validation Fold exploration number 1
2026-06-05 21:17:19.132129: I 
2026-06-05 21:17:19.148120: I Test Evaluation results
2026-06-05 21:17:19.164217: I Cut-off: 10
2026-06-05 21:17:19.179934: I Eval Time: 2.9054863452911377
2026-06-05 21:17:19.210930: I Results
2026-06-05 21:17:19.226932: I Precision	0.00086
2026-06-05 21:17:19.258939: I Recall	0.00135
2026-06-05 21:17:19.290654: I nDCG	0.00108
2026-06-05 21:17:19.305672: I MAP	0.00078
2026-06-05 21:17:19.337657: I MRR	0.00222
2026-06-05 21:17:19.369427: I Precision_u1	0.00075
2026-06-05 21:17:19.384331: I Recall_u1	0.0013
2026-06-05 21:17:19.415514: I nDCG_u1	0.00094
2026-06-05 21:17:19.447006: I MAP_u1	0.00061
2026-06-05 21:17:19.462955: I MRR_u1	0.00176
2026-06-05 21:17:24.963955: I 
2026-06-05 21:17:24.964977: I Test Evaluation results
2026-06-05 21:17:24.965965: I Cut-off: 20
2026-06-05 21:17:24.965965: I Eval Time: 5.843708753585815
2026-06-05 21:17:24.966964: I Results
2026-06-05 21:17:24.968960: I Precision	0.00089
2026-06-05 21:17:24.969965: I Recall	0.00281
2026-06-05 21:17:24.972959: I nDCG	0.00172
2026-06-05 21:17:24.973960: I MAP	0.00082
2026-06-05 21:17:24.973960: I MRR	0.00281
2026-06-05 21:17:24.974952: I Precision_u1	0.00075
2026-06-05 21:17:24.975956: I Recall_u1	0.00267
2026-06-05 21:17:24.976956: I nDCG_u1	0.00154
2026-06-05 21:17:24.980774: I MAP_u1	0.00068
2026-06-05 21:17:24.981782: I MRR_u1	0.00223
2026-06-05 21:17:28.295177: I Training ended for ItemKNN
2026-06-05 21:17:28.297175: I Loss:\t-0.0008622949864538119
2026-06-05 21:17:28.297175: I Best Model params:\t{'meta': namespace(save_recs=True), 'neighbors': 40, 'similarity': 'cosine', 'name': 'ItemKNN_nn=40_sim=cosine_imp=standard_bin=False_shrink=0_norm=True_asymalpha=_tvalpha=_tvbeta=_rweights='}
2026-06-05 21:17:28.297175: I Best Model results:\t{10: {'Precision': np.float64(0.0008622949864538119), 'Recall': np.float64(0.0013490232495677848), 'nDCG': np.float64(0.0010796425047825652), 'MAP': np.float64(0.0007833900012068801), 'MRR': np.float64(0.002221144815895304), 'Precision_u1': np.float64(0.000749453523472468), 'Recall_u1': np.float64(0.0013019306659360784), 'nDCG_u1': np.float64(0.0009437102341483451), 'MAP_u1': np.float64(0.0006147922893525059), 'MRR_u1': np.float64(0.0017603318347567335)}, 20: {'Precision': np.float64(0.0008870568357269787), 'Recall': np.float64(0.0028144434113836834), 'nDCG': np.float64(0.0017227552098125732), 'MAP': np.float64(0.0008228615952205282), 'MRR': np.float64(0.0028063586573196077), 'Precision_u1': np.float64(0.000749453523472468), 'Recall_u1': np.float64(0.0026658539175453927), 'nDCG_u1': np.float64(0.0015353432820884461), 'MAP_u1': np.float64(0.0006828486520222761), 'MRR_u1': np.float64(0.002226185821887775)}}
2026-06-05 21:17:28.351174: I End experiment
2026-06-06 14:03:55.202517: I Start experiment
2026-06-06 14:03:55.523160: I D:\recsys-pipeline\data\processed\hm_k20_random_keep0.1\train.tsv - Loaded
2026-06-06 14:03:55.647957: I Test Fold 0
2026-06-06 14:09:21.855519: I Statistics	Users:	34327	Items:	10814	Transactions:	81092	Sparsity:	0.9997815481150514
2026-06-06 14:15:30.709280: I Training begun for ItemKNN\n
2026-06-06 14:15:30.709280: I Hyperparameters:
2026-06-06 14:15:30.710279: I meta set to namespace(save_recs=True)
2026-06-06 14:15:30.710279: I neighbors set to 40
2026-06-06 14:15:30.710279: I similarity set to cosine
2026-06-06 14:15:30.711278: I Exploration: Test Fold exploration number 1
2026-06-06 14:15:30.711278: I Exploration: Train-Validation Fold exploration number 1
2026-06-06 14:24:48.774746: I 
2026-06-06 14:24:48.790757: I Test Evaluation results
2026-06-06 14:24:48.822594: I Cut-off: 10
2026-06-06 14:24:48.822594: I Eval Time: 2.871440887451172
2026-06-06 14:24:48.838551: I Results
2026-06-06 14:24:48.854544: I Precision	0.00086
2026-06-06 14:24:48.884726: I Recall	0.00135
2026-06-06 14:24:48.899846: I nDCG	0.00108
2026-06-06 14:24:48.930527: I MAP	0.00078
2026-06-06 14:24:48.961539: I MRR	0.00222
2026-06-06 14:24:48.977529: I Precision_u1	0.00075
2026-06-06 14:24:48.992530: I Recall_u1	0.0013
2026-06-06 14:24:49.023315: I nDCG_u1	0.00094
2026-06-06 14:24:49.055254: I MAP_u1	0.00061
2026-06-06 14:24:49.071266: I MRR_u1	0.00176
2026-06-06 14:24:54.717284: I 
2026-06-06 14:24:54.718222: I Test Evaluation results
2026-06-06 14:24:54.718222: I Cut-off: 20
2026-06-06 14:24:54.718222: I Eval Time: 5.955412864685059
2026-06-06 14:24:54.718222: I Results
2026-06-06 14:24:54.719216: I Precision	0.00089
2026-06-06 14:24:54.719216: I Recall	0.00281
2026-06-06 14:24:54.719216: I nDCG	0.00172
2026-06-06 14:24:54.719216: I MAP	0.00082
2026-06-06 14:24:54.719216: I MRR	0.00281
2026-06-06 14:24:54.719216: I Precision_u1	0.00075
2026-06-06 14:24:54.719216: I Recall_u1	0.00267
2026-06-06 14:24:54.719216: I nDCG_u1	0.00154
2026-06-06 14:24:54.719216: I MAP_u1	0.00068
2026-06-06 14:24:54.720198: I MRR_u1	0.00223
2026-06-06 14:24:58.042443: I Training ended for ItemKNN
2026-06-06 14:24:58.042443: I Loss:\t-0.0008622949864538119
2026-06-06 14:24:58.046406: I Best Model params:\t{'meta': namespace(save_recs=True), 'neighbors': 40, 'similarity': 'cosine', 'name': 'ItemKNN_nn=40_sim=cosine_imp=standard_bin=False_shrink=0_norm=True_asymalpha=_tvalpha=_tvbeta=_rweights='}
2026-06-06 14:24:58.046406: I Best Model results:\t{10: {'Precision': np.float64(0.0008622949864538119), 'Recall': np.float64(0.0013490232495677848), 'nDCG': np.float64(0.0010796425047825652), 'MAP': np.float64(0.0007833900012068801), 'MRR': np.float64(0.002221144815895304), 'Precision_u1': np.float64(0.000749453523472468), 'Recall_u1': np.float64(0.0013019306659360788), 'nDCG_u1': np.float64(0.0009437102341483451), 'MAP_u1': np.float64(0.0006147922893525059), 'MRR_u1': np.float64(0.0017603318347567335)}, 20: {'Precision': np.float64(0.0008870568357269787), 'Recall': np.float64(0.0028144434113836834), 'nDCG': np.float64(0.0017227552098125732), 'MAP': np.float64(0.0008228615952205282), 'MRR': np.float64(0.0028063586573196077), 'Precision_u1': np.float64(0.000749453523472468), 'Recall_u1': np.float64(0.0026658539175453922), 'nDCG_u1': np.float64(0.0015353432820884463), 'MAP_u1': np.float64(0.000682848652022276), 'MRR_u1': np.float64(0.002226185821887775)}}
2026-06-06 14:24:58.092446: I End experiment
