2026-06-18 03:51:45.123390: I Start experiment
2026-06-18 03:51:45.561213: I D:\recsys-pipeline\data\processed\hm_random_keep0.06\train.tsv - Loaded
2026-06-18 03:51:45.789831: I Test Fold 0 - Validation Fold 0
2026-06-18 03:58:01.557236: I Statistics	Users:	27491	Items:	13735	Transactions:	132770	Sparsity:	0.9996483741834721
2026-06-18 04:06:03.774754: I Training begun for ItemKNN\n
2026-06-18 04:06:03.775753: I Hyperparameters:
2026-06-18 04:06:03.775753: I meta set to namespace(save_recs=True)
2026-06-18 04:06:03.775753: I neighbors set to 40
2026-06-18 04:06:03.775753: I similarity set to cosine
2026-06-18 04:06:03.776753: I Exploration: Test Fold exploration number 1
2026-06-18 04:06:03.776753: I Exploration: Train-Validation Fold exploration number 1
2026-06-18 04:15:05.878972: I 
2026-06-18 04:15:05.894005: I Validation Evaluation results
2026-06-18 04:15:05.909987: I Cut-off: 10
2026-06-18 04:15:05.925979: I Eval Time: 1.2621479034423828
2026-06-18 04:15:05.925979: I Results
2026-06-18 04:15:05.926900: I Precision	0.00013
2026-06-18 04:15:05.956893: I Recall	0.00127
2026-06-18 04:15:05.987889: I nDCG	0.00059
2026-06-18 04:15:06.002888: I MAP	0.00014
2026-06-18 04:15:06.034867: I MRR	0.00039
2026-06-18 04:15:06.065680: I Precision_u1	6e-05
2026-06-18 04:15:06.096677: I Recall_u1	0.00064
2026-06-18 04:15:06.112678: I nDCG_u1	0.00064
2026-06-18 04:15:06.127686: I MAP_u1	0.00019
2026-06-18 04:15:06.159498: I MRR_u1	0.00064
2026-06-18 04:15:08.426692: I 
2026-06-18 04:15:08.442682: I Test Evaluation results
2026-06-18 04:15:08.458802: I Cut-off: 10
2026-06-18 04:15:08.490519: I Eval Time: 2.5377197265625
2026-06-18 04:15:08.506510: I Results
2026-06-18 04:15:08.507464: I Precision	0.00103
2026-06-18 04:15:08.538515: I Recall	0.0009
2026-06-18 04:15:08.569314: I nDCG	0.00115
2026-06-18 04:15:08.601314: I MAP	0.00118
2026-06-18 04:15:08.617333: I MRR	0.00346
2026-06-18 04:15:08.648421: I Precision_u1	0.00084
2026-06-18 04:15:08.679109: I Recall_u1	0.00085
2026-06-18 04:15:08.695114: I nDCG_u1	0.00109
2026-06-18 04:15:08.741121: I MAP_u1	0.00117
2026-06-18 04:15:08.756315: I MRR_u1	0.00368
2026-06-18 04:15:10.381166: I 
2026-06-18 04:15:10.412177: I Validation Evaluation results
2026-06-18 04:15:10.428175: I Cut-off: 20
2026-06-18 04:15:10.459288: I Eval Time: 1.954763412475586
2026-06-18 04:15:10.474995: I Results
2026-06-18 04:15:10.491015: I Precision	0.00011
2026-06-18 04:15:10.507085: I Recall	0.00219
2026-06-18 04:15:10.523162: I nDCG	0.00082
2026-06-18 04:15:10.523162: I MAP	0.00013
2026-06-18 04:15:10.523936: I MRR	0.00045
2026-06-18 04:15:10.555136: I Precision_u1	0.00013
2026-06-18 04:15:10.586803: I Recall_u1	0.00258
2026-06-18 04:15:10.617788: I nDCG_u1	0.00111
2026-06-18 04:15:10.648790: I MAP_u1	0.00014
2026-06-18 04:15:10.679624: I MRR_u1	0.00076
2026-06-18 04:15:15.917646: I 
2026-06-18 04:15:15.917646: I Test Evaluation results
2026-06-18 04:15:15.949646: I Cut-off: 20
2026-06-18 04:15:15.980676: I Eval Time: 5.520566463470459
2026-06-18 04:15:15.996617: I Results
2026-06-18 04:15:16.027620: I Precision	0.00087
2026-06-18 04:15:16.059619: I Recall	0.00154
2026-06-18 04:15:16.074724: I nDCG	0.00139
2026-06-18 04:15:16.105513: I MAP	0.00106
2026-06-18 04:15:16.137513: I MRR	0.00394
2026-06-18 04:15:16.168634: I Precision_u1	0.00066
2026-06-18 04:15:16.200409: I Recall_u1	0.00139
2026-06-18 04:15:16.216394: I nDCG_u1	0.00133
2026-06-18 04:15:16.247397: I MAP_u1	0.00092
2026-06-18 04:15:16.295223: I MRR_u1	0.00398
2026-06-18 04:15:21.498381: I 
2026-06-18 04:15:21.514129: I Validation Evaluation results
2026-06-18 04:15:21.545101: I Cut-off: 50
2026-06-18 04:15:21.561097: I Eval Time: 5.5957441329956055
2026-06-18 04:15:21.592013: I Results
2026-06-18 04:15:21.622650: I Precision	9e-05
2026-06-18 04:15:21.622650: I Recall	0.0044
2026-06-18 04:15:21.623653: I nDCG	0.00126
2026-06-18 04:15:21.638650: I MAP	0.00011
2026-06-18 04:15:21.654753: I MRR	0.00052
2026-06-18 04:15:21.686744: I Precision_u1	0.00014
2026-06-18 04:15:21.702450: I Recall_u1	0.00709
2026-06-18 04:15:21.734596: I nDCG_u1	0.00199
2026-06-18 04:15:21.750562: I MAP_u1	0.00014
2026-06-18 04:15:21.781560: I MRR_u1	0.0009
2026-06-18 04:15:44.782601: I 
2026-06-18 04:15:44.783585: I Test Evaluation results
2026-06-18 04:15:44.784587: I Cut-off: 50
2026-06-18 04:15:44.787580: I Eval Time: 23.28122115135193
2026-06-18 04:15:44.790581: I Results
2026-06-18 04:15:44.790581: I Precision	0.00069
2026-06-18 04:15:44.794585: I Recall	0.00308
2026-06-18 04:15:44.795590: I nDCG	0.00206
2026-06-18 04:15:44.795590: I MAP	0.00088
2026-06-18 04:15:44.796589: I MRR	0.00445
2026-06-18 04:15:44.796589: I Precision_u1	0.00044
2026-06-18 04:15:44.798584: I Recall_u1	0.00238
2026-06-18 04:15:44.799580: I nDCG_u1	0.00174
2026-06-18 04:15:44.799580: I MAP_u1	0.00068
2026-06-18 04:15:44.799580: I MRR_u1	0.00425
2026-06-18 04:15:47.656614: I Training ended for ItemKNN
2026-06-18 04:15:47.656614: I Loss:\t-0.00012898945971843444
2026-06-18 04:15:47.658615: I Best Model params:\t{'meta': namespace(save_recs=True), 'neighbors': 40, 'similarity': 'cosine', 'name': 'ItemKNN_nn=40_sim=cosine_imp=standard_bin=False_shrink=0_norm=True_asymalpha=_tvalpha=_tvbeta=_rweights='}
2026-06-18 04:15:47.658615: I Best Model results:\t{10: {'Precision': np.float64(0.0010294278127387145), 'Recall': np.float64(0.0009040515355822011), 'nDCG': np.float64(0.0011486236501157892), 'MAP': np.float64(0.0011805422034224188), 'MRR': np.float64(0.0034637165525456238), 'Precision_u1': np.float64(0.0008385744234800839), 'Recall_u1': np.float64(0.0008511477458018338), 'nDCG_u1': np.float64(0.0010893712139060639), 'MAP_u1': np.float64(0.0011651442547668963), 'MRR_u1': np.float64(0.00368332168646634)}, 20: {'Precision': np.float64(0.000871194209013859), 'Recall': np.float64(0.0015375827545229504), 'nDCG': np.float64(0.0013928002475840553), 'MAP': np.float64(0.0010589465720039412), 'MRR': np.float64(0.003937807449530904), 'Precision_u1': np.float64(0.0006551362683438155), 'Recall_u1': np.float64(0.0013865065751858204), 'nDCG_u1': np.float64(0.0013262561659474763), 'MAP_u1': np.float64(0.0009220410459804554), 'MRR_u1': np.float64(0.003975636928058214)}, 50: {'Precision': np.float64(0.0006933178131024698), 'Recall': np.float64(0.0030759941804296156), 'nDCG': np.float64(0.0020638092375226996), 'MAP': np.float64(0.0008799014644456913), 'MRR': np.float64(0.004452279193173554), 'Precision_u1': np.float64(0.00044025157232704406), 'Recall_u1': np.float64(0.0023800637401266336), 'nDCG_u1': np.float64(0.0017364407656326496), 'MAP_u1': np.float64(0.0006787931496375404), 'MRR_u1': np.float64(0.004246182790939152)}}
2026-06-18 04:15:47.706608: I End experiment
