2026-06-06 00:12:52.352776: I Start experiment
2026-06-06 00:12:53.103351: I D:\recsys-pipeline\data\processed\hm_k20_head_keep0.9\train.tsv - Loaded
2026-06-06 00:12:53.399592: I Test Fold 0
2026-06-06 00:57:42.579244: I Statistics	Users:	34327	Items:	11760	Transactions:	729824	Sparsity:	0.9981920976506663
2026-06-06 01:03:42.109516: I Training begun for ItemKNN\n
2026-06-06 01:03:42.109516: I Hyperparameters:
2026-06-06 01:03:42.110515: I meta set to namespace(save_recs=True)
2026-06-06 01:03:42.110515: I neighbors set to 40
2026-06-06 01:03:42.110515: I similarity set to cosine
2026-06-06 01:03:42.111514: I Exploration: Test Fold exploration number 1
2026-06-06 01:03:42.111514: I Exploration: Train-Validation Fold exploration number 1
2026-06-06 01:13:29.039857: I 
2026-06-06 01:13:29.071853: I Test Evaluation results
2026-06-06 01:13:29.103019: I Cut-off: 10
2026-06-06 01:13:29.134036: I Eval Time: 2.3098597526550293
2026-06-06 01:13:29.150019: I Results
2026-06-06 01:13:29.181024: I Precision	0.02343
2026-06-06 01:13:29.196558: I Recall	0.03984
2026-06-06 01:13:29.212557: I nDCG	0.03962
2026-06-06 01:13:29.228544: I MAP	0.03248
2026-06-06 01:13:29.243542: I MRR	0.08789
2026-06-06 01:13:29.275547: I Precision_u1	nan
2026-06-06 01:13:29.322079: I Recall_u1	nan
2026-06-06 01:13:29.353079: I nDCG_u1	nan
2026-06-06 01:13:29.369079: I MAP_u1	nan
2026-06-06 01:13:29.385102: I MRR_u1	nan
2026-06-06 01:13:33.405068: I 
2026-06-06 01:13:33.406060: I Test Evaluation results
2026-06-06 01:13:33.407060: I Cut-off: 20
2026-06-06 01:13:33.407060: I Eval Time: 4.37920355796814
2026-06-06 01:13:33.407060: I Results
2026-06-06 01:13:33.407060: I Precision	0.0174
2026-06-06 01:13:33.407060: I Recall	0.05856
2026-06-06 01:13:33.408059: I nDCG	0.0478
2026-06-06 01:13:33.409059: I MAP	0.02606
2026-06-06 01:13:33.409059: I MRR	0.09309
2026-06-06 01:13:33.410059: I Precision_u1	nan
2026-06-06 01:13:33.411057: I Recall_u1	nan
2026-06-06 01:13:33.412059: I nDCG_u1	nan
2026-06-06 01:13:33.413058: I MAP_u1	nan
2026-06-06 01:13:33.416061: I MRR_u1	nan
2026-06-06 01:13:36.861311: I Training ended for ItemKNN
2026-06-06 01:13:36.862354: I Loss:\t-0.02343053572989192
2026-06-06 01:13:36.862354: I Best Model params:\t{'meta': namespace(save_recs=True), 'neighbors': 40, 'similarity': 'cosine', 'name': 'ItemKNN_nn=40_sim=cosine_imp=standard_bin=False_shrink=0_norm=True_asymalpha=_tvalpha=_tvbeta=_rweights='}
2026-06-06 01:13:36.862354: I Best Model results:\t{10: {'Precision': np.float64(0.02343053572989192), 'Recall': np.float64(0.039837142145204174), 'nDCG': np.float64(0.03962261830129702), 'MAP': np.float64(0.03248291293678307), 'MRR': np.float64(0.08788980260343911), 'Precision_u1': np.float64(nan), 'Recall_u1': np.float64(nan), 'nDCG_u1': np.float64(nan), 'MAP_u1': np.float64(nan), 'MRR_u1': np.float64(nan)}, 20: {'Precision': np.float64(0.01739738398345326), 'Recall': np.float64(0.05855980580139952), 'nDCG': np.float64(0.047797686308690086), 'MAP': np.float64(0.02606487773380067), 'MRR': np.float64(0.09308580627150906), 'Precision_u1': np.float64(nan), 'Recall_u1': np.float64(nan), 'nDCG_u1': np.float64(nan), 'MAP_u1': np.float64(nan), 'MRR_u1': np.float64(nan)}}
2026-06-06 01:13:36.939207: I End experiment
